┏━━━━━━━━━━━━━━━━━━━━━━┳━━━━━━━━━━┳━━━━━━━━━━┳━━━━━━━━━━┳━━━━━━━━━━┳━━━━━━━━━━━┳━━━━━━━━━━┳━━━━━━━━━━━┳━━━━━━━━━━┳━━━━━━━━━━━┳━━━━━━━━━━┳━━━━━━━━━━━┳━━━━━━━━━━┓
┃                      ┃ Hold     ┃ Reg to   ┃          ┃          ┃ of which  ┃ Setup    ┃           ┃          ┃           ┃ of which ┃           ┃          ┃
┃                      ┃ Worst    ┃ Reg      ┃          ┃ Hold Vio ┃ reg to    ┃ Worst    ┃ Reg to    ┃ Setup    ┃ Setup Vio ┃ reg to   ┃ Max Cap   ┃ Max Slew ┃
┃ Corner/Group         ┃ Slack    ┃ Paths    ┃ Hold TNS ┃ Count    ┃ reg       ┃ Slack    ┃ Reg Paths ┃ TNS      ┃ Count     ┃ reg      ┃ Violatio… ┃ Violati… ┃
┡━━━━━━━━━━━━━━━━━━━━━━╇━━━━━━━━━━╇━━━━━━━━━━╇━━━━━━━━━━╇━━━━━━━━━━╇━━━━━━━━━━━╇━━━━━━━━━━╇━━━━━━━━━━━╇━━━━━━━━━━╇━━━━━━━━━━━╇━━━━━━━━━━╇━━━━━━━━━━━╇━━━━━━━━━━┩
│ Overall              │ 0.1096   │ 0.1096   │ 0.0000   │ 0        │ 0         │ 2.3808   │ 2.3808    │ 0.0000   │ 0         │ 0        │ 21        │ 818      │
│ nom_tt_025C_1v80     │ 0.3472   │ 0.3472   │ 0.0000   │ 0        │ 0         │ 9.7635   │ 9.7635    │ 0.0000   │ 0         │ 0        │ 18        │ 341      │
│ nom_ss_100C_1v60     │ 0.9756   │ 0.9756   │ 0.0000   │ 0        │ 0         │ 2.6771   │ 2.6771    │ 0.0000   │ 0         │ 0        │ 18        │ 419      │
│ nom_ff_n40C_1v95     │ 0.1264   │ 0.1264   │ 0.0000   │ 0        │ 0         │ 12.3201  │ 12.3201   │ 0.0000   │ 0         │ 0        │ 18        │ 339      │
│ min_tt_025C_1v80     │ 0.3815   │ 0.3815   │ 0.0000   │ 0        │ 0         │ 9.9422   │ 9.9422    │ 0.0000   │ 0         │ 0        │ 15        │ 340      │
│ min_ss_100C_1v60     │ 1.0321   │ 1.0321   │ 0.0000   │ 0        │ 0         │ 3.0610   │ 3.0610    │ 0.0000   │ 0         │ 0        │ 15        │ 351      │
│ min_ff_n40C_1v95     │ 0.1451   │ 0.1451   │ 0.0000   │ 0        │ 0         │ 12.4638  │ 12.4638   │ 0.0000   │ 0         │ 0        │ 15        │ 338      │
│ max_tt_025C_1v80     │ 0.3141   │ 0.3141   │ 0.0000   │ 0        │ 0         │ 9.6654   │ 9.6654    │ 0.0000   │ 0         │ 0        │ 20        │ 341      │
│ max_ss_100C_1v60     │ 0.9176   │ 0.9176   │ 0.0000   │ 0        │ 0         │ 2.3808   │ 2.3808    │ 0.0000   │ 0         │ 0        │ 20        │ 818      │
│ max_ff_n40C_1v95     │ 0.1096   │ 0.1096   │ 0.0000   │ 0        │ 0         │ 12.2289  │ 12.2289   │ 0.0000   │ 0         │ 0        │ 21        │ 340      │
└──────────────────────┴──────────┴──────────┴──────────┴──────────┴───────────┴──────────┴───────────┴──────────┴───────────┴──────────┴───────────┴──────────┘
