Clock: clk_i
Sources: clk_i 
Generated: no
Virtual: yes
Propagated: no
Period: 35.714283

===========================================================================
report_clock_properties
============================================================================
Clock                   Period          Waveform
----------------------------------------------------
clk_i                35.714283    0.000000 17.857141

===========================================================================
report_clock_latency
============================================================================
Clock clk_i
rise -> rise
    min     max
0.000000 0.000000 source latency
4.492157         network latency conv_accelerator_inst.u_conv_buf_ram.u_mem.u_mem.g_2k[1].u_cell.u_sram/clk1
        7.862413 network latency _129120_/CLK
---------------
4.492157 7.862413 latency
        3.370256 skew

fall -> fall
    min     max
0.000000 0.000000 source latency
4.306347         network latency conv_accelerator_inst.u_conv_buf_ram.u_mem.u_mem.g_2k[1].u_cell.u_sram/clk1
        7.289959 network latency _129120_/CLK
---------------
4.306347 7.289959 latency
        2.983612 skew



===========================================================================
report_clock_min_period
============================================================================
clk_i period_min = 32.43 fmax = 30.84
