
===========================================================================
 report_power
============================================================================
======================= nom_ss_100C_1v60 Corner ===================================

Group                    Internal    Switching      Leakage        Total
                            Power        Power        Power        Power (Watts)
------------------------------------------------------------------------
Sequential           8.008813e-03 1.299354e-06 1.560169e-04 8.166130e-03  21.3%
Combinational        1.243287e-05 1.462540e-05 8.724354e-04 8.994937e-04   2.3%
Clock                2.221818e-03 3.993288e-03 1.284479e-05 6.227951e-03  16.3%
Macro                2.272560e-02 0.000000e+00 2.576800e-04 2.298328e-02  60.0%
Pad                  0.000000e+00 0.000000e+00 0.000000e+00 0.000000e+00   0.0%
------------------------------------------------------------------------
Total                3.296869e-02 4.009213e-03 1.298732e-03 3.827664e-02 100.0%
                            86.1%        10.5%         3.4%

