
===========================================================================
 report_power
============================================================================
======================= nom_ss_100C_1v60 Corner ===================================

Group                    Internal    Switching      Leakage        Total
                            Power        Power        Power        Power (Watts)
------------------------------------------------------------------------
Sequential           8.008821e-03 1.295231e-06 1.560169e-04 8.166133e-03  21.3%
Combinational        1.248810e-05 1.461910e-05 8.722253e-04 8.993325e-04   2.3%
Clock                2.221877e-03 3.994429e-03 1.284443e-05 6.229150e-03  16.3%
Macro                2.272560e-02 0.000000e+00 2.576800e-04 2.298328e-02  60.0%
Pad                  0.000000e+00 0.000000e+00 0.000000e+00 0.000000e+00   0.0%
------------------------------------------------------------------------
Total                3.296879e-02 4.010342e-03 1.298525e-03 3.827766e-02 100.0%
                            86.1%        10.5%         3.4%

