┏━━━━━━━━━━━━━━━━━━━━━━┳━━━━━━━━━━┳━━━━━━━━━━┳━━━━━━━━━━┳━━━━━━━━━━┳━━━━━━━━━━━┳━━━━━━━━━━┳━━━━━━━━━━━┳━━━━━━━━━━┳━━━━━━━━━━━┳━━━━━━━━━━┳━━━━━━━━━━━┳━━━━━━━━━━┓
┃                      ┃ Hold     ┃ Reg to   ┃          ┃          ┃ of which  ┃ Setup    ┃           ┃          ┃           ┃ of which ┃           ┃          ┃
┃                      ┃ Worst    ┃ Reg      ┃          ┃ Hold Vio ┃ reg to    ┃ Worst    ┃ Reg to    ┃ Setup    ┃ Setup Vio ┃ reg to   ┃ Max Cap   ┃ Max Slew ┃
┃ Corner/Group         ┃ Slack    ┃ Paths    ┃ Hold TNS ┃ Count    ┃ reg       ┃ Slack    ┃ Reg Paths ┃ TNS      ┃ Count     ┃ reg      ┃ Violatio… ┃ Violati… ┃
┡━━━━━━━━━━━━━━━━━━━━━━╇━━━━━━━━━━╇━━━━━━━━━━╇━━━━━━━━━━╇━━━━━━━━━━╇━━━━━━━━━━━╇━━━━━━━━━━╇━━━━━━━━━━━╇━━━━━━━━━━╇━━━━━━━━━━━╇━━━━━━━━━━╇━━━━━━━━━━━╇━━━━━━━━━━┩
│ Overall              │ 0.1562   │ 0.1562   │ 0.0000   │ 0        │ 0         │ 5.2707   │ 5.2707    │ 0.0000   │ 0         │ 0        │ 615       │ 1100     │
│ nom_tt_025C_1v80     │ 0.3947   │ 0.3947   │ 0.0000   │ 0        │ 0         │ 12.4360  │ 12.4360   │ 0.0000   │ 0         │ 0        │ 166       │ 364      │
│ nom_ss_100C_1v60     │ 1.0560   │ 1.0560   │ 0.0000   │ 0        │ 0         │ 5.5149   │ 5.5149    │ 0.0000   │ 0         │ 0        │ 166       │ 571      │
│ nom_ff_n40C_1v95     │ 0.1614   │ 0.1614   │ 0.0000   │ 0        │ 0         │ 14.6466  │ 14.6466   │ 0.0000   │ 0         │ 0        │ 169       │ 357      │
│ min_tt_025C_1v80     │ 0.3873   │ 0.3873   │ 0.0000   │ 0        │ 0         │ 12.7142  │ 12.7142   │ 0.0000   │ 0         │ 0        │ 79        │ 355      │
│ min_ss_100C_1v60     │ 1.0429   │ 1.0429   │ 0.0000   │ 0        │ 0         │ 5.9411   │ 5.9411    │ 0.0000   │ 0         │ 0        │ 79        │ 459      │
│ min_ff_n40C_1v95     │ 0.1562   │ 0.1562   │ 0.0000   │ 0        │ 0         │ 14.9686  │ 14.9686   │ 0.0000   │ 0         │ 0        │ 80        │ 351      │
│ max_tt_025C_1v80     │ 0.4046   │ 0.4046   │ 0.0000   │ 0        │ 0         │ 12.1673  │ 12.1673   │ 0.0000   │ 0         │ 0        │ 611       │ 392      │
│ max_ss_100C_1v60     │ 1.0727   │ 1.0727   │ 0.0000   │ 0        │ 0         │ 5.2707   │ 5.2707    │ 0.0000   │ 0         │ 0        │ 606       │ 1100     │
│ max_ff_n40C_1v95     │ 0.1686   │ 0.1686   │ 0.0000   │ 0        │ 0         │ 14.4269  │ 14.4269   │ 0.0000   │ 0         │ 0        │ 615       │ 371      │
└──────────────────────┴──────────┴──────────┴──────────┴──────────┴───────────┴──────────┴───────────┴──────────┴───────────┴──────────┴───────────┴──────────┘
