┏━━━━━━━━━━━━━━━━━━━━━━┳━━━━━━━━━━┳━━━━━━━━━━┳━━━━━━━━━━┳━━━━━━━━━━┳━━━━━━━━━━━┳━━━━━━━━━━┳━━━━━━━━━━━┳━━━━━━━━━━┳━━━━━━━━━━━┳━━━━━━━━━━┳━━━━━━━━━━━┳━━━━━━━━━━┓
┃                      ┃ Hold     ┃ Reg to   ┃          ┃          ┃ of which  ┃ Setup    ┃           ┃          ┃           ┃ of which ┃           ┃          ┃
┃                      ┃ Worst    ┃ Reg      ┃          ┃ Hold Vio ┃ reg to    ┃ Worst    ┃ Reg to    ┃ Setup    ┃ Setup Vio ┃ reg to   ┃ Max Cap   ┃ Max Slew ┃
┃ Corner/Group         ┃ Slack    ┃ Paths    ┃ Hold TNS ┃ Count    ┃ reg       ┃ Slack    ┃ Reg Paths ┃ TNS      ┃ Count     ┃ reg      ┃ Violatio… ┃ Violati… ┃
┡━━━━━━━━━━━━━━━━━━━━━━╇━━━━━━━━━━╇━━━━━━━━━━╇━━━━━━━━━━╇━━━━━━━━━━╇━━━━━━━━━━━╇━━━━━━━━━━╇━━━━━━━━━━━╇━━━━━━━━━━╇━━━━━━━━━━━╇━━━━━━━━━━╇━━━━━━━━━━━╇━━━━━━━━━━┩
│ Overall              │ 0.0576   │ 0.0576   │ 0.0000   │ 0        │ 0         │ 6.4294   │ 6.4294    │ 0.0000   │ 0         │ 0        │ 594       │ 990      │
│ nom_tt_025C_1v80     │ 0.2380   │ 0.2380   │ 0.0000   │ 0        │ 0         │ 12.5675  │ 12.5675   │ 0.0000   │ 0         │ 0        │ 180       │ 358      │
│ nom_ss_100C_1v60     │ 0.7421   │ 0.7421   │ 0.0000   │ 0        │ 0         │ 6.5896   │ 6.5896    │ 0.0000   │ 0         │ 0        │ 178       │ 482      │
│ nom_ff_n40C_1v95     │ 0.0594   │ 0.0594   │ 0.0000   │ 0        │ 0         │ 14.8197  │ 14.8197   │ 0.0000   │ 0         │ 0        │ 182       │ 353      │
│ min_tt_025C_1v80     │ 0.2357   │ 0.2357   │ 0.0000   │ 0        │ 0         │ 12.7297  │ 12.7297   │ 0.0000   │ 0         │ 0        │ 100       │ 350      │
│ min_ss_100C_1v60     │ 0.7374   │ 0.7374   │ 0.0000   │ 0        │ 0         │ 6.9209   │ 6.9209    │ 0.0000   │ 0         │ 0        │ 101       │ 406      │
│ min_ff_n40C_1v95     │ 0.0576   │ 0.0576   │ 0.0000   │ 0        │ 0         │ 14.9734  │ 14.9734   │ 0.0000   │ 0         │ 0        │ 100       │ 348      │
│ max_tt_025C_1v80     │ 0.2406   │ 0.2406   │ 0.0000   │ 0        │ 0         │ 12.4507  │ 12.4507   │ 0.0000   │ 0         │ 0        │ 590       │ 371      │
│ max_ss_100C_1v60     │ 0.7470   │ 0.7470   │ 0.0000   │ 0        │ 0         │ 6.4294   │ 6.4294    │ 0.0000   │ 0         │ 0        │ 585       │ 990      │
│ max_ff_n40C_1v95     │ 0.0617   │ 0.0617   │ 0.0000   │ 0        │ 0         │ 14.6986  │ 14.6986   │ 0.0000   │ 0         │ 0        │ 594       │ 360      │
└──────────────────────┴──────────┴──────────┴──────────┴──────────┴───────────┴──────────┴───────────┴──────────┴───────────┴──────────┴───────────┴──────────┘
