
===========================================================================
Violator List
============================================================================
[hold reg-reg] _127310_/Q -> yz_bram_ctrl_inst.yz_ram.u_mem.u_mem.g_2k[3].u_cell.u_sram/csb0 : -0.034189
[hold reg-reg] _124091_/Q -> yz_bram_ctrl_inst.yz_ram.u_mem.u_mem.g_2k[2].u_cell.u_sram/csb1 : -0.010226
[setup reg-reg] _124800_/Q -> _124733_/D : -7.070476
[setup reg-reg] _124800_/Q -> _124722_/D : -7.059590
[setup reg-reg] _124800_/Q -> _124721_/D : -6.995936
[setup reg-reg] _124800_/Q -> _124720_/D : -6.994178
[setup reg-reg] _124800_/Q -> _119145_/D : -6.872305
[setup reg-reg] _124800_/Q -> _119154_/D : -6.865126
[setup reg-reg] _124800_/Q -> _119161_/D : -6.862418
[setup reg-reg] _124800_/Q -> _119158_/D : -6.859366
[setup reg-reg] _124800_/Q -> _119150_/D : -6.858457
[setup reg-reg] _124800_/Q -> _119134_/D : -6.857580
[setup reg-reg] _124800_/Q -> _119149_/D : -6.851078
[setup reg-reg] _124800_/Q -> _119133_/D : -6.845898
[setup reg-reg] _124800_/Q -> _124714_/D : -6.840615
[setup reg-reg] _124800_/Q -> _124723_/D : -6.725440
[setup reg-reg] _124800_/Q -> _124728_/D : -6.719390
[setup reg-reg] _124800_/Q -> _119173_/D : -6.713496
[setup reg-reg] _124800_/Q -> _119192_/D : -6.691014
[setup reg-reg] _124800_/Q -> _119113_/D : -6.686254
[setup reg-reg] _124800_/Q -> _119181_/D : -6.679681
[setup reg-reg] _124800_/Q -> _119165_/D : -6.678811
[setup reg-reg] _124800_/Q -> _119169_/D : -6.677784
[setup reg-reg] _124800_/Q -> _119189_/D : -6.676583
[setup reg-reg] _124800_/Q -> _119164_/D : -6.676157
[setup reg-reg] _124800_/Q -> _119166_/D : -6.667559
[setup reg-reg] _124800_/Q -> _124718_/D : -6.603745
[setup reg-reg] _124800_/Q -> _124737_/D : -6.595666
[setup reg-reg] _124800_/Q -> _124726_/D : -6.578862
[setup reg-reg] _124800_/Q -> _124724_/D : -6.537480
[setup reg-reg] _124800_/Q -> _124727_/D : -6.521646
[setup reg-reg] _124800_/Q -> _124719_/D : -6.500994
[setup reg-reg] _124800_/Q -> _124729_/D : -6.498251
[setup reg-reg] _124800_/Q -> _124725_/D : -6.496244
[setup reg-reg] _124800_/Q -> _124732_/D : -6.493352
[setup reg-reg] _124800_/Q -> _124712_/D : -6.446208
[setup reg-reg] _124800_/Q -> _124730_/D : -6.416716
[setup reg-reg] _124800_/Q -> _124710_/D : -6.412162
[setup reg-reg] _124800_/Q -> _124713_/D : -6.408175
[setup reg-reg] _124800_/Q -> _124709_/D : -6.407902
[setup reg-reg] _124800_/Q -> _119151_/D : -6.384198
[setup reg-reg] _124800_/Q -> _119146_/D : -6.380326
[setup reg-reg] _124800_/Q -> _119142_/D : -6.376734
[setup reg-reg] _124800_/Q -> _119135_/D : -6.370556
[setup reg-reg] _124800_/Q -> _119137_/D : -6.365955
[setup reg-reg] _124800_/Q -> _119112_/D : -6.356359
[setup reg-reg] _124800_/Q -> _119136_/D : -6.353144
[setup reg-reg] _124800_/Q -> _119138_/D : -6.349236
[setup reg-reg] _124800_/Q -> _124735_/D : -6.338748
[setup reg-reg] _124800_/Q -> _124736_/D : -6.332229
[setup reg-reg] _124800_/Q -> _124739_/D : -6.328211
[setup reg-reg] _124800_/Q -> _124744_/D : -6.326705
[setup reg-reg] _124800_/Q -> _124738_/D : -6.326449
[setup reg-reg] _124800_/Q -> _124745_/D : -6.322783
[setup reg-reg] _124800_/Q -> _124743_/D : -6.317492
[setup reg-reg] _124800_/Q -> _124742_/D : -6.316519
[setup reg-reg] _124800_/Q -> _124741_/D : -6.316420
[setup reg-reg] _124800_/Q -> _124762_/D : -6.314025
[setup reg-reg] _124800_/Q -> _124752_/D : -6.311414
[setup reg-reg] _124800_/Q -> _124841_/D : -6.308316
[setup reg-reg] _124800_/Q -> _124849_/D : -6.291096
[setup reg-reg] _124800_/Q -> _124867_/D : -6.288698
[setup reg-reg] _124800_/Q -> _124809_/D : -6.287874
[setup reg-reg] _124800_/Q -> _124850_/D : -6.286186
[setup reg-reg] _124800_/Q -> _124840_/D : -6.285227
[setup reg-reg] _124800_/Q -> _124844_/D : -6.283895
[setup reg-reg] _124800_/Q -> _124847_/D : -6.282289
[setup reg-reg] _124800_/Q -> _124846_/D : -6.279969
[setup reg-reg] _124800_/Q -> _124810_/D : -6.273773
[setup reg-reg] _124800_/Q -> _124843_/D : -6.273304
[setup reg-reg] _124800_/Q -> _124842_/D : -6.269413
[setup reg-reg] _124800_/Q -> _124839_/D : -6.268369
[setup reg-reg] _124800_/Q -> _124848_/D : -6.266650
[setup reg-reg] _124800_/Q -> _124851_/D : -6.262802
[setup reg-reg] _124800_/Q -> _124845_/D : -6.258084
[setup reg-reg] _124800_/Q -> _119167_/D : -6.243642
[setup reg-reg] _124800_/Q -> _119177_/D : -6.240800
[setup reg-reg] _124800_/Q -> _119176_/D : -6.238658
[setup reg-reg] _124800_/Q -> _119180_/D : -6.236711
[setup reg-reg] _124800_/Q -> _119185_/D : -6.235851
[setup reg-reg] _124800_/Q -> _119182_/D : -6.232771
[setup reg-reg] _124800_/Q -> _119168_/D : -6.229318
[setup reg-reg] _124800_/Q -> _119174_/D : -6.227030
[setup reg-reg] _124800_/Q -> _124812_/D : -6.181690
[setup reg-reg] _124800_/Q -> _124811_/D : -6.168684
[setup reg-reg] _124800_/Q -> _124817_/D : -6.165660
[setup reg-reg] _124800_/Q -> _124813_/D : -6.163852
[setup reg-reg] _124800_/Q -> _124716_/D : -6.161944
[setup reg-reg] _124800_/Q -> _124717_/D : -6.027431
[setup reg-reg] _124800_/Q -> _125908_/D : -6.016386
[setup reg-reg] _124800_/Q -> _125924_/D : -6.006943
[setup reg-reg] _124800_/Q -> _124711_/D : -5.978109
[setup reg-reg] _124800_/Q -> _125922_/D : -5.963667
[setup reg-reg] _124800_/Q -> _119144_/D : -5.945232
[setup reg-reg] _124800_/Q -> _124707_/D : -5.936951
[setup reg-reg] _124800_/Q -> _124731_/D : -5.930989
[setup reg-reg] _124800_/Q -> _124708_/D : -5.930680
[setup reg-reg] _124800_/Q -> _124715_/D : -5.930062
[setup reg-reg] _124800_/Q -> _119139_/D : -5.927717
[setup reg-reg] _124800_/Q -> _119140_/D : -5.924942
[setup reg-reg] _124800_/Q -> _124706_/D : -5.917297
[setup reg-reg] _124800_/Q -> _124704_/D : -5.917155
[setup reg-reg] _124800_/Q -> _124705_/D : -5.916299
[setup reg-reg] _124800_/Q -> _125923_/D : -5.912487
[setup reg-reg] _124800_/Q -> _124703_/D : -5.910614
[setup reg-reg] _124800_/Q -> _125904_/D : -5.886317
[setup reg-reg] _124800_/Q -> _125905_/D : -5.885223
[setup reg-reg] _124800_/Q -> _124764_/D : -5.882107
[setup reg-reg] _124800_/Q -> _124758_/D : -5.881464
[setup reg-reg] _124800_/Q -> _124749_/D : -5.879358
[setup reg-reg] _124800_/Q -> _124751_/D : -5.879166
[setup reg-reg] _124800_/Q -> _119152_/D : -5.876491
[setup reg-reg] _124800_/Q -> _124750_/D : -5.874025
[setup reg-reg] _124800_/Q -> _124747_/D : -5.873297
[setup reg-reg] _124800_/Q -> _124761_/D : -5.871534
[setup reg-reg] _124800_/Q -> _124748_/D : -5.871254
[setup reg-reg] _124800_/Q -> _124893_/D : -5.869339
[setup reg-reg] _124800_/Q -> _124892_/D : -5.862518
[setup reg-reg] _124800_/Q -> _124890_/D : -5.862507
[setup reg-reg] _124800_/Q -> _124891_/D : -5.858898
[setup reg-reg] _124800_/Q -> _124895_/D : -5.857036
[setup reg-reg] _124800_/Q -> _125903_/D : -5.835304
[setup reg-reg] _124800_/Q -> _124857_/D : -5.811195
[setup reg-reg] _124800_/Q -> _124864_/D : -5.808801
[setup reg-reg] _124800_/Q -> _125915_/D : -5.806438
[setup reg-reg] _124800_/Q -> _124863_/D : -5.804534
[setup reg-reg] _124800_/Q -> _124859_/D : -5.804161
[setup reg-reg] _124800_/Q -> _124885_/D : -5.789925
[setup reg-reg] _124800_/Q -> _124884_/D : -5.785257
[setup reg-reg] _124800_/Q -> _123613_/D : -5.764537
[setup reg-reg] _124800_/Q -> _119163_/D : -5.704717
[setup reg-reg] _124800_/Q -> _125961_/D : -5.694666
[setup reg-reg] _124800_/Q -> _119175_/D : -5.692460
[setup reg-reg] _124800_/Q -> _119172_/D : -5.691025
[setup reg-reg] _124800_/Q -> _119162_/D : -5.689451
[setup reg-reg] _124800_/Q -> _119170_/D : -5.686687
[setup reg-reg] _124800_/Q -> _119171_/D : -5.681898
[setup reg-reg] _124800_/Q -> _119178_/D : -5.678700
[setup reg-reg] _124800_/Q -> _125958_/D : -5.678629
[setup reg-reg] _124800_/Q -> _125954_/D : -5.676977
[setup reg-reg] _124800_/Q -> _119179_/D : -5.674753
[setup reg-reg] _124800_/Q -> _125953_/D : -5.672888
[setup reg-reg] _124800_/Q -> _125955_/D : -5.672512
[setup reg-reg] _124800_/Q -> _125956_/D : -5.672334
[setup reg-reg] _124800_/Q -> _125937_/D : -5.669989
[setup reg-reg] _124800_/Q -> _123614_/D : -5.667229
[setup reg-reg] _124800_/Q -> _123612_/D : -5.663306
[setup reg-reg] _124800_/Q -> _123611_/D : -5.662326
[setup reg-reg] _124800_/Q -> _123610_/D : -5.662312
[setup reg-reg] _124800_/Q -> _124766_/D : -5.626351
[setup reg-reg] _124800_/Q -> _123555_/D : -5.598125
[setup reg-reg] _124800_/Q -> _125913_/D : -5.574279
[setup reg-reg] _124800_/Q -> _125925_/D : -5.572144
[setup reg-reg] _124800_/Q -> _125912_/D : -5.563905
[setup reg-reg] _124800_/Q -> _125963_/D : -5.524015
[setup reg-reg] _124800_/Q -> _125951_/D : -5.517926
[setup reg-reg] _124800_/Q -> _125952_/D : -5.513446
[setup reg-reg] _124800_/Q -> _125927_/D : -5.485607
[setup reg-reg] _124800_/Q -> _125926_/D : -5.482310
[setup reg-reg] _124800_/Q -> _125909_/D : -5.477986
[setup reg-reg] _124800_/Q -> _124759_/D : -5.435844
[setup reg-reg] _124800_/Q -> _124754_/D : -5.431076
[setup reg-reg] _124800_/Q -> _123569_/D : -5.427900
[setup reg-reg] _124800_/Q -> _124763_/D : -5.422280
[setup reg-reg] _124800_/Q -> _119143_/D : -5.418503
[setup reg-reg] _124800_/Q -> _119141_/D : -5.412631
[setup reg-reg] _124800_/Q -> _119147_/D : -5.409543
[setup reg-reg] _124800_/Q -> _124765_/D : -5.407131
[setup reg-reg] _124800_/Q -> _119131_/D : -5.406470
[setup reg-reg] _124800_/Q -> _119132_/D : -5.397294
[setup reg-reg] _124800_/Q -> _125932_/D : -5.363226
[setup reg-reg] _124800_/Q -> _125929_/D : -5.354277
[setup reg-reg] _124800_/Q -> _125931_/D : -5.351666
[setup reg-reg] _124800_/Q -> _125933_/D : -5.350405
[setup reg-reg] _124800_/Q -> _124889_/D : -5.340965
[setup reg-reg] _124800_/Q -> _124888_/D : -5.339697
[setup reg-reg] _124800_/Q -> _124854_/D : -5.337760
[setup reg-reg] _124800_/Q -> _124862_/D : -5.335981
[setup reg-reg] _124800_/Q -> _124866_/D : -5.333110
[setup reg-reg] _124800_/Q -> _124865_/D : -5.333004
[setup reg-reg] _124800_/Q -> _124868_/D : -5.331938
[setup reg-reg] _124800_/Q -> _124858_/D : -5.325877
[setup reg-reg] _124800_/Q -> _124855_/D : -5.319638
[setup reg-reg] _124800_/Q -> _124852_/D : -5.314170
[setup reg-reg] _124800_/Q -> _124870_/D : -5.313993
[setup reg-reg] _124800_/Q -> _124856_/D : -5.310941
[setup reg-reg] _124800_/Q -> _125930_/D : -5.308859
[setup reg-reg] _124800_/Q -> _124875_/D : -5.306472
[setup reg-reg] _124800_/Q -> _124874_/D : -5.302837
[setup reg-reg] _124800_/Q -> _124853_/D : -5.301416
[setup reg-reg] _124800_/Q -> _123558_/D : -5.297689
[setup reg-reg] _124800_/Q -> _124886_/D : -5.285273
[setup reg-reg] _124800_/Q -> _124873_/D : -5.279489
[setup reg-reg] _124800_/Q -> _125914_/D : -5.271843
[setup reg-reg] _124800_/Q -> _125911_/D : -5.269179
[setup reg-reg] _124800_/Q -> _124860_/D : -5.261405
[setup reg-reg] _124800_/Q -> _124861_/D : -5.256844
[setup reg-reg] _124800_/Q -> _124869_/D : -5.253252
[setup reg-reg] _124800_/Q -> _127361_/D : -5.247976
[setup reg-reg] _124800_/Q -> _125947_/D : -5.202072
[setup reg-reg] _124800_/Q -> _125944_/D : -5.191819
[setup reg-reg] _124800_/Q -> _125945_/D : -5.191669
[setup reg-reg] _124800_/Q -> _125949_/D : -5.190827
[setup reg-reg] _124800_/Q -> _125943_/D : -5.189641
[setup reg-reg] _124800_/Q -> _125948_/D : -5.183861
[setup reg-reg] _124800_/Q -> _125966_/D : -5.167877
[setup reg-reg] _124800_/Q -> _125942_/D : -5.166783
[setup reg-reg] _124800_/Q -> _124805_/D : -5.164463
[setup reg-reg] _124800_/Q -> _127359_/D : -5.148337
[setup reg-reg] _124800_/Q -> _123566_/D : -5.141040
[setup reg-reg] _124800_/Q -> _123559_/D : -5.120558
[setup reg-reg] _124800_/Q -> _123562_/D : -5.115425
[setup reg-reg] _124800_/Q -> _125934_/D : -5.115361
[setup reg-reg] _124800_/Q -> _125928_/D : -5.108628
[setup reg-reg] _124800_/Q -> _123556_/D : -5.106536
[setup reg-reg] _124800_/Q -> _124804_/D : -5.101256
[setup reg-reg] _124800_/Q -> _124803_/D : -5.084957
[setup reg-reg] _124800_/Q -> _125935_/D : -5.083560
[setup reg-reg] _124800_/Q -> _123560_/D : -5.077752
[setup reg-reg] _124800_/Q -> _124734_/D : -5.077265
[setup reg-reg] _124800_/Q -> _125921_/D : -5.074931
[setup reg-reg] _124800_/Q -> _123561_/D : -5.073257
[setup reg-reg] _124800_/Q -> _125950_/D : -5.064177
[setup reg-reg] _124800_/Q -> _125917_/D : -5.061910
[setup reg-reg] _124800_/Q -> _124760_/D : -5.060457
[setup reg-reg] _124800_/Q -> _124756_/D : -5.054879
[setup reg-reg] _124800_/Q -> _124757_/D : -5.052282
[setup reg-reg] _124800_/Q -> _125918_/D : -5.052250
[setup reg-reg] _124800_/Q -> _124753_/D : -5.041052
[setup reg-reg] _124800_/Q -> _123557_/D : -5.036441
[setup reg-reg] _124800_/Q -> _125919_/D : -5.022773
[setup reg-reg] _124800_/Q -> _123539_/D : -5.022599
[setup reg-reg] _124800_/Q -> _123544_/D : -5.021658
[setup reg-reg] _124800_/Q -> _124746_/D : -5.016371
[setup reg-reg] _124800_/Q -> _123565_/D : -5.012456
[setup reg-reg] _124800_/Q -> _123564_/D : -5.010062
[setup reg-reg] _124800_/Q -> _123563_/D : -5.001546
[setup reg-reg] _124800_/Q -> _125920_/D : -4.998136
[setup reg-reg] _124800_/Q -> _124740_/D : -4.997159
[setup reg-reg] _124800_/Q -> _124783_/D : -4.980169
[setup reg-reg] _124800_/Q -> _125916_/D : -4.976961
[setup reg-reg] _124800_/Q -> _127966_/D : -4.975380
[setup reg-reg] _124800_/Q -> _125907_/D : -4.970978
[setup reg-reg] _124800_/Q -> _125910_/D : -4.966477
[setup reg-reg] _124800_/Q -> _123546_/D : -4.947936
[setup reg-reg] _124800_/Q -> _123540_/D : -4.942305
[setup reg-reg] _124800_/Q -> _123547_/D : -4.929692
[setup reg-reg] _124800_/Q -> _123543_/D : -4.913268
[setup reg-reg] _124800_/Q -> _123545_/D : -4.910916
[setup reg-reg] _124800_/Q -> _123549_/D : -4.908692
[setup reg-reg] _124800_/Q -> _123541_/D : -4.900546
[setup reg-reg] _124800_/Q -> _125906_/D : -4.894112
[setup reg-reg] _124800_/Q -> _123548_/D : -4.888499
[setup reg-reg] _124800_/Q -> _123618_/D : -4.887724
[setup reg-reg] _124800_/Q -> _123615_/D : -4.886889
[setup reg-reg] _124800_/Q -> _123616_/D : -4.874366
[setup reg-reg] _124800_/Q -> _123619_/D : -4.872707
[setup reg-reg] _124800_/Q -> _123617_/D : -4.857345
[setup reg-reg] _124800_/Q -> _124831_/D : -4.841002
[setup reg-reg] _124800_/Q -> _124755_/D : -4.834544
[setup reg-reg] _124800_/Q -> _124878_/D : -4.768094
[setup reg-reg] _124800_/Q -> _125957_/D : -4.767159
[setup reg-reg] _124800_/Q -> _124872_/D : -4.762064
[setup reg-reg] _124800_/Q -> _124883_/D : -4.761858
[setup reg-reg] _124800_/Q -> _124871_/D : -4.760455
[setup reg-reg] _124800_/Q -> _124882_/D : -4.755066
[setup reg-reg] _124800_/Q -> _124877_/D : -4.747946
[setup reg-reg] _124800_/Q -> _124881_/D : -4.746166
[setup reg-reg] _124800_/Q -> _124887_/D : -4.746117
[setup reg-reg] _124800_/Q -> _124829_/D : -4.734648
[setup reg-reg] _124800_/Q -> _124815_/D : -4.728740
[setup reg-reg] _124800_/Q -> _125968_/D : -4.724434
[setup reg-reg] _124800_/Q -> _124814_/D : -4.718668
[setup reg-reg] _124800_/Q -> _124830_/D : -4.718285
[setup reg-reg] _124800_/Q -> _125938_/D : -4.715030
[setup reg-reg] _124800_/Q -> _124828_/D : -4.715020
[setup reg-reg] _124800_/Q -> _124821_/D : -4.714625
[setup reg-reg] _124800_/Q -> _124837_/D : -4.714004
[setup reg-reg] _124800_/Q -> _124836_/D : -4.711481
[setup reg-reg] _124800_/Q -> _127916_/D : -4.710217
[setup reg-reg] _124800_/Q -> _127913_/D : -4.709584
[setup reg-reg] _124800_/Q -> _127919_/D : -4.700883
[setup reg-reg] _124800_/Q -> _125936_/D : -4.684346
[setup reg-reg] _124800_/Q -> _125959_/D : -4.665033
[setup reg-reg] _124800_/Q -> _124876_/D : -4.659466
[setup reg-reg] _124800_/Q -> _125962_/D : -4.655529
[setup reg-reg] _124800_/Q -> _124879_/D : -4.654794
[setup reg-reg] _124800_/Q -> _119190_/D : -4.628386
[setup reg-reg] _124800_/Q -> _119188_/D : -4.622993
[setup reg-reg] _124800_/Q -> _119191_/D : -4.622926
[setup reg-reg] _124800_/Q -> _119184_/D : -4.618368
[setup reg-reg] _124800_/Q -> _124784_/D : -4.617014
[setup reg-reg] _124800_/Q -> _119186_/D : -4.616716
[setup reg-reg] _124800_/Q -> _119187_/D : -4.616279
[setup reg-reg] _124800_/Q -> _124775_/D : -4.608637
[setup reg-reg] _124800_/Q -> _127915_/D : -4.594369
[setup reg-reg] _124800_/Q -> _124797_/D : -4.593094
[setup reg-reg] _124800_/Q -> _124778_/D : -4.590071
[setup reg-reg] _124800_/Q -> _127920_/D : -4.582479
[setup reg-reg] _124800_/Q -> _123573_/D : -4.582063
[setup reg-reg] _124800_/Q -> _125960_/D : -4.576243
[setup reg-reg] _124800_/Q -> _123542_/D : -4.568143
[setup reg-reg] _124800_/Q -> _124907_/D : -4.560803
[setup reg-reg] _124800_/Q -> _119183_/D : -4.556512
[setup reg-reg] _124800_/Q -> _127922_/D : -4.555545
[setup reg-reg] _124800_/Q -> _119160_/D : -4.550632
[setup reg-reg] _124800_/Q -> _124796_/D : -4.546106
[setup reg-reg] _124800_/Q -> _127912_/D : -4.545857
[setup reg-reg] _124800_/Q -> _119157_/D : -4.545395
[setup reg-reg] _124800_/Q -> _119159_/D : -4.543441
[setup reg-reg] _124800_/Q -> _119156_/D : -4.533273
[setup reg-reg] _124800_/Q -> _124786_/D : -4.532584
[setup reg-reg] _124800_/Q -> _119148_/D : -4.529881
[setup reg-reg] _124800_/Q -> _119153_/D : -4.529486
[setup reg-reg] _124800_/Q -> _119155_/D : -4.518075
[setup reg-reg] _124800_/Q -> _127902_/D : -4.508387
[setup reg-reg] _124800_/Q -> _123550_/D : -4.506084
[setup reg-reg] _124800_/Q -> _124788_/D : -4.503587
[setup reg-reg] _124800_/Q -> _123567_/D : -4.500766
[setup reg-reg] _124800_/Q -> _127899_/D : -4.473069
[setup reg-reg] _124800_/Q -> _124781_/D : -4.464329
[setup reg-reg] _124800_/Q -> _124782_/D : -4.454709
[setup reg-reg] _124800_/Q -> _127901_/D : -4.446146
[setup reg-reg] _124800_/Q -> _127898_/D : -4.444370
[setup reg-reg] _124800_/Q -> _124780_/D : -4.443212
[setup reg-reg] _124800_/Q -> _124785_/D : -4.438956
[setup reg-reg] _124800_/Q -> _127900_/D : -4.438664
[setup reg-reg] _124800_/Q -> _124802_/D : -4.406232
[setup reg-reg] _124800_/Q -> _123553_/D : -4.379537
[setup reg-reg] _124800_/Q -> _123551_/D : -4.379203
[setup reg-reg] _124800_/Q -> _123552_/D : -4.372115
[setup reg-reg] _124800_/Q -> _125974_/D : -4.366310
[setup reg-reg] _124800_/Q -> _125972_/D : -4.359368
[setup reg-reg] _124800_/Q -> _125984_/D : -4.357702
[setup reg-reg] _124800_/Q -> _125981_/D : -4.357563
[setup reg-reg] _124800_/Q -> _125973_/D : -4.351808
[setup reg-reg] _124800_/Q -> _125985_/D : -4.346610
[setup reg-reg] _124800_/Q -> _125979_/D : -4.344468
[setup reg-reg] _124800_/Q -> _124901_/D : -4.341370
[setup reg-reg] _124800_/Q -> _127360_/D : -4.337665
[setup reg-reg] _124800_/Q -> _124896_/D : -4.335178
[setup reg-reg] _124800_/Q -> _124902_/D : -4.333934
[setup reg-reg] _124800_/Q -> _124897_/D : -4.332623
[setup reg-reg] _124800_/Q -> _124900_/D : -4.331213
[setup reg-reg] _124800_/Q -> _124899_/D : -4.328662
[setup reg-reg] _124800_/Q -> _125970_/D : -4.321549
[setup reg-reg] _124800_/Q -> _125982_/D : -4.320765
[setup reg-reg] _124800_/Q -> _124898_/D : -4.316384
[setup reg-reg] _124800_/Q -> _124820_/D : -4.316164
[setup reg-reg] _124800_/Q -> _125977_/D : -4.310493
[setup reg-reg] _124800_/Q -> _125975_/D : -4.307008
[setup reg-reg] _124800_/Q -> _125976_/D : -4.302880
[setup reg-reg] _124800_/Q -> _127357_/D : -4.302208
[setup reg-reg] _124800_/Q -> _125978_/D : -4.301082
[setup reg-reg] _124800_/Q -> _124822_/D : -4.295824
[setup reg-reg] _124800_/Q -> _124832_/D : -4.294453
[setup reg-reg] _124800_/Q -> _124818_/D : -4.293668
[setup reg-reg] _124800_/Q -> _124835_/D : -4.292914
[setup reg-reg] _124800_/Q -> _124819_/D : -4.291963
[setup reg-reg] _124800_/Q -> _124834_/D : -4.287639
[setup reg-reg] _124800_/Q -> _124838_/D : -4.281155
[setup reg-reg] _124800_/Q -> _124816_/D : -4.279041
[setup reg-reg] _124800_/Q -> _124833_/D : -4.276096
[setup reg-reg] _124800_/Q -> _124767_/D : -4.269840
[setup reg-reg] _124800_/Q -> _124779_/D : -4.248278
[setup reg-reg] _124800_/Q -> _125983_/D : -4.232792
[setup reg-reg] _124800_/Q -> _127962_/D : -4.229872
[setup reg-reg] _124800_/Q -> _125980_/D : -4.228841
[setup reg-reg] _124800_/Q -> _124823_/D : -4.228188
[setup reg-reg] _124800_/Q -> _125971_/D : -4.226965
[setup reg-reg] _124800_/Q -> _127358_/D : -4.226582
[setup reg-reg] _124800_/Q -> _125946_/D : -4.224187
[setup reg-reg] _124800_/Q -> _124798_/D : -4.222400
[setup reg-reg] _124800_/Q -> _127364_/D : -4.221971
[setup reg-reg] _124800_/Q -> _127917_/D : -4.202480
[setup reg-reg] _124800_/Q -> _124787_/D : -4.188373
[setup reg-reg] _124800_/Q -> _124906_/D : -4.174293
[setup reg-reg] _124800_/Q -> _123568_/D : -4.168175
[setup reg-reg] _124800_/Q -> _127375_/D : -4.164090
[setup reg-reg] _124800_/Q -> _124880_/D : -4.149921
[setup reg-reg] _124800_/Q -> _127961_/D : -4.147964
[setup reg-reg] _124800_/Q -> _127362_/D : -4.121869
[setup reg-reg] _124800_/Q -> _119277_/D : -4.116018
[setup reg-reg] _124800_/Q -> _127918_/D : -4.102475
[setup reg-reg] _124800_/Q -> _127911_/D : -4.090747
[setup reg-reg] _124800_/Q -> _127914_/D : -4.089440
[setup reg-reg] _124800_/Q -> _124894_/D : -4.088822
[setup reg-reg] _124800_/Q -> _127910_/D : -4.076693
[setup reg-reg] _124800_/Q -> _127363_/D : -4.057739
[setup reg-reg] _124800_/Q -> _127904_/D : -4.048836
[setup reg-reg] _124800_/Q -> _119279_/D : -4.045511
[setup reg-reg] _124800_/Q -> _127925_/D : -4.041475
[setup reg-reg] _124800_/Q -> _127896_/D : -4.037372
[setup reg-reg] _124800_/Q -> _127907_/D : -4.035396
[setup reg-reg] _124800_/Q -> _124795_/D : -4.033559
[setup reg-reg] _124800_/Q -> _124777_/D : -4.029776
[setup reg-reg] _124800_/Q -> _119278_/D : -4.028923
[setup reg-reg] _124800_/Q -> _119281_/D : -4.022070
[setup reg-reg] _124800_/Q -> _123554_/D : -4.019331
[setup reg-reg] _124800_/Q -> _119280_/D : -4.007063
[setup reg-reg] _124800_/Q -> _128028_/D : -4.005607
[setup reg-reg] _124800_/Q -> _127905_/D : -4.003901
[setup reg-reg] _124800_/Q -> _127903_/D : -3.993989
[setup reg-reg] _124800_/Q -> _125939_/D : -3.993691
[setup reg-reg] _124800_/Q -> _127897_/D : -3.986067
[setup reg-reg] _124800_/Q -> _127926_/D : -3.950131
[setup reg-reg] _124800_/Q -> _127906_/D : -3.949204
[setup reg-reg] _124800_/Q -> _124769_/D : -3.942837
[setup reg-reg] _124800_/Q -> _128031_/D : -3.941416
[setup reg-reg] _124800_/Q -> _125969_/D : -3.939743
[setup reg-reg] _124800_/Q -> _125940_/D : -3.937288
[setup reg-reg] _124800_/Q -> _125941_/D : -3.937284
[setup reg-reg] _124800_/Q -> _125989_/D : -3.927088
[setup reg-reg] _124800_/Q -> _119276_/D : -3.907953
[setup reg-reg] _124800_/Q -> _124770_/D : -3.894940
[setup reg-reg] _124800_/Q -> _127908_/D : -3.880381
[setup reg-reg] _124800_/Q -> _124776_/D : -3.879428
[setup reg-reg] _124800_/Q -> _124789_/D : -3.878047
[setup reg-reg] _124800_/Q -> _125988_/D : -3.863107
[setup reg-reg] _124800_/Q -> _124772_/D : -3.847404
[setup reg-reg] _124800_/Q -> _125965_/D : -3.841858
[setup reg-reg] _124800_/Q -> _125964_/D : -3.818560
[setup reg-reg] _124800_/Q -> _125967_/D : -3.806758
[setup reg-reg] _124800_/Q -> _124771_/D : -3.805827
[setup reg-reg] _124800_/Q -> _124808_/D : -3.803752
[setup reg-reg] _124800_/Q -> _124792_/D : -3.803525
[setup reg-reg] _124800_/Q -> _124826_/D : -3.796590
[setup reg-reg] _124800_/Q -> _124827_/D : -3.793883
[setup reg-reg] _124800_/Q -> _124825_/D : -3.776254
[setup reg-reg] _124800_/Q -> _124824_/D : -3.758054
[setup reg-reg] _124800_/Q -> _124807_/D : -3.745676
[setup reg-reg] _124800_/Q -> _127356_/D : -3.744184
[setup reg-reg] _124800_/Q -> _124794_/D : -3.710536
[setup reg-reg] _124800_/Q -> _124768_/D : -3.699178
[setup reg-reg] _124800_/Q -> _124773_/D : -3.696396
[setup reg-reg] _124800_/Q -> _124774_/D : -3.688115
[setup reg-reg] _124800_/Q -> _124793_/D : -3.687706
[setup reg-reg] _124800_/Q -> _127921_/D : -3.671346
[setup reg-reg] _124800_/Q -> _125987_/D : -3.650151
[setup reg-reg] _124800_/Q -> _124904_/D : -3.648665
[setup reg-reg] _124800_/Q -> _128029_/D : -3.571746
[setup reg-reg] _124800_/Q -> _127909_/D : -3.525802
[setup reg-reg] _124800_/Q -> _127924_/D : -3.520004
[setup reg-reg] _124800_/Q -> _127923_/D : -3.503029
[setup reg-reg] _124800_/Q -> _124791_/D : -3.502695
[setup reg-reg] _124800_/Q -> _124790_/D : -3.493071
[setup reg-reg] _124800_/Q -> _124903_/D : -3.468316
[setup reg-reg] _124800_/Q -> _124905_/D : -3.460208
[setup reg-reg] _124800_/Q -> _128026_/D : -3.411483
[setup reg-reg] _124800_/Q -> _127965_/D : -3.384209
[setup reg-reg] _124800_/Q -> _127963_/D : -3.367433
[setup reg-reg] _124800_/Q -> _127964_/D : -3.342521
[setup reg-reg] _124800_/Q -> _124702_/D : -3.335479
[setup reg-reg] _124800_/Q -> _119211_/D : -3.185367
[setup reg-reg] _124800_/Q -> _124806_/D : -3.126473
[setup reg-reg] _124800_/Q -> _128025_/D : -3.106841
[setup reg-reg] _124800_/Q -> _128027_/D : -3.022826
[setup reg-reg] _124800_/Q -> _124800_/D : -3.002526
[setup reg-reg] _124800_/Q -> _127895_/D : -2.890545
[setup reg-reg] _124800_/Q -> _125986_/D : -2.823196
[setup reg-reg] _124800_/Q -> _127968_/D : -2.773156
[setup reg-reg] _124800_/Q -> _127967_/D : -2.771522
[setup reg-reg] _124800_/Q -> _124799_/D : -2.657408
[setup reg-reg] yz_bram_ctrl_inst.yz_ram.u_mem.u_mem.g_2k[0].u_cell.u_sram/dout1[31] -> _124075_/D : -2.514366
[setup reg-reg] _124800_/Q -> _128035_/D : -2.314515
[setup reg-reg] yz_bram_ctrl_inst.yz_ram.u_mem.u_mem.g_2k[0].u_cell.u_sram/dout1[31] -> _124007_/D : -2.225537
[setup reg-reg] _124800_/Q -> _124801_/D : -2.171905
[setup reg-reg] _124800_/Q -> _127371_/D : -2.152120
[setup reg-reg] yz_bram_ctrl_inst.yz_ram.u_mem.u_mem.g_2k[0].u_cell.u_sram/dout1[30] -> _124077_/D : -2.001230
[setup reg-reg] _124800_/Q -> _127366_/D : -1.987061
[setup reg-reg] _124800_/Q -> _127374_/D : -1.941253
[setup reg-reg] yz_bram_ctrl_inst.yz_ram.u_mem.u_mem.g_2k[0].u_cell.u_sram/dout1[31] -> _123990_/D : -1.906916
[setup reg-reg] yz_bram_ctrl_inst.yz_ram.u_mem.u_mem.g_2k[0].u_cell.u_sram/dout1[30] -> _124076_/D : -1.893550
[setup reg-reg] yz_bram_ctrl_inst.yz_ram.u_mem.u_mem.g_2k[0].u_cell.u_sram/dout1[30] -> _124060_/D : -1.867353
[setup reg-reg] _124800_/Q -> _123588_/D : -1.853628
[setup reg-reg] _124800_/Q -> _123585_/D : -1.850577
[setup reg-reg] _124800_/Q -> _123586_/D : -1.850445
[setup reg-reg] _124800_/Q -> _123589_/D : -1.843574
[setup reg-reg] yz_bram_ctrl_inst.yz_ram.u_mem.u_mem.g_2k[0].u_cell.u_sram/dout1[31] -> _124009_/D : -1.842594
[setup reg-reg] yz_bram_ctrl_inst.yz_ram.u_mem.u_mem.g_2k[0].u_cell.u_sram/dout1[31] -> _124008_/D : -1.842441
[setup reg-reg] yz_bram_ctrl_inst.yz_ram.u_mem.u_mem.g_2k[0].u_cell.u_sram/dout1[30] -> _124059_/D : -1.830422
[setup reg-reg] _124800_/Q -> _123587_/D : -1.828891
[setup reg-reg] yz_bram_ctrl_inst.yz_ram.u_mem.u_mem.g_2k[0].u_cell.u_sram/dout1[26] -> _123973_/D : -1.812119
[setup reg-reg] _124800_/Q -> _118865_/D : -1.782180
[setup reg-reg] yz_bram_ctrl_inst.yz_ram.u_mem.u_mem.g_2k[0].u_cell.u_sram/dout1[27] -> _124041_/D : -1.692332
[setup reg-reg] yz_bram_ctrl_inst.yz_ram.u_mem.u_mem.g_2k[0].u_cell.u_sram/dout1[31] -> _123992_/D : -1.487525
[setup reg-reg] yz_bram_ctrl_inst.yz_ram.u_mem.u_mem.g_2k[0].u_cell.u_sram/dout1[31] -> _123991_/D : -1.486161
[setup reg-reg] _124800_/Q -> _124595_/D : -1.460023
[setup reg-reg] yz_bram_ctrl_inst.yz_ram.u_mem.u_mem.g_2k[0].u_cell.u_sram/dout1[31] -> _124073_/D : -1.337032
[setup reg-reg] yz_bram_ctrl_inst.yz_ram.u_mem.u_mem.g_2k[0].u_cell.u_sram/dout1[30] -> _124058_/D : -1.335199
[setup reg-reg] yz_bram_ctrl_inst.yz_ram.u_mem.u_mem.g_2k[0].u_cell.u_sram/dout1[30] -> _124074_/D : -1.324658
[setup reg-reg] _124800_/Q -> _124701_/D : -1.289177
[setup reg-reg] _124800_/Q -> _127378_/D : -1.252317
[setup reg-reg] yz_bram_ctrl_inst.yz_ram.u_mem.u_mem.g_2k[0].u_cell.u_sram/dout1[31] -> _123956_/D : -1.219007
[setup reg-reg] _124800_/Q -> _127379_/D : -1.172570
[setup reg-reg] yz_bram_ctrl_inst.yz_ram.u_mem.u_mem.g_2k[0].u_cell.u_sram/dout1[26] -> _123975_/D : -1.112106
[setup reg-reg] yz_bram_ctrl_inst.yz_ram.u_mem.u_mem.g_2k[0].u_cell.u_sram/dout1[26] -> _123974_/D : -1.106120
[setup reg-reg] yz_bram_ctrl_inst.yz_ram.u_mem.u_mem.g_2k[0].u_cell.u_sram/dout1[31] -> _124005_/D : -1.023132
[setup reg-reg] yz_bram_ctrl_inst.yz_ram.u_mem.u_mem.g_2k[0].u_cell.u_sram/dout1[24] -> _124024_/D : -1.006924
[setup reg-reg] yz_bram_ctrl_inst.yz_ram.u_mem.u_mem.g_2k[0].u_cell.u_sram/dout1[26] -> _123971_/D : -0.971045
[setup reg-reg] yz_bram_ctrl_inst.yz_ram.u_mem.u_mem.g_2k[0].u_cell.u_sram/dout1[31] -> _124006_/D : -0.968147
[setup reg-reg] yz_bram_ctrl_inst.yz_ram.u_mem.u_mem.g_2k[0].u_cell.u_sram/dout1[31] -> _123988_/D : -0.959382
[setup reg-reg] yz_bram_ctrl_inst.yz_ram.u_mem.u_mem.g_2k[0].u_cell.u_sram/dout1[31] -> _123989_/D : -0.951978
[setup reg-reg] _124800_/Q -> _127383_/D : -0.937572
[setup reg-reg] _124800_/Q -> _123572_/D : -0.935518
[setup reg-reg] _124800_/Q -> _126057_/D : -0.934140
[setup reg-reg] _124800_/Q -> _126056_/D : -0.922832
[setup reg-reg] _124800_/Q -> _126053_/D : -0.920313
[setup reg-reg] _124800_/Q -> _126054_/D : -0.913548
[setup reg-reg] _124800_/Q -> _126055_/D : -0.890260
[setup reg-reg] yz_bram_ctrl_inst.yz_ram.u_mem.u_mem.g_2k[0].u_cell.u_sram/dout1[27] -> _124039_/D : -0.876131
[setup reg-reg] yz_bram_ctrl_inst.yz_ram.u_mem.u_mem.g_2k[0].u_cell.u_sram/dout1[26] -> _123972_/D : -0.855231
[setup reg-reg] yz_bram_ctrl_inst.yz_ram.u_mem.u_mem.g_2k[0].u_cell.u_sram/dout1[27] -> _124042_/D : -0.835506
[setup reg-reg] yz_bram_ctrl_inst.yz_ram.u_mem.u_mem.g_2k[0].u_cell.u_sram/dout1[27] -> _124040_/D : -0.831253
[setup reg-reg] yz_bram_ctrl_inst.yz_ram.u_mem.u_mem.g_2k[0].u_cell.u_sram/dout1[27] -> _124043_/D : -0.825324
[setup reg-reg] yz_bram_ctrl_inst.yz_ram.u_mem.u_mem.g_2k[0].u_cell.u_sram/dout1[31] -> _124056_/D : -0.779746
[setup reg-reg] yz_bram_ctrl_inst.yz_ram.u_mem.u_mem.g_2k[0].u_cell.u_sram/dout1[31] -> _124057_/D : -0.745917
[setup reg-reg] _124800_/Q -> _127373_/D : -0.738481
[setup reg-reg] yz_bram_ctrl_inst.yz_ram.u_mem.u_mem.g_2k[0].u_cell.u_sram/dout1[31] -> _123957_/D : -0.704389
[setup reg-reg] yz_bram_ctrl_inst.yz_ram.u_mem.u_mem.g_2k[0].u_cell.u_sram/dout1[30] -> _124072_/D : -0.696613
[setup reg-reg] yz_bram_ctrl_inst.yz_ram.u_mem.u_mem.g_2k[0].u_cell.u_sram/dout1[31] -> _123958_/D : -0.669118
[setup reg-reg] conv_accelerator_inst.u_conv_buf_ram.u_mem.u_mem.g_2k[0].u_cell.u_sram/dout1[17] -> _123861_/D : -0.652346
[setup reg-reg] conv_accelerator_inst.u_conv_buf_ram.u_mem.u_mem.g_2k[0].u_cell.u_sram/dout1[17] -> _123860_/D : -0.647642
[setup reg-reg] yz_bram_ctrl_inst.yz_ram.u_mem.u_mem.g_2k[0].u_cell.u_sram/dout1[31] -> _124026_/D : -0.588443
[setup reg-reg] _124800_/Q -> _127384_/D : -0.582492
[setup reg-reg] yz_bram_ctrl_inst.yz_ram.u_mem.u_mem.g_2k[0].u_cell.u_sram/dout1[30] -> _124071_/D : -0.545512
[setup reg-reg] yz_bram_ctrl_inst.yz_ram.u_mem.u_mem.g_2k[0].u_cell.u_sram/dout1[31] -> _124025_/D : -0.521805
[setup reg-reg] yz_bram_ctrl_inst.yz_ram.u_mem.u_mem.g_2k[0].u_cell.u_sram/dout1[31] -> _124069_/D : -0.510987
[setup reg-reg] yz_bram_ctrl_inst.yz_ram.u_mem.u_mem.g_2k[0].u_cell.u_sram/dout1[31] -> _123955_/D : -0.386763
[setup reg-reg] yz_bram_ctrl_inst.yz_ram.u_mem.u_mem.g_2k[0].u_cell.u_sram/dout1[31] -> _123954_/D : -0.345143
[setup reg-reg] yz_bram_ctrl_inst.yz_ram.u_mem.u_mem.g_2k[0].u_cell.u_sram/dout1[31] -> _124004_/D : -0.330335
[setup reg-reg] yz_bram_ctrl_inst.yz_ram.u_mem.u_mem.g_2k[0].u_cell.u_sram/dout1[31] -> _123987_/D : -0.291948
[setup reg-reg] yz_bram_ctrl_inst.yz_ram.u_mem.u_mem.g_2k[0].u_cell.u_sram/dout1[30] -> _124055_/D : -0.227978
[setup reg-reg] yz_bram_ctrl_inst.yz_ram.u_mem.u_mem.g_2k[0].u_cell.u_sram/dout1[24] -> _124022_/D : -0.189520
[setup reg-reg] yz_bram_ctrl_inst.yz_ram.u_mem.u_mem.g_2k[0].u_cell.u_sram/dout1[31] -> _124003_/D : -0.182617
[setup reg-reg] yz_bram_ctrl_inst.yz_ram.u_mem.u_mem.g_2k[0].u_cell.u_sram/dout1[31] -> _124001_/D : -0.179796
[setup reg-reg] conv_accelerator_inst.u_conv_buf_ram.u_mem.u_mem.g_2k[0].u_cell.u_sram/dout1[9] -> _123891_/D : -0.177060
[setup reg-reg] yz_bram_ctrl_inst.yz_ram.u_mem.u_mem.g_2k[0].u_cell.u_sram/dout1[24] -> _124023_/D : -0.161663
[setup reg-reg] yz_bram_ctrl_inst.yz_ram.u_mem.u_mem.g_2k[0].u_cell.u_sram/dout1[31] -> _123986_/D : -0.157456
[setup reg-reg] conv_accelerator_inst.u_conv_buf_ram.u_mem.u_mem.g_2k[0].u_cell.u_sram/dout1[9] -> _123894_/D : -0.145036
[setup reg-reg] yz_bram_ctrl_inst.yz_ram.u_mem.u_mem.g_2k[0].u_cell.u_sram/dout1[26] -> _123967_/D : -0.139700
[setup reg-reg] conv_accelerator_inst.u_conv_buf_ram.u_mem.u_mem.g_2k[0].u_cell.u_sram/dout1[9] -> _123895_/D : -0.133891
[setup reg-reg] conv_accelerator_inst.u_conv_buf_ram.u_mem.u_mem.g_2k[0].u_cell.u_sram/dout1[9] -> _123893_/D : -0.113474
[setup reg-reg] yz_bram_ctrl_inst.yz_ram.u_mem.u_mem.g_2k[0].u_cell.u_sram/dout1[30] -> _124054_/D : -0.088725
[setup reg-reg] yz_bram_ctrl_inst.yz_ram.u_mem.u_mem.g_2k[0].u_cell.u_sram/dout1[31] -> _123984_/D : -0.085517
[setup reg-reg] yz_bram_ctrl_inst.yz_ram.u_mem.u_mem.g_2k[0].u_cell.u_sram/dout1[27] -> _124035_/D : -0.045752
[setup reg-reg] _124800_/Q -> _126095_/D : -0.021643
[setup reg-reg] yz_bram_ctrl_inst.yz_ram.u_mem.u_mem.g_2k[0].u_cell.u_sram/dout1[26] -> _123970_/D : -0.020059
[setup reg-reg] _124800_/Q -> _126052_/D : -0.010889
