
===========================================================================
 report_power
============================================================================
======================= min_ff_n40C_1v95 Corner ===================================

Group                    Internal    Switching      Leakage        Total
                            Power        Power        Power        Power (Watts)
------------------------------------------------------------------------
Sequential           1.214075e-02 1.812787e-06 2.038055e-07 1.214276e-02  27.5%
Combinational        1.750734e-05 2.013378e-05 2.326587e-06 3.996770e-05   0.1%
Clock                3.104696e-03 5.823619e-03 5.229990e-07 8.928838e-03  20.2%
Macro                2.272560e-02 0.000000e+00 2.576800e-04 2.298328e-02  52.1%
Pad                  0.000000e+00 0.000000e+00 0.000000e+00 0.000000e+00   0.0%
------------------------------------------------------------------------
Total                3.798855e-02 5.845564e-03 2.607904e-04 4.409490e-02 100.0%
                            86.2%        13.3%         0.6%

