
*** Running vivado
    with args -log fpga_top.vdi -applog -m64 -product Vivado -messageDb vivado.pb -mode batch -source fpga_top.tcl -notrace


****** Vivado v2025.2 (64-bit)
  **** SW Build 6299465 on Fri Nov 14 12:34:56 MST 2025
  **** IP Build 6300035 on Fri Nov 14 10:48:45 MST 2025
  **** SharedData Build 6298862 on Thu Nov 13 04:50:51 MST 2025
  **** Start of session at: Sun Sep  6 11:00:20 2026
    ** Copyright 1986-2022 Xilinx, Inc. All Rights Reserved.
    ** Copyright 2022-2025 Advanced Micro Devices, Inc. All Rights Reserved.

source fpga_top.tcl -notrace
Command: link_design -top fpga_top -part xc7a100tcsg324-1
Design is defaulting to srcset: sources_1
Design is defaulting to constrset: constrs_1
INFO: [Device 21-403] Loading part xc7a100tcsg324-1
INFO: [Project 1-5699] Read binary netlist with skipMacroContent - 1
INFO: [Project 1-454] Reading design checkpoint '/home/luxyxp/Documents/mainfiles/Full_MCU_Project.gen/sources_1/ip/clk_wiz_0/clk_wiz_0.dcp' for cell 'clk_wizard_inst'
Netlist sorting complete. Time (s): cpu = 00:00:00.07 ; elapsed = 00:00:00.07 . Memory (MB): peak = 1765.914 ; gain = 0.000 ; free physical = 886 ; free virtual = 17066
INFO: [Netlist 29-17] Analyzing 1510 Unisim elements for replacement
INFO: [Netlist 29-28] Unisim Transformation completed in 0 CPU seconds
INFO: [Project 1-479] Netlist was created with Vivado 2025.2
INFO: [Project 1-570] Preparing netlist for logic optimization
Parsing XDC File [/home/luxyxp/Documents/mainfiles/Full_MCU_Project.gen/sources_1/ip/clk_wiz_0/clk_wiz_0_board.xdc] for cell 'clk_wizard_inst/inst'
Finished Parsing XDC File [/home/luxyxp/Documents/mainfiles/Full_MCU_Project.gen/sources_1/ip/clk_wiz_0/clk_wiz_0_board.xdc] for cell 'clk_wizard_inst/inst'
Parsing XDC File [/home/luxyxp/Documents/mainfiles/Full_MCU_Project.gen/sources_1/ip/clk_wiz_0/clk_wiz_0.xdc] for cell 'clk_wizard_inst/inst'
INFO: [Timing 38-35] Done setting XDC timing constraints. [/home/luxyxp/Documents/mainfiles/Full_MCU_Project.gen/sources_1/ip/clk_wiz_0/clk_wiz_0.xdc:54]
INFO: [Timing 38-2] Deriving generated clocks [/home/luxyxp/Documents/mainfiles/Full_MCU_Project.gen/sources_1/ip/clk_wiz_0/clk_wiz_0.xdc:54]
Finished Parsing XDC File [/home/luxyxp/Documents/mainfiles/Full_MCU_Project.gen/sources_1/ip/clk_wiz_0/clk_wiz_0.xdc] for cell 'clk_wizard_inst/inst'
Parsing XDC File [/home/luxyxp/Documents/mainfiles/FPGA/main_codes/constraint/nexys_a7_soc.xdc]
WARNING: [Constraints 18-619] A clock with name 'sys_clk' already exists, overwriting the previous clock with the same name. [/home/luxyxp/Documents/mainfiles/FPGA/main_codes/constraint/nexys_a7_soc.xdc:9]
Finished Parsing XDC File [/home/luxyxp/Documents/mainfiles/FPGA/main_codes/constraint/nexys_a7_soc.xdc]
INFO: [Opt 31-138] Pushed 0 inverter(s) to 0 load pin(s).
Netlist sorting complete. Time (s): cpu = 00:00:00 ; elapsed = 00:00:00 . Memory (MB): peak = 2448.145 ; gain = 0.000 ; free physical = 300 ; free virtual = 16481
INFO: [Project 1-111] Unisim Transformation Summary:
  A total of 27 instances were transformed.
  IOBUF => IOBUF (IBUF, OBUFT): 5 instances
  RAM64M => RAM64M (RAMD64E(x4)): 22 instances

11 Infos, 1 Warnings, 0 Critical Warnings and 0 Errors encountered.
link_design completed successfully
link_design: Time (s): cpu = 00:00:08 ; elapsed = 00:00:08 . Memory (MB): peak = 2448.180 ; gain = 852.242 ; free physical = 300 ; free virtual = 16481
Command: opt_design
Attempting to get a license for feature 'Implementation' and/or device 'xc7a100t'
INFO: [Common 17-349] Got license for feature 'Implementation' and/or device 'xc7a100t'
Running DRC as a precondition to command opt_design

Starting DRC Task
INFO: [DRC 23-27] Running DRC with 4 threads
INFO: [Project 1-461] DRC finished with 0 Errors
INFO: [Project 1-462] Please refer to the DRC report (report_drc) for more information.

Time (s): cpu = 00:00:00.74 ; elapsed = 00:00:00.32 . Memory (MB): peak = 2448.180 ; gain = 0.000 ; free physical = 268 ; free virtual = 16449

Starting Cache Timing Information Task
INFO: [Timing 38-35] Done setting XDC timing constraints.
Ending Cache Timing Information Task | Checksum: 1c38b9bc8

Time (s): cpu = 00:00:00.46 ; elapsed = 00:00:00.22 . Memory (MB): peak = 2470.957 ; gain = 22.777 ; free physical = 329 ; free virtual = 16510

Starting Logic Optimization Task

Phase 1 Initialization

Phase 1.1 Core Generation And Design Setup
Phase 1.1 Core Generation And Design Setup | Checksum: 1c38b9bc8

Time (s): cpu = 00:00:00.01 ; elapsed = 00:00:00.01 . Memory (MB): peak = 2841.770 ; gain = 0.000 ; free physical = 170 ; free virtual = 16140

Phase 1.2 Setup Constraints And Sort Netlist
Phase 1.2 Setup Constraints And Sort Netlist | Checksum: 1c38b9bc8

Time (s): cpu = 00:00:00.01 ; elapsed = 00:00:00.02 . Memory (MB): peak = 2841.770 ; gain = 0.000 ; free physical = 170 ; free virtual = 16140
Phase 1 Initialization | Checksum: 1c38b9bc8

Time (s): cpu = 00:00:00.01 ; elapsed = 00:00:00.02 . Memory (MB): peak = 2841.770 ; gain = 0.000 ; free physical = 170 ; free virtual = 16140

Phase 2 Timer Update And Timing Data Collection

Phase 2.1 Detect if minReqCache needed
Phase 2.1 Detect if minReqCache needed | Checksum: 1c38b9bc8

Time (s): cpu = 00:00:00.02 ; elapsed = 00:00:00.03 . Memory (MB): peak = 2841.770 ; gain = 0.000 ; free physical = 170 ; free virtual = 16140

Phase 2.2 Timer Update
Phase 2.2 Timer Update | Checksum: 1c38b9bc8

Time (s): cpu = 00:00:00.45 ; elapsed = 00:00:00.19 . Memory (MB): peak = 2841.770 ; gain = 0.000 ; free physical = 171 ; free virtual = 16141

Phase 2.3 Timing Data Collection
Phase 2.3 Timing Data Collection | Checksum: 1c38b9bc8

Time (s): cpu = 00:00:00.46 ; elapsed = 00:00:00.19 . Memory (MB): peak = 2841.770 ; gain = 0.000 ; free physical = 170 ; free virtual = 16141
Phase 2 Timer Update And Timing Data Collection | Checksum: 1c38b9bc8

Time (s): cpu = 00:00:00.46 ; elapsed = 00:00:00.19 . Memory (MB): peak = 2841.770 ; gain = 0.000 ; free physical = 170 ; free virtual = 16141

Phase 3 Retarget
INFO: [Opt 31-1851] Number of loadless carry chains removed were: 0
INFO: [Opt 31-1834] Total Chains To Be Transformed Were: 0 AND Number of Transformed insts Created are: 0
INFO: [Opt 31-1566] Pulled 1 inverters resulting in an inversion of 9 pins
INFO: [Opt 31-138] Pushed 0 inverter(s) to 0 load pin(s).
INFO: [Opt 31-49] Retargeted 0 cell(s).
Phase 3 Retarget | Checksum: 22612fdba

Time (s): cpu = 00:00:00.63 ; elapsed = 00:00:00.33 . Memory (MB): peak = 2841.770 ; gain = 0.000 ; free physical = 170 ; free virtual = 16141
Retarget | Checksum: 22612fdba
INFO: [Opt 31-389] Phase Retarget created 5 cells and removed 7 cells
INFO: [Opt 31-1021] In phase Retarget, 1 netlist objects are constrained preventing optimization. Please run opt_design with -debug_log to get more detail. 

Phase 4 Constant propagation
INFO: [Opt 31-138] Pushed 0 inverter(s) to 0 load pin(s).
Phase 4 Constant propagation | Checksum: 2536228f0

Time (s): cpu = 00:00:00.72 ; elapsed = 00:00:00.42 . Memory (MB): peak = 2841.770 ; gain = 0.000 ; free physical = 170 ; free virtual = 16141
Constant propagation | Checksum: 2536228f0
INFO: [Opt 31-389] Phase Constant propagation created 0 cells and removed 0 cells

Phase 5 Sweep
INFO: [Constraints 18-11670] Building netlist checker database with flags, 0x8
Done building netlist checker database: Time (s): cpu = 00:00:00 ; elapsed = 00:00:00 . Memory (MB): peak = 2841.770 ; gain = 0.000 ; free physical = 170 ; free virtual = 16141
INFO: [Constraints 18-11670] Building netlist checker database with flags, 0x8
Done building netlist checker database: Time (s): cpu = 00:00:00 ; elapsed = 00:00:00 . Memory (MB): peak = 2841.770 ; gain = 0.000 ; free physical = 170 ; free virtual = 16141
Phase 5 Sweep | Checksum: 252cd5262

Time (s): cpu = 00:00:00.82 ; elapsed = 00:00:00.52 . Memory (MB): peak = 2841.770 ; gain = 0.000 ; free physical = 170 ; free virtual = 16141
Sweep | Checksum: 252cd5262
INFO: [Opt 31-389] Phase Sweep created 16 cells and removed 0 cells

Phase 6 BUFG optimization
Phase 6 BUFG optimization | Checksum: 252cd5262

Time (s): cpu = 00:00:00.98 ; elapsed = 00:00:00.59 . Memory (MB): peak = 2873.785 ; gain = 32.016 ; free physical = 169 ; free virtual = 16140
BUFG optimization | Checksum: 252cd5262
INFO: [Opt 31-662] Phase BUFG optimization created 0 cells of which 0 are BUFGs and removed 0 cells.

Phase 7 Shift Register Optimization
INFO: [Opt 31-1064] SRL Remap converted 0 SRLs to 0 registers and converted 0 registers of register chains to 0 SRLs
Phase 7 Shift Register Optimization | Checksum: 252cd5262

Time (s): cpu = 00:00:00.99 ; elapsed = 00:00:00.6 . Memory (MB): peak = 2873.785 ; gain = 32.016 ; free physical = 169 ; free virtual = 16140
Shift Register Optimization | Checksum: 252cd5262
INFO: [Opt 31-389] Phase Shift Register Optimization created 0 cells and removed 0 cells

Phase 8 Post Processing Netlist
Phase 8 Post Processing Netlist | Checksum: 1dbc35748

Time (s): cpu = 00:00:01 ; elapsed = 00:00:00.64 . Memory (MB): peak = 2873.785 ; gain = 32.016 ; free physical = 169 ; free virtual = 16140
Post Processing Netlist | Checksum: 1dbc35748
INFO: [Opt 31-389] Phase Post Processing Netlist created 0 cells and removed 0 cells

Phase 9 Finalization

Phase 9.1 Finalizing Design Cores and Updating Shapes
Phase 9.1 Finalizing Design Cores and Updating Shapes | Checksum: 24e00a819

Time (s): cpu = 00:00:01 ; elapsed = 00:00:00.86 . Memory (MB): peak = 2873.785 ; gain = 32.016 ; free physical = 169 ; free virtual = 16140

Phase 9.2 Verifying Netlist Connectivity

Starting Connectivity Check Task

Time (s): cpu = 00:00:00.02 ; elapsed = 00:00:00.02 . Memory (MB): peak = 2873.785 ; gain = 0.000 ; free physical = 169 ; free virtual = 16140
Phase 9.2 Verifying Netlist Connectivity | Checksum: 24e00a819

Time (s): cpu = 00:00:01 ; elapsed = 00:00:00.88 . Memory (MB): peak = 2873.785 ; gain = 32.016 ; free physical = 169 ; free virtual = 16140
Phase 9 Finalization | Checksum: 24e00a819

Time (s): cpu = 00:00:01 ; elapsed = 00:00:00.88 . Memory (MB): peak = 2873.785 ; gain = 32.016 ; free physical = 169 ; free virtual = 16140
Opt_design Change Summary
=========================


-------------------------------------------------------------------------------------------------------------------------
|  Phase                        |  #Cells created  |  #Cells Removed  |  #Constrained objects preventing optimizations  |
-------------------------------------------------------------------------------------------------------------------------
|  Retarget                     |               5  |               7  |                                              1  |
|  Constant propagation         |               0  |               0  |                                              0  |
|  Sweep                        |              16  |               0  |                                              0  |
|  BUFG optimization            |               0  |               0  |                                              0  |
|  Shift Register Optimization  |               0  |               0  |                                              0  |
|  Post Processing Netlist      |               0  |               0  |                                              0  |
-------------------------------------------------------------------------------------------------------------------------


Ending Logic Optimization Task | Checksum: 24e00a819

Time (s): cpu = 00:00:01 ; elapsed = 00:00:00.88 . Memory (MB): peak = 2873.785 ; gain = 32.016 ; free physical = 169 ; free virtual = 16140

Starting Power Optimization Task
INFO: [Pwropt 34-132] Skipping clock gating for clocks with a period < 2.00 ns.
INFO: [Timing 38-35] Done setting XDC timing constraints.
Running Vector-less Activity Propagation...
INFO: [Pwropt 34-9] Applying IDT optimizations ...
INFO: [Pwropt 34-10] Applying ODC optimizations ...

Finished Running Vector-less Activity Propagation


Starting PowerOpt Patch Enables Task
INFO: [Pwropt 34-162] WRITE_MODE attribute of 0 BRAM(s) out of a total of 16 has been updated to save power. Run report_power_opt to get a complete listing of the BRAMs updated.
INFO: [Pwropt 34-201] Structural ODC has moved 0 WE to EN ports
Number of BRAM Ports augmented: 4 newly gated: 15 Total Ports: 32
Number of Flops added for Enable Generation: 3

Ending PowerOpt Patch Enables Task | Checksum: 1974c38db

Time (s): cpu = 00:00:00.07 ; elapsed = 00:00:00.06 . Memory (MB): peak = 2980.871 ; gain = 0.000 ; free physical = 248 ; free virtual = 16108
Ending Power Optimization Task | Checksum: 1974c38db

Time (s): cpu = 00:00:05 ; elapsed = 00:00:02 . Memory (MB): peak = 2980.871 ; gain = 107.086 ; free physical = 248 ; free virtual = 16108

Starting Final Cleanup Task

Starting Logic Optimization Task
INFO: [Timing 38-35] Done setting XDC timing constraints.
Ending Logic Optimization Task | Checksum: 247c9c706

Time (s): cpu = 00:00:01 ; elapsed = 00:00:00.57 . Memory (MB): peak = 2980.871 ; gain = 0.000 ; free physical = 225 ; free virtual = 16086
Ending Final Cleanup Task | Checksum: 247c9c706

Time (s): cpu = 00:00:03 ; elapsed = 00:00:02 . Memory (MB): peak = 2980.871 ; gain = 0.000 ; free physical = 225 ; free virtual = 16086
Netlist sorting complete. Time (s): cpu = 00:00:00 ; elapsed = 00:00:00 . Memory (MB): peak = 2980.871 ; gain = 0.000 ; free physical = 225 ; free virtual = 16086
INFO: [Common 17-83] Releasing license: Implementation
40 Infos, 1 Warnings, 0 Critical Warnings and 0 Errors encountered.
opt_design completed successfully
opt_design: Time (s): cpu = 00:00:12 ; elapsed = 00:00:08 . Memory (MB): peak = 2980.871 ; gain = 532.691 ; free physical = 225 ; free virtual = 16086
INFO: [Vivado 12-24828] Executing command : report_drc -file fpga_top_drc_opted.rpt -pb fpga_top_drc_opted.pb -rpx fpga_top_drc_opted.rpx
Command: report_drc -file fpga_top_drc_opted.rpt -pb fpga_top_drc_opted.pb -rpx fpga_top_drc_opted.rpx
INFO: [IP_Flow 19-1839] IP Catalog is up to date.
INFO: [DRC 23-27] Running DRC with 4 threads
INFO: [Vivado_Tcl 2-168] The results of DRC are in file /home/luxyxp/Documents/mainfiles/FPGA/Vivado_projects/Main_MCU_Project/Main_MCU_Project.runs/impl_1/fpga_top_drc_opted.rpt.
report_drc completed successfully
INFO: [Timing 38-480] Writing timing data to binary archive.
Wrote PlaceDB: Time (s): cpu = 00:00:00 ; elapsed = 00:00:00 . Memory (MB): peak = 2980.871 ; gain = 0.000 ; free physical = 221 ; free virtual = 16084
Wrote PulsedLatchDB: Time (s): cpu = 00:00:00 ; elapsed = 00:00:00.01 . Memory (MB): peak = 2980.871 ; gain = 0.000 ; free physical = 221 ; free virtual = 16084
Writing XDEF routing.
Writing XDEF routing logical nets.
Writing XDEF routing special nets.
Wrote RouteStorage: Time (s): cpu = 00:00:00.11 ; elapsed = 00:00:00.02 . Memory (MB): peak = 2980.871 ; gain = 0.000 ; free physical = 221 ; free virtual = 16084
Wrote PlaceStorage: Time (s): cpu = 00:00:00.01 ; elapsed = 00:00:00 . Memory (MB): peak = 2980.871 ; gain = 0.000 ; free physical = 221 ; free virtual = 16084
Wrote Netlist Cache: Time (s): cpu = 00:00:00 ; elapsed = 00:00:00 . Memory (MB): peak = 2980.871 ; gain = 0.000 ; free physical = 221 ; free virtual = 16084
Wrote Device Cache: Time (s): cpu = 00:00:00.02 ; elapsed = 00:00:00 . Memory (MB): peak = 2980.871 ; gain = 0.000 ; free physical = 219 ; free virtual = 16084
Write ShapeDB Complete: Time (s): cpu = 00:00:00.14 ; elapsed = 00:00:00.03 . Memory (MB): peak = 2980.871 ; gain = 0.000 ; free physical = 219 ; free virtual = 16084
Write Physdb Complete: Time (s): cpu = 00:00:00.14 ; elapsed = 00:00:00.04 . Memory (MB): peak = 2980.871 ; gain = 0.000 ; free physical = 219 ; free virtual = 16084
INFO: [Common 17-1381] The checkpoint '/home/luxyxp/Documents/mainfiles/FPGA/Vivado_projects/Main_MCU_Project/Main_MCU_Project.runs/impl_1/fpga_top_opt.dcp' has been generated.
Command: place_design
Attempting to get a license for feature 'Implementation' and/or device 'xc7a100t'
INFO: [Common 17-349] Got license for feature 'Implementation' and/or device 'xc7a100t'
INFO: [Common 17-83] Releasing license: Implementation
INFO: [DRC 23-27] Running DRC with 4 threads
INFO: [Vivado_Tcl 4-198] DRC finished with 0 Errors
INFO: [Vivado_Tcl 4-199] Please refer to the DRC report (report_drc) for more information.
INFO: [Timing 38-35] Done setting XDC timing constraints.
Running DRC as a precondition to command place_design
INFO: [DRC 23-27] Running DRC with 4 threads
INFO: [Vivado_Tcl 4-198] DRC finished with 0 Errors, 42 Warnings
INFO: [Vivado_Tcl 4-199] Please refer to the DRC report (report_drc) for more information.
INFO: [Place 30-611] Multithreading enabled for place_design using a maximum of 4 CPUs

Starting Placer Task

Phase 1 Placer Initialization

Phase 1.1 Placer Initialization Netlist Sorting
Netlist sorting complete. Time (s): cpu = 00:00:00 ; elapsed = 00:00:00 . Memory (MB): peak = 2980.871 ; gain = 0.000 ; free physical = 212 ; free virtual = 16078
Phase 1.1 Placer Initialization Netlist Sorting | Checksum: 173878aa2

Time (s): cpu = 00:00:00 ; elapsed = 00:00:00.01 . Memory (MB): peak = 2980.871 ; gain = 0.000 ; free physical = 212 ; free virtual = 16079
Netlist sorting complete. Time (s): cpu = 00:00:00.01 ; elapsed = 00:00:00 . Memory (MB): peak = 2980.871 ; gain = 0.000 ; free physical = 212 ; free virtual = 16079

Phase 1.2 IO Placement/ Clock Placement/ Build Placer Device
Phase 1.2 IO Placement/ Clock Placement/ Build Placer Device | Checksum: 224050b4c

Time (s): cpu = 00:00:00.85 ; elapsed = 00:00:00.4 . Memory (MB): peak = 2980.871 ; gain = 0.000 ; free physical = 211 ; free virtual = 16082

Phase 1.3 Build Placer Netlist Model
Phase 1.3 Build Placer Netlist Model | Checksum: 284f5aea7

Time (s): cpu = 00:00:04 ; elapsed = 00:00:02 . Memory (MB): peak = 2980.871 ; gain = 0.000 ; free physical = 202 ; free virtual = 16076

Phase 1.4 Constrain Clocks/Macros
Phase 1.4 Constrain Clocks/Macros | Checksum: 284f5aea7

Time (s): cpu = 00:00:04 ; elapsed = 00:00:02 . Memory (MB): peak = 2980.871 ; gain = 0.000 ; free physical = 202 ; free virtual = 16076
Phase 1 Placer Initialization | Checksum: 284f5aea7

Time (s): cpu = 00:00:04 ; elapsed = 00:00:02 . Memory (MB): peak = 2980.871 ; gain = 0.000 ; free physical = 202 ; free virtual = 16076

Phase 2 Global Placement

Phase 2.1 Floorplanning
Phase 2.1 Floorplanning | Checksum: 2b847b652

Time (s): cpu = 00:00:06 ; elapsed = 00:00:02 . Memory (MB): peak = 2980.871 ; gain = 0.000 ; free physical = 200 ; free virtual = 16075

Phase 2.2 Update Timing before SLR Path Opt
Phase 2.2 Update Timing before SLR Path Opt | Checksum: 23d457849

Time (s): cpu = 00:00:07 ; elapsed = 00:00:03 . Memory (MB): peak = 2980.871 ; gain = 0.000 ; free physical = 200 ; free virtual = 16074

Phase 2.3 Post-Processing in Floorplanning
Phase 2.3 Post-Processing in Floorplanning | Checksum: 23d457849

Time (s): cpu = 00:00:07 ; elapsed = 00:00:03 . Memory (MB): peak = 2980.871 ; gain = 0.000 ; free physical = 200 ; free virtual = 16074

Phase 2.4 Global Place Phase1
Phase 2.4 Global Place Phase1 | Checksum: 26252f07a

Time (s): cpu = 00:00:18 ; elapsed = 00:00:07 . Memory (MB): peak = 2980.871 ; gain = 0.000 ; free physical = 188 ; free virtual = 16064

Phase 2.5 Global Place Phase2

Phase 2.5.1 UpdateTiming Before Physical Synthesis
Phase 2.5.1 UpdateTiming Before Physical Synthesis | Checksum: 2bf64f69b

Time (s): cpu = 00:00:20 ; elapsed = 00:00:08 . Memory (MB): peak = 2980.871 ; gain = 0.000 ; free physical = 189 ; free virtual = 16065

Phase 2.5.2 Physical Synthesis In Placer
INFO: [Physopt 32-1035] Found 0 LUTNM shape to break, 480 LUT instances to create LUTNM shape
INFO: [Physopt 32-1044] Break lutnm for timing: one critical 0, two critical 0, total 0, new lutff created 0
INFO: [Physopt 32-1138] End 1 Pass. Optimized 230 nets or LUTs. Breaked 0 LUT, combined 230 existing LUTs and moved 0 existing LUT
INFO: [Physopt 32-65] No nets found for high-fanout optimization.
INFO: [Physopt 32-232] Optimized 0 net. Created 0 new instance.
INFO: [Physopt 32-775] End 1 Pass. Optimized 0 net or cell. Created 0 new cell, deleted 0 existing cell and moved 0 existing cell
INFO: [Physopt 32-456] No candidate cells for DSP register optimization found in the design.
INFO: [Physopt 32-775] End 2 Pass. Optimized 0 net or cell. Created 0 new cell, deleted 0 existing cell and moved 0 existing cell
INFO: [Physopt 32-1123] No candidate cells found for Shift Register to Pipeline optimization
INFO: [Physopt 32-775] End 2 Pass. Optimized 0 net or cell. Created 0 new cell, deleted 0 existing cell and moved 0 existing cell
INFO: [Physopt 32-1401] No candidate cells found for Shift Register optimization.
INFO: [Physopt 32-677] No candidate cells for Shift Register optimization found in the design
INFO: [Physopt 32-775] End 1 Pass. Optimized 0 net or cell. Created 0 new cell, deleted 0 existing cell and moved 0 existing cell
INFO: [Physopt 32-526] No candidate cells for BRAM register optimization found in the design
INFO: [Physopt 32-775] End 1 Pass. Optimized 0 net or cell. Created 0 new cell, deleted 0 existing cell and moved 0 existing cell
INFO: [Physopt 32-846] No candidate cells for URAM register optimization found in the design
INFO: [Physopt 32-775] End 1 Pass. Optimized 0 net or cell. Created 0 new cell, deleted 0 existing cell and moved 0 existing cell
INFO: [Physopt 32-846] No candidate cells for URAM register optimization found in the design
INFO: [Physopt 32-775] End 1 Pass. Optimized 0 net or cell. Created 0 new cell, deleted 0 existing cell and moved 0 existing cell
INFO: [Physopt 32-949] No candidate nets found for dynamic/static region interface net replication
INFO: [Physopt 32-775] End 1 Pass. Optimized 0 net or cell. Created 0 new cell, deleted 0 existing cell and moved 0 existing cell
Netlist sorting complete. Time (s): cpu = 00:00:00 ; elapsed = 00:00:00 . Memory (MB): peak = 2980.871 ; gain = 0.000 ; free physical = 188 ; free virtual = 16067

Summary of Physical Synthesis Optimizations
============================================


-----------------------------------------------------------------------------------------------------------------------------------------------------------
|  Optimization                                     |  Added Cells  |  Removed Cells  |  Optimized Cells/Nets  |  Dont Touch  |  Iterations  |  Elapsed   |
-----------------------------------------------------------------------------------------------------------------------------------------------------------
|  LUT Combining                                    |            0  |            230  |                   230  |           0  |           1  |  00:00:00  |
|  Retime                                           |            0  |              0  |                     0  |           0  |           1  |  00:00:00  |
|  Very High Fanout                                 |            0  |              0  |                     0  |           0  |           1  |  00:00:00  |
|  DSP Register                                     |            0  |              0  |                     0  |           0  |           1  |  00:00:00  |
|  Shift Register to Pipeline                       |            0  |              0  |                     0  |           0  |           1  |  00:00:00  |
|  Shift Register                                   |            0  |              0  |                     0  |           0  |           1  |  00:00:00  |
|  BRAM Register                                    |            0  |              0  |                     0  |           0  |           1  |  00:00:00  |
|  URAM Register                                    |            0  |              0  |                     0  |           0  |           1  |  00:00:00  |
|  Dynamic/Static Region Interface Net Replication  |            0  |              0  |                     0  |           0  |           1  |  00:00:00  |
|  Total                                            |            0  |            230  |                   230  |           0  |           9  |  00:00:00  |
-----------------------------------------------------------------------------------------------------------------------------------------------------------


Phase 2.5.2 Physical Synthesis In Placer | Checksum: 34edef6f6

Time (s): cpu = 00:00:22 ; elapsed = 00:00:09 . Memory (MB): peak = 2980.871 ; gain = 0.000 ; free physical = 188 ; free virtual = 16067
Phase 2.5 Global Place Phase2 | Checksum: 28cd41e3d

Time (s): cpu = 00:00:23 ; elapsed = 00:00:09 . Memory (MB): peak = 2980.871 ; gain = 0.000 ; free physical = 188 ; free virtual = 16068
Phase 2 Global Placement | Checksum: 28cd41e3d

Time (s): cpu = 00:00:23 ; elapsed = 00:00:09 . Memory (MB): peak = 2980.871 ; gain = 0.000 ; free physical = 188 ; free virtual = 16068

Phase 3 Detail Placement

Phase 3.1 Commit Multi Column Macros
Phase 3.1 Commit Multi Column Macros | Checksum: 25f6cdc7a

Time (s): cpu = 00:00:25 ; elapsed = 00:00:10 . Memory (MB): peak = 2980.871 ; gain = 0.000 ; free physical = 188 ; free virtual = 16068

Phase 3.2 Commit Most Macros & LUTRAMs
Phase 3.2 Commit Most Macros & LUTRAMs | Checksum: 25d4f74c9

Time (s): cpu = 00:00:28 ; elapsed = 00:00:11 . Memory (MB): peak = 2980.871 ; gain = 0.000 ; free physical = 188 ; free virtual = 16068

Phase 3.3 Area Swap Optimization
Phase 3.3 Area Swap Optimization | Checksum: 248573075

Time (s): cpu = 00:00:28 ; elapsed = 00:00:11 . Memory (MB): peak = 2980.871 ; gain = 0.000 ; free physical = 188 ; free virtual = 16068

Phase 3.4 Pipeline Register Optimization
Phase 3.4 Pipeline Register Optimization | Checksum: 26f72ff6c

Time (s): cpu = 00:00:28 ; elapsed = 00:00:11 . Memory (MB): peak = 2980.871 ; gain = 0.000 ; free physical = 188 ; free virtual = 16068

Phase 3.5 Small Shape Detail Placement
Phase 3.5 Small Shape Detail Placement | Checksum: 2ab8e4ebc

Time (s): cpu = 00:00:31 ; elapsed = 00:00:13 . Memory (MB): peak = 2980.871 ; gain = 0.000 ; free physical = 187 ; free virtual = 16068

Phase 3.6 Re-assign LUT pins
Phase 3.6 Re-assign LUT pins | Checksum: 2d22be5fa

Time (s): cpu = 00:00:31 ; elapsed = 00:00:14 . Memory (MB): peak = 2980.871 ; gain = 0.000 ; free physical = 187 ; free virtual = 16068

Phase 3.7 Pipeline Register Optimization
Phase 3.7 Pipeline Register Optimization | Checksum: 2ea7f96f1

Time (s): cpu = 00:00:31 ; elapsed = 00:00:14 . Memory (MB): peak = 2980.871 ; gain = 0.000 ; free physical = 187 ; free virtual = 16067
Phase 3 Detail Placement | Checksum: 2ea7f96f1

Time (s): cpu = 00:00:32 ; elapsed = 00:00:14 . Memory (MB): peak = 2980.871 ; gain = 0.000 ; free physical = 187 ; free virtual = 16067

Phase 4 Post Placement Optimization and Clean-Up

Phase 4.1 Post Commit Optimization
INFO: [Timing 38-35] Done setting XDC timing constraints.

Phase 4.1.1 Post Placement Optimization
Post Placement Optimization Initialization | Checksum: 168b541e0

Phase 4.1.1.1 BUFG Insertion

Starting Physical Synthesis Task

Phase 1 Physical Synthesis Initialization
INFO: [Physopt 32-721] Multithreading enabled for phys_opt_design using a maximum of 4 CPUs
INFO: [Physopt 32-619] Estimated Timing Summary | WNS=-0.485 | TNS=-0.935 |
Phase 1 Physical Synthesis Initialization | Checksum: e43585d5

Time (s): cpu = 00:00:00.33 ; elapsed = 00:00:00.11 . Memory (MB): peak = 2980.871 ; gain = 0.000 ; free physical = 187 ; free virtual = 16067
INFO: [Place 46-33] Processed net soc_inst/conv_accelerator_inst/rst_sync_1_reg, BUFG insertion was skipped due to placement/routing conflicts.
INFO: [Place 46-56] BUFG insertion identified 1 candidate nets. Inserted BUFG: 0, Replicated BUFG Driver: 0, Skipped due to Placement/Routing Conflicts: 1, Skipped due to Timing Degradation: 0, Skipped due to netlist editing failed: 0.
Ending Physical Synthesis Task | Checksum: 233c69ff7

Time (s): cpu = 00:00:00.64 ; elapsed = 00:00:00.34 . Memory (MB): peak = 2980.871 ; gain = 0.000 ; free physical = 187 ; free virtual = 16067
Phase 4.1.1.1 BUFG Insertion | Checksum: 168b541e0

Time (s): cpu = 00:00:36 ; elapsed = 00:00:16 . Memory (MB): peak = 2980.871 ; gain = 0.000 ; free physical = 187 ; free virtual = 16067

Phase 4.1.1.2 Post Placement Timing Optimization
INFO: [Place 30-746] Post Placement Timing Summary WNS=0.503. For the most accurate timing information please run report_timing.
Phase 4.1.1.2 Post Placement Timing Optimization | Checksum: 1b86bd143

Time (s): cpu = 00:00:37 ; elapsed = 00:00:17 . Memory (MB): peak = 2980.871 ; gain = 0.000 ; free physical = 187 ; free virtual = 16068

Time (s): cpu = 00:00:37 ; elapsed = 00:00:17 . Memory (MB): peak = 2980.871 ; gain = 0.000 ; free physical = 187 ; free virtual = 16068
Phase 4.1 Post Commit Optimization | Checksum: 1b86bd143

Time (s): cpu = 00:00:37 ; elapsed = 00:00:17 . Memory (MB): peak = 2980.871 ; gain = 0.000 ; free physical = 187 ; free virtual = 16068

Phase 4.2 Post Placement Cleanup
Phase 4.2 Post Placement Cleanup | Checksum: 1b86bd143

Time (s): cpu = 00:00:37 ; elapsed = 00:00:17 . Memory (MB): peak = 2980.871 ; gain = 0.000 ; free physical = 187 ; free virtual = 16068

Phase 4.3 Placer Reporting

Phase 4.3.1 Print Estimated Congestion
INFO: [Place 30-612] Post-Placement Estimated Congestion 
 ____________________________________________________
|           | Global Congestion | Short Congestion  |
| Direction | Region Size       | Region Size       |
|___________|___________________|___________________|
|      North|                1x1|                4x4|
|___________|___________________|___________________|
|      South|                1x1|                2x2|
|___________|___________________|___________________|
|       East|                1x1|                2x2|
|___________|___________________|___________________|
|       West|                1x1|                1x1|
|___________|___________________|___________________|

Phase 4.3.1 Print Estimated Congestion | Checksum: 1b86bd143

Time (s): cpu = 00:00:37 ; elapsed = 00:00:17 . Memory (MB): peak = 2980.871 ; gain = 0.000 ; free physical = 187 ; free virtual = 16068
Phase 4.3 Placer Reporting | Checksum: 1b86bd143

Time (s): cpu = 00:00:37 ; elapsed = 00:00:17 . Memory (MB): peak = 2980.871 ; gain = 0.000 ; free physical = 187 ; free virtual = 16068

Phase 4.4 Final Placement Cleanup
Netlist sorting complete. Time (s): cpu = 00:00:00 ; elapsed = 00:00:00 . Memory (MB): peak = 2980.871 ; gain = 0.000 ; free physical = 187 ; free virtual = 16068

Time (s): cpu = 00:00:37 ; elapsed = 00:00:17 . Memory (MB): peak = 2980.871 ; gain = 0.000 ; free physical = 187 ; free virtual = 16068
Phase 4 Post Placement Optimization and Clean-Up | Checksum: 24409b02f

Time (s): cpu = 00:00:38 ; elapsed = 00:00:17 . Memory (MB): peak = 2980.871 ; gain = 0.000 ; free physical = 187 ; free virtual = 16068
Ending Placer Task | Checksum: 17a68691d

Time (s): cpu = 00:00:38 ; elapsed = 00:00:17 . Memory (MB): peak = 2980.871 ; gain = 0.000 ; free physical = 187 ; free virtual = 16068
84 Infos, 1 Warnings, 0 Critical Warnings and 0 Errors encountered.
place_design completed successfully
place_design: Time (s): cpu = 00:00:39 ; elapsed = 00:00:18 . Memory (MB): peak = 2980.871 ; gain = 0.000 ; free physical = 187 ; free virtual = 16068
INFO: [Vivado 12-24838] Running report commands "report_control_sets, report_io, report_utilization" in parallel.
Running report generation with 3 threads.
INFO: [Vivado 12-24828] Executing command : report_control_sets -verbose -file fpga_top_control_sets_placed.rpt
report_control_sets: Time (s): cpu = 00:00:00.12 ; elapsed = 00:00:00.07 . Memory (MB): peak = 2980.871 ; gain = 0.000 ; free physical = 181 ; free virtual = 16062
INFO: [Vivado 12-24828] Executing command : report_io -file fpga_top_io_placed.rpt
report_io: Time (s): cpu = 00:00:00.21 ; elapsed = 00:00:00.15 . Memory (MB): peak = 2980.871 ; gain = 0.000 ; free physical = 179 ; free virtual = 16060
INFO: [Vivado 12-24828] Executing command : report_utilization -file fpga_top_utilization_placed.rpt -pb fpga_top_utilization_placed.pb
INFO: [Timing 38-480] Writing timing data to binary archive.
Wrote PlaceDB: Time (s): cpu = 00:00:00 ; elapsed = 00:00:00 . Memory (MB): peak = 2980.871 ; gain = 0.000 ; free physical = 181 ; free virtual = 16062
Wrote PulsedLatchDB: Time (s): cpu = 00:00:00 ; elapsed = 00:00:00 . Memory (MB): peak = 2980.871 ; gain = 0.000 ; free physical = 181 ; free virtual = 16062
Writing XDEF routing.
Writing XDEF routing logical nets.
Writing XDEF routing special nets.
Wrote RouteStorage: Time (s): cpu = 00:00:00.12 ; elapsed = 00:00:00.02 . Memory (MB): peak = 2980.871 ; gain = 0.000 ; free physical = 180 ; free virtual = 16062
Write ShapeDB Complete: Time (s): cpu = 00:00:00.15 ; elapsed = 00:00:00.03 . Memory (MB): peak = 2980.871 ; gain = 0.000 ; free physical = 180 ; free virtual = 16063
Wrote PlaceStorage: Time (s): cpu = 00:00:01 ; elapsed = 00:00:00.46 . Memory (MB): peak = 2980.871 ; gain = 0.000 ; free physical = 266 ; free virtual = 16056
Wrote Netlist Cache: Time (s): cpu = 00:00:00.02 ; elapsed = 00:00:00.01 . Memory (MB): peak = 2980.871 ; gain = 0.000 ; free physical = 262 ; free virtual = 16054
Wrote Device Cache: Time (s): cpu = 00:00:00 ; elapsed = 00:00:00.01 . Memory (MB): peak = 2980.871 ; gain = 0.000 ; free physical = 262 ; free virtual = 16054
Write Physdb Complete: Time (s): cpu = 00:00:01 ; elapsed = 00:00:00.5 . Memory (MB): peak = 2980.871 ; gain = 0.000 ; free physical = 262 ; free virtual = 16054
INFO: [Common 17-1381] The checkpoint '/home/luxyxp/Documents/mainfiles/FPGA/Vivado_projects/Main_MCU_Project/Main_MCU_Project.runs/impl_1/fpga_top_placed.dcp' has been generated.
Command: phys_opt_design
Attempting to get a license for feature 'Implementation' and/or device 'xc7a100t'
INFO: [Common 17-349] Got license for feature 'Implementation' and/or device 'xc7a100t'

Starting Initial Update Timing Task

Time (s): cpu = 00:00:03 ; elapsed = 00:00:01 . Memory (MB): peak = 2980.871 ; gain = 0.000 ; free physical = 259 ; free virtual = 16042
INFO: [Vivado_Tcl 4-2279] Estimated Timing Summary | WNS= 0.503 | TNS= 0.000 | 
INFO: [Vivado_Tcl 4-383] Design worst setup slack (WNS) is greater than or equal to 0.000 ns. All physical synthesis setup optimizations will be skipped.
INFO: [Vivado_Tcl 4-232] No setup violation found. The netlist was not modified.
INFO: [Common 17-83] Releasing license: Implementation
95 Infos, 1 Warnings, 0 Critical Warnings and 0 Errors encountered.
phys_opt_design completed successfully
INFO: [Timing 38-480] Writing timing data to binary archive.
Wrote PlaceDB: Time (s): cpu = 00:00:00 ; elapsed = 00:00:00 . Memory (MB): peak = 2980.871 ; gain = 0.000 ; free physical = 259 ; free virtual = 16042
Wrote PulsedLatchDB: Time (s): cpu = 00:00:00 ; elapsed = 00:00:00 . Memory (MB): peak = 2980.871 ; gain = 0.000 ; free physical = 259 ; free virtual = 16042
Writing XDEF routing.
Writing XDEF routing logical nets.
Writing XDEF routing special nets.
Wrote RouteStorage: Time (s): cpu = 00:00:00.11 ; elapsed = 00:00:00.02 . Memory (MB): peak = 2980.871 ; gain = 0.000 ; free physical = 259 ; free virtual = 16042
Write ShapeDB Complete: Time (s): cpu = 00:00:00.21 ; elapsed = 00:00:00.05 . Memory (MB): peak = 2980.871 ; gain = 0.000 ; free physical = 257 ; free virtual = 16044
Wrote PlaceStorage: Time (s): cpu = 00:00:01 ; elapsed = 00:00:00.46 . Memory (MB): peak = 2980.871 ; gain = 0.000 ; free physical = 245 ; free virtual = 16044
Wrote Netlist Cache: Time (s): cpu = 00:00:00.01 ; elapsed = 00:00:00.01 . Memory (MB): peak = 2980.871 ; gain = 0.000 ; free physical = 241 ; free virtual = 16041
Wrote Device Cache: Time (s): cpu = 00:00:00.01 ; elapsed = 00:00:00 . Memory (MB): peak = 2980.871 ; gain = 0.000 ; free physical = 241 ; free virtual = 16042
Write Physdb Complete: Time (s): cpu = 00:00:01 ; elapsed = 00:00:00.5 . Memory (MB): peak = 2980.871 ; gain = 0.000 ; free physical = 241 ; free virtual = 16042
INFO: [Common 17-1381] The checkpoint '/home/luxyxp/Documents/mainfiles/FPGA/Vivado_projects/Main_MCU_Project/Main_MCU_Project.runs/impl_1/fpga_top_physopt.dcp' has been generated.
Command: route_design
Attempting to get a license for feature 'Implementation' and/or device 'xc7a100t'
INFO: [Common 17-349] Got license for feature 'Implementation' and/or device 'xc7a100t'


Starting Routing Task
INFO: [Route 35-254] Multithreading enabled for route_design using a maximum of 4 CPUs

Phase 1 Build RT Design
Checksum: PlaceDB: b8b84ce3 ConstDB: 0 ShapeSum: fddbca4 RouteDB: b1d25f96
Post Restoration Checksum: NetGraph: d056086c | NumContArr: 20eb167d | Constraints: c2a8fa9d | Timing: c2a8fa9d
Phase 1 Build RT Design | Checksum: 276931423

Time (s): cpu = 00:00:24 ; elapsed = 00:00:18 . Memory (MB): peak = 2980.871 ; gain = 0.000 ; free physical = 259 ; free virtual = 16052

Phase 2 Router Initialization

Phase 2.1 Fix Topology Constraints
Phase 2.1 Fix Topology Constraints | Checksum: 276931423

Time (s): cpu = 00:00:24 ; elapsed = 00:00:18 . Memory (MB): peak = 2980.871 ; gain = 0.000 ; free physical = 259 ; free virtual = 16052

Phase 2.2 Pre Route Cleanup
Phase 2.2 Pre Route Cleanup | Checksum: 276931423

Time (s): cpu = 00:00:24 ; elapsed = 00:00:18 . Memory (MB): peak = 2980.871 ; gain = 0.000 ; free physical = 259 ; free virtual = 16052
 Number of Nodes with overlaps = 0

Phase 2.3 Update Timing
Phase 2.3 Update Timing | Checksum: 189348b03

Time (s): cpu = 00:00:29 ; elapsed = 00:00:20 . Memory (MB): peak = 2980.871 ; gain = 0.000 ; free physical = 256 ; free virtual = 16050
INFO: [Route 35-416] Intermediate Timing Summary | WNS=0.877  | TNS=0.000  | WHS=-0.207 | THS=-79.794|


Phase 2.4 Soft Constraint Pins - Fast Budgeting
Phase 2.4 Soft Constraint Pins - Fast Budgeting | Checksum: 263bd8d0f

Time (s): cpu = 00:00:31 ; elapsed = 00:00:21 . Memory (MB): peak = 2980.871 ; gain = 0.000 ; free physical = 248 ; free virtual = 16042

Router Utilization Summary
  Global Vertical Routing Utilization    = 0 %
  Global Horizontal Routing Utilization  = 0 %
  Routable Net Status*
  *Does not include unroutable nets such as driverless and loadless.
  Run report_route_status for detailed report.
  Number of Failed Nets               = 14717
    (Failed Nets is the sum of unrouted and partially routed nets)
  Number of Unrouted Nets             = 14717
  Number of Partially Routed Nets     = 0
  Number of Node Overlaps             = 0

Phase 2 Router Initialization | Checksum: 1863143ce

Time (s): cpu = 00:00:31 ; elapsed = 00:00:21 . Memory (MB): peak = 2980.871 ; gain = 0.000 ; free physical = 248 ; free virtual = 16042

Phase 3 Global Routing
Phase 3 Global Routing | Checksum: 1863143ce

Time (s): cpu = 00:00:31 ; elapsed = 00:00:21 . Memory (MB): peak = 2980.871 ; gain = 0.000 ; free physical = 248 ; free virtual = 16042

Phase 4 Initial Routing

Phase 4.1 Initial Net Routing Pass
Phase 4.1 Initial Net Routing Pass | Checksum: 2e1cbedb8

Time (s): cpu = 00:00:35 ; elapsed = 00:00:22 . Memory (MB): peak = 2980.871 ; gain = 0.000 ; free physical = 248 ; free virtual = 16043
Phase 4 Initial Routing | Checksum: 2e1cbedb8

Time (s): cpu = 00:00:35 ; elapsed = 00:00:22 . Memory (MB): peak = 2980.871 ; gain = 0.000 ; free physical = 248 ; free virtual = 16043

Phase 5 Rip-up And Reroute

Phase 5.1 Global Iteration 0
 Number of Nodes with overlaps = 4433
 Number of Nodes with overlaps = 1612
 Number of Nodes with overlaps = 747
 Number of Nodes with overlaps = 161
 Number of Nodes with overlaps = 42
 Number of Nodes with overlaps = 8
 Number of Nodes with overlaps = 2
 Number of Nodes with overlaps = 0
INFO: [Route 35-416] Intermediate Timing Summary | WNS=-0.034 | TNS=-0.034 | WHS=N/A    | THS=N/A    |

Phase 5.1 Global Iteration 0 | Checksum: 1ed6a22aa

Time (s): cpu = 00:00:59 ; elapsed = 00:00:42 . Memory (MB): peak = 2980.871 ; gain = 0.000 ; free physical = 247 ; free virtual = 16042

Phase 5.2 Global Iteration 1
 Number of Nodes with overlaps = 579
 Number of Nodes with overlaps = 170
 Number of Nodes with overlaps = 101
 Number of Nodes with overlaps = 71
 Number of Nodes with overlaps = 38
 Number of Nodes with overlaps = 21
 Number of Nodes with overlaps = 7
 Number of Nodes with overlaps = 6
 Number of Nodes with overlaps = 4
 Number of Nodes with overlaps = 5
 Number of Nodes with overlaps = 2
 Number of Nodes with overlaps = 0
INFO: [Route 35-416] Intermediate Timing Summary | WNS=0.528  | TNS=0.000  | WHS=N/A    | THS=N/A    |

Phase 5.2 Global Iteration 1 | Checksum: 2304e2122

Time (s): cpu = 00:01:10 ; elapsed = 00:00:49 . Memory (MB): peak = 2980.871 ; gain = 0.000 ; free physical = 248 ; free virtual = 16044
Phase 5 Rip-up And Reroute | Checksum: 2304e2122

Time (s): cpu = 00:01:10 ; elapsed = 00:00:49 . Memory (MB): peak = 2980.871 ; gain = 0.000 ; free physical = 248 ; free virtual = 16044

Phase 6 Delay and Skew Optimization

Phase 6.1 Delay CleanUp
Phase 6.1 Delay CleanUp | Checksum: 2304e2122

Time (s): cpu = 00:01:10 ; elapsed = 00:00:49 . Memory (MB): peak = 2980.871 ; gain = 0.000 ; free physical = 248 ; free virtual = 16044

Phase 6.2 Clock Skew Optimization
Phase 6.2 Clock Skew Optimization | Checksum: 2304e2122

Time (s): cpu = 00:01:10 ; elapsed = 00:00:49 . Memory (MB): peak = 2980.871 ; gain = 0.000 ; free physical = 248 ; free virtual = 16044
Phase 6 Delay and Skew Optimization | Checksum: 2304e2122

Time (s): cpu = 00:01:10 ; elapsed = 00:00:49 . Memory (MB): peak = 2980.871 ; gain = 0.000 ; free physical = 248 ; free virtual = 16044

Phase 7 Post Hold Fix

Phase 7.1 Hold Fix Iter
INFO: [Route 35-416] Intermediate Timing Summary | WNS=0.607  | TNS=0.000  | WHS=0.033  | THS=0.000  |

Phase 7.1 Hold Fix Iter | Checksum: 2a146936b

Time (s): cpu = 00:01:11 ; elapsed = 00:00:49 . Memory (MB): peak = 2980.871 ; gain = 0.000 ; free physical = 248 ; free virtual = 16044
Phase 7 Post Hold Fix | Checksum: 2a146936b

Time (s): cpu = 00:01:11 ; elapsed = 00:00:49 . Memory (MB): peak = 2980.871 ; gain = 0.000 ; free physical = 248 ; free virtual = 16044

Phase 8 Route finalize

Router Utilization Summary
  Global Vertical Routing Utilization    = 3.24777 %
  Global Horizontal Routing Utilization  = 4.35273 %
  Routable Net Status*
  *Does not include unroutable nets such as driverless and loadless.
  Run report_route_status for detailed report.
  Number of Failed Nets               = 0
    (Failed Nets is the sum of unrouted and partially routed nets)
  Number of Unrouted Nets             = 0
  Number of Partially Routed Nets     = 0
  Number of Node Overlaps             = 0

Phase 8 Route finalize | Checksum: 2a146936b

Time (s): cpu = 00:01:11 ; elapsed = 00:00:49 . Memory (MB): peak = 2980.871 ; gain = 0.000 ; free physical = 248 ; free virtual = 16044

Phase 9 Verifying routed nets

 Verification completed successfully
Phase 9 Verifying routed nets | Checksum: 2a146936b

Time (s): cpu = 00:01:11 ; elapsed = 00:00:49 . Memory (MB): peak = 2980.871 ; gain = 0.000 ; free physical = 248 ; free virtual = 16044

Phase 10 Depositing Routes
Phase 10 Depositing Routes | Checksum: 327005e8b

Time (s): cpu = 00:01:13 ; elapsed = 00:00:50 . Memory (MB): peak = 2980.871 ; gain = 0.000 ; free physical = 248 ; free virtual = 16044

Phase 11 Post Process Routing
Phase 11 Post Process Routing | Checksum: 327005e8b

Time (s): cpu = 00:01:13 ; elapsed = 00:00:50 . Memory (MB): peak = 2980.871 ; gain = 0.000 ; free physical = 248 ; free virtual = 16044

Phase 12 Post Router Timing
INFO: [Route 35-57] Estimated Timing Summary | WNS=0.607  | TNS=0.000  | WHS=0.033  | THS=0.000  |

INFO: [Route 35-327] The final timing numbers are based on the router estimated timing analysis. For a complete and accurate timing signoff, please run report_timing_summary.
Phase 12 Post Router Timing | Checksum: 327005e8b

Time (s): cpu = 00:01:13 ; elapsed = 00:00:50 . Memory (MB): peak = 2980.871 ; gain = 0.000 ; free physical = 248 ; free virtual = 16044
Total Elapsed time in route_design: 50.38 secs

Phase 13 Post-Route Event Processing
Phase 13 Post-Route Event Processing | Checksum: 14820fcbb

Time (s): cpu = 00:01:13 ; elapsed = 00:00:50 . Memory (MB): peak = 2980.871 ; gain = 0.000 ; free physical = 248 ; free virtual = 16044
INFO: [Route 35-16] Router Completed Successfully
Ending Routing Task | Checksum: 14820fcbb

Time (s): cpu = 00:01:13 ; elapsed = 00:00:50 . Memory (MB): peak = 2980.871 ; gain = 0.000 ; free physical = 248 ; free virtual = 16044

Routing Is Done.
INFO: [Common 17-83] Releasing license: Implementation
107 Infos, 1 Warnings, 0 Critical Warnings and 0 Errors encountered.
route_design completed successfully
route_design: Time (s): cpu = 00:01:13 ; elapsed = 00:00:51 . Memory (MB): peak = 2980.871 ; gain = 0.000 ; free physical = 248 ; free virtual = 16044
INFO: [Vivado 12-24828] Executing command : report_drc -file fpga_top_drc_routed.rpt -pb fpga_top_drc_routed.pb -rpx fpga_top_drc_routed.rpx
Command: report_drc -file fpga_top_drc_routed.rpt -pb fpga_top_drc_routed.pb -rpx fpga_top_drc_routed.rpx
INFO: [IP_Flow 19-1839] IP Catalog is up to date.
INFO: [DRC 23-27] Running DRC with 4 threads
INFO: [Vivado_Tcl 2-168] The results of DRC are in file /home/luxyxp/Documents/mainfiles/FPGA/Vivado_projects/Main_MCU_Project/Main_MCU_Project.runs/impl_1/fpga_top_drc_routed.rpt.
report_drc completed successfully
INFO: [Vivado 12-24828] Executing command : report_methodology -file fpga_top_methodology_drc_routed.rpt -pb fpga_top_methodology_drc_routed.pb -rpx fpga_top_methodology_drc_routed.rpx
Command: report_methodology -file fpga_top_methodology_drc_routed.rpt -pb fpga_top_methodology_drc_routed.pb -rpx fpga_top_methodology_drc_routed.rpx
INFO: [Timing 38-35] Done setting XDC timing constraints.
INFO: [DRC 23-133] Running Methodology with 4 threads
INFO: [Vivado_Tcl 2-1520] The results of Report Methodology are in file /home/luxyxp/Documents/mainfiles/FPGA/Vivado_projects/Main_MCU_Project/Main_MCU_Project.runs/impl_1/fpga_top_methodology_drc_routed.rpt.
report_methodology completed successfully
INFO: [Vivado 12-24828] Executing command : report_timing_summary -max_paths 10 -routable_nets -report_unconstrained -file fpga_top_timing_summary_routed.rpt -pb fpga_top_timing_summary_routed.pb -rpx fpga_top_timing_summary_routed.rpx -warn_on_violation 
INFO: [Timing 38-35] Done setting XDC timing constraints.
INFO: [Timing 38-91] UpdateTimingParams: Speed grade: -1, Delay Type: min_max.
INFO: [Timing 38-191] Multithreading enabled for timing update using a maximum of 4 CPUs
INFO: [Vivado 12-24838] Running report commands "report_bus_skew, report_incremental_reuse, report_route_status" in parallel.
Running report generation with 3 threads.
INFO: [Vivado 12-24828] Executing command : report_incremental_reuse -file fpga_top_incremental_reuse_routed.rpt
INFO: [Vivado_Tcl 4-1062] Incremental flow is disabled. No incremental reuse Info to report.
INFO: [Vivado 12-24828] Executing command : report_route_status -file fpga_top_route_status.rpt -pb fpga_top_route_status.pb
INFO: [Vivado 12-24828] Executing command : report_bus_skew -warn_on_violation -file fpga_top_bus_skew_routed.rpt -pb fpga_top_bus_skew_routed.pb -rpx fpga_top_bus_skew_routed.rpx
INFO: [Timing 38-91] UpdateTimingParams: Speed grade: -1, Delay Type: min_max.
INFO: [Timing 38-191] Multithreading enabled for timing update using a maximum of 4 CPUs
INFO: [Vivado 12-24828] Executing command : report_power -file fpga_top_power_routed.rpt -pb fpga_top_power_summary_routed.pb -rpx fpga_top_power_routed.rpx
Command: report_power -file fpga_top_power_routed.rpt -pb fpga_top_power_summary_routed.pb -rpx fpga_top_power_routed.rpx
Running Vector-less Activity Propagation...

Finished Running Vector-less Activity Propagation
WARNING: [Power 33-332] Found switching activity that implies high-fanout reset nets being asserted for excessive periods of time which may result in inaccurate power analysis.
Resolution: To review and fix problems, please run Power Constraints Advisor in the GUI from Tools > Power Constraints Advisor or run report_power with the -advisory option to generate a text report.
127 Infos, 2 Warnings, 0 Critical Warnings and 0 Errors encountered.
report_power completed successfully
INFO: [Vivado 12-24828] Executing command : report_clock_utilization -file fpga_top_clock_utilization_routed.rpt
generate_parallel_reports: Time (s): cpu = 00:00:18 ; elapsed = 00:00:07 . Memory (MB): peak = 2980.871 ; gain = 0.000 ; free physical = 241 ; free virtual = 16045
INFO: [Timing 38-480] Writing timing data to binary archive.
Wrote PlaceDB: Time (s): cpu = 00:00:00 ; elapsed = 00:00:00 . Memory (MB): peak = 2980.871 ; gain = 0.000 ; free physical = 241 ; free virtual = 16045
Wrote PulsedLatchDB: Time (s): cpu = 00:00:00 ; elapsed = 00:00:00 . Memory (MB): peak = 2980.871 ; gain = 0.000 ; free physical = 241 ; free virtual = 16045
Writing XDEF routing.
Writing XDEF routing logical nets.
Write ShapeDB Complete: Time (s): cpu = 00:00:00.27 ; elapsed = 00:00:00.05 . Memory (MB): peak = 2980.871 ; gain = 0.000 ; free physical = 240 ; free virtual = 16048
Writing XDEF routing special nets.
Wrote RouteStorage: Time (s): cpu = 00:00:00.56 ; elapsed = 00:00:00.11 . Memory (MB): peak = 2980.871 ; gain = 0.000 ; free physical = 238 ; free virtual = 16049
Wrote PlaceStorage: Time (s): cpu = 00:00:00.77 ; elapsed = 00:00:00.42 . Memory (MB): peak = 2980.871 ; gain = 0.000 ; free physical = 223 ; free virtual = 16045
Wrote Netlist Cache: Time (s): cpu = 00:00:00.01 ; elapsed = 00:00:00.01 . Memory (MB): peak = 2980.871 ; gain = 0.000 ; free physical = 223 ; free virtual = 16046
Wrote Device Cache: Time (s): cpu = 00:00:00 ; elapsed = 00:00:00.01 . Memory (MB): peak = 2980.871 ; gain = 0.000 ; free physical = 223 ; free virtual = 16047
Write Physdb Complete: Time (s): cpu = 00:00:01 ; elapsed = 00:00:00.55 . Memory (MB): peak = 2980.871 ; gain = 0.000 ; free physical = 223 ; free virtual = 16047
INFO: [Common 17-1381] The checkpoint '/home/luxyxp/Documents/mainfiles/FPGA/Vivado_projects/Main_MCU_Project/Main_MCU_Project.runs/impl_1/fpga_top_routed.dcp' has been generated.
Command: write_bitstream -force fpga_top.bit
Attempting to get a license for feature 'Implementation' and/or device 'xc7a100t'
INFO: [Common 17-349] Got license for feature 'Implementation' and/or device 'xc7a100t'
Running DRC as a precondition to command write_bitstream
INFO: [IP_Flow 19-1839] IP Catalog is up to date.
INFO: [DRC 23-27] Running DRC with 4 threads
INFO: [Vivado 12-3199] DRC finished with 0 Errors
INFO: [Vivado 12-3200] Please refer to the DRC report (report_drc) for more information.
Integrating Hard IP ELF/MEM with the PDI.
INFO: [Designutils 20-2272] Running write_bitstream with 4 threads.
Loading data files...
Loading site data...
Loading route data...
Processing options...
Creating bitmap...
Creating bitstream...
Bitstream compression saved 14768672 bits.
Writing bitstream ./fpga_top.bit...
INFO: [Vivado 12-1842] Bitgen Completed Successfully.
INFO: [Common 17-83] Releasing license: Implementation
138 Infos, 2 Warnings, 0 Critical Warnings and 0 Errors encountered.
write_bitstream completed successfully
write_bitstream: Time (s): cpu = 00:00:21 ; elapsed = 00:00:30 . Memory (MB): peak = 3251.281 ; gain = 270.410 ; free physical = 219 ; free virtual = 15763
INFO: [Common 17-206] Exiting Vivado at Sun Sep  6 11:02:32 2026...
