Clock: clk_i
Sources: clk_i 
Generated: no
Virtual: yes
Propagated: no
Period: 35.714283

===========================================================================
report_clock_properties
============================================================================
Clock                   Period          Waveform
----------------------------------------------------
clk_i                35.714283    0.000000 17.857141

===========================================================================
report_clock_latency
============================================================================
Clock clk_i
rise -> rise
    min     max
0.000000 0.000000 source latency
2.587654         network latency conv_accelerator_inst.u_conv_buf_ram.u_mem.u_mem.g_2k[1].u_cell.u_sram/clk1
        4.518019 network latency _129120_/CLK
---------------
2.587654 4.518019 latency
        1.930364 skew

fall -> fall
    min     max
0.000000 0.000000 source latency
2.461466         network latency conv_accelerator_inst.u_conv_buf_ram.u_mem.u_mem.g_2k[1].u_cell.u_sram/clk0
        4.159492 network latency _129120_/CLK
---------------
2.461466 4.159492 latency
        1.698027 skew



===========================================================================
report_clock_min_period
============================================================================
clk_i period_min = 18.03 fmax = 55.46
