
===========================================================================
 report_power
============================================================================
======================= nom_tt_025C_1v80 Corner ===================================

Group                    Internal    Switching      Leakage        Total
                            Power        Power        Power        Power (Watts)
------------------------------------------------------------------------
Sequential           1.044265e-02 1.650517e-06 9.587848e-08 1.044439e-02  25.3%
Combinational        1.538093e-05 1.858060e-05 6.408099e-07 3.460233e-05   0.1%
Clock                2.727729e-03 5.164964e-03 4.212744e-07 7.893114e-03  19.1%
Macro                2.272560e-02 0.000000e+00 2.576800e-04 2.298328e-02  55.6%
Pad                  0.000000e+00 0.000000e+00 0.000000e+00 0.000000e+00   0.0%
------------------------------------------------------------------------
Total                3.591134e-02 5.185196e-03 2.586633e-04 4.135520e-02 100.0%
                            86.8%        12.5%         0.6%

