
20. Executing CHECK pass (checking for obvious problems).
Checking module top_module...
Checking module cv32e40p_ff_one$top_module.cpu_inst.CORE.core_i.ex_stage_i.alu_i.ff_one_i...
Checking module cv32e40p_popcnt$top_module.cpu_inst.CORE.core_i.ex_stage_i.alu_i.popcnt_i...
Checking module cv32e40p_obi_interface$top_module.cpu_inst.CORE.core_i.if_stage_i.prefetch_buffer_i.instruction_obi_i...
Checking module cv32e40p_fifo$top_module.cpu_inst.CORE.core_i.if_stage_i.prefetch_buffer_i.fifo_i...
Checking module cv32e40p_prefetch_controller$top_module.cpu_inst.CORE.core_i.if_stage_i.prefetch_buffer_i.prefetch_controller_i...
Checking module cv32e40p_obi_interface$top_module.cpu_inst.CORE.core_i.load_store_unit_i.data_obi_i...
Checking module cv32e40p_mult$top_module.cpu_inst.CORE.core_i.ex_stage_i.mult_i...
Checking module cv32e40p_alu$top_module.cpu_inst.CORE.core_i.ex_stage_i.alu_i...
Checking module cv32e40p_int_controller$top_module.cpu_inst.CORE.core_i.id_stage_i.int_controller_i...
Checking module cv32e40p_controller$top_module.cpu_inst.CORE.core_i.id_stage_i.controller_i...
Checking module cv32e40p_decoder$top_module.cpu_inst.CORE.core_i.id_stage_i.decoder_i...
Checking module cv32e40p_register_file$top_module.cpu_inst.CORE.core_i.id_stage_i.register_file_i...
Checking module cv32e40p_compressed_decoder$top_module.cpu_inst.CORE.core_i.if_stage_i.compressed_decoder_i...
Checking module cv32e40p_aligner$top_module.cpu_inst.CORE.core_i.if_stage_i.aligner_i...
Checking module cv32e40p_prefetch_buffer$top_module.cpu_inst.CORE.core_i.if_stage_i.prefetch_buffer_i...
Checking module cv32e40p_clock_gate$top_module.cpu_inst.CORE.core_i.sleep_unit_i.core_clock_gate_i...
Checking module sram32_cell_1k$top_module.yz_bram_ctrl_inst.yz_ram.u_mem.u_mem.g_1k.u_cell...
Checking module sram32_cell$top_module.yz_bram_ctrl_inst.yz_ram.u_mem.u_mem.g_2k[3].u_cell...
Checking module sram32_cell$top_module.yz_bram_ctrl_inst.yz_ram.u_mem.u_mem.g_2k[2].u_cell...
Checking module sram32_cell$top_module.yz_bram_ctrl_inst.yz_ram.u_mem.u_mem.g_2k[1].u_cell...
Checking module sram32_cell$top_module.yz_bram_ctrl_inst.yz_ram.u_mem.u_mem.g_2k[0].u_cell...
Checking module sram32_cell$top_module.conv_accelerator_inst.u_conv_buf_ram.u_mem.u_mem.g_2k[1].u_cell...
Checking module sram32_cell$top_module.conv_accelerator_inst.u_conv_buf_ram.u_mem.u_mem.g_2k[0].u_cell...
Checking module cv32e40p_cs_registers$top_module.cpu_inst.CORE.core_i.cs_registers_i...
Checking module cv32e40p_load_store_unit$top_module.cpu_inst.CORE.core_i.load_store_unit_i...
Checking module cv32e40p_ex_stage$top_module.cpu_inst.CORE.core_i.ex_stage_i...
Checking module cv32e40p_id_stage$top_module.cpu_inst.CORE.core_i.id_stage_i...
Checking module cv32e40p_if_stage$top_module.cpu_inst.CORE.core_i.if_stage_i...
Checking module cv32e40p_sleep_unit$top_module.cpu_inst.CORE.core_i.sleep_unit_i...
Checking module sram32_cell$top_module.data_bram_ctrl_inst.data_ram.u_mem.g_2k[3].u_cell...
Checking module sram32_cell$top_module.data_bram_ctrl_inst.data_ram.u_mem.g_2k[2].u_cell...
Checking module sram32_cell$top_module.data_bram_ctrl_inst.data_ram.u_mem.g_2k[1].u_cell...
Checking module sram32_cell$top_module.data_bram_ctrl_inst.data_ram.u_mem.g_2k[0].u_cell...
Checking module sram32_bank$top_module.yz_bram_ctrl_inst.yz_ram.u_mem.u_mem...
Checking module sram32_cell$top_module.instr_bram_ctrl_inst.instr_ram.u_mem.g_2k[3].u_cell...
Checking module sram32_cell$top_module.instr_bram_ctrl_inst.instr_ram.u_mem.g_2k[2].u_cell...
Checking module sram32_cell$top_module.instr_bram_ctrl_inst.instr_ram.u_mem.g_2k[1].u_cell...
Checking module sram32_cell$top_module.instr_bram_ctrl_inst.instr_ram.u_mem.g_2k[0].u_cell...
Checking module sram32_bank$top_module.conv_accelerator_inst.u_conv_buf_ram.u_mem.u_mem...
Checking module fifo_v3$top_module.cpu_inst.data_bridge.i_fifo_rid...
Checking module fifo_v3$top_module.cpu_inst.data_bridge.i_fifo_rsp_mux...
Checking module fifo_v3$top_module.cpu_inst.instr_bridge.i_fifo_rid...
Checking module fifo_v3$top_module.cpu_inst.instr_bridge.i_fifo_rsp_mux...
Checking module cv32e40p_core$top_module.cpu_inst.CORE.core_i...
Checking module sram32_bank$top_module.data_bram_ctrl_inst.data_ram.u_mem...
Checking module sram8_bank$top_module.yz_bram_ctrl_inst.yz_ram.u_mem...
Checking module sram32_bank$top_module.instr_bram_ctrl_inst.instr_ram.u_mem...
Checking module sram8_bank$top_module.conv_accelerator_inst.u_conv_buf_ram.u_mem...
Checking module IOBUF$top_module.qspi_master_inst.IOBUF_QSPI_IO3...
Checking module IOBUF$top_module.qspi_master_inst.IOBUF_QSPI_IO2...
Checking module IOBUF$top_module.qspi_master_inst.IOBUF_QSPI_IO1...
Checking module IOBUF$top_module.qspi_master_inst.IOBUF_QSPI_IO0...
Checking module IOBUF$top_module.i2c_master_inst.iobuf_i2c_sda...
Checking module obi_to_axi$top_module.cpu_inst.data_bridge...
Checking module obi_to_axi$top_module.cpu_inst.instr_bridge...
Checking module cv32e40p_top$top_module.cpu_inst.CORE...
Checking module bram_data$top_module.data_bram_ctrl_inst.data_ram...
Checking module bram_yz$top_module.yz_bram_ctrl_inst.yz_ram...
Checking module bram_instr$top_module.instr_bram_ctrl_inst.instr_ram...
Checking module boot_rom$top_module.boot_rom_ctrl_inst.boot_rom...
Checking module conv_buf_ram$top_module.conv_accelerator_inst.u_conv_buf_ram...
Checking module fc_weights_rom_p4$top_module.conv_accelerator_inst.u_fc_weights_rom...
Checking module weights_rom_p8$top_module.conv_accelerator_inst.u_weights_rom...
Checking module Instr_Splitter$top_module.instr_splitter_inst...
Checking module QSPI_Master_AXI4_Lite$top_module.qspi_master_inst...
Checking module GPIO_AXI4_Lite$top_module.gpio_inst...
Checking module I2C_Master_AXI4_Lite$top_module.i2c_master_inst...
Checking module UART_YZ_AXI4_Lite$top_module.uart_yz_inst...
Checking module UART_GU_AXI4_Lite$top_module.uart_gu_inst...
Checking module Timer_AXI4_Lite$top_module.timer_inst...
Checking module AXI4_Interconnect$top_module.interconnect_inst...
Checking module cv32e40p_obi_to_axi_wrapper$top_module.cpu_inst...
Checking module data_bram_axi_ctrl$top_module.data_bram_ctrl_inst...
Checking module yz_acclrtr_bram_axi_ctrl$top_module.yz_bram_ctrl_inst...
Checking module instr_bram_axi_ctrl$top_module.instr_bram_ctrl_inst...
Checking module axi_read_arbiter2$top_module.instr_read_arbiter_inst...
Checking module boot_rom_axi_ctrl$top_module.boot_rom_ctrl_inst...
Checking module yz_csr_wrapper$top_module.yz_csr_wrapper_inst...
Checking module conv_accelerator$top_module.conv_accelerator_inst...
Checking module cv32e40p_alu_div$top_module.cpu_inst.CORE.core_i.ex_stage_i.alu_i.alu_div_i...
Found and reported 0 problems.
