
===========================================================================
Violator List
============================================================================
[hold reg-reg] _127310_/Q -> yz_bram_ctrl_inst.yz_ram.u_mem.u_mem.g_2k[3].u_cell.u_sram/csb0 : -0.247860
[hold reg-reg] _124091_/Q -> yz_bram_ctrl_inst.yz_ram.u_mem.u_mem.g_2k[2].u_cell.u_sram/csb1 : -0.233724
[hold reg-reg] _127823_/Q -> conv_accelerator_inst.u_conv_buf_ram.u_mem.u_mem.g_2k[1].u_cell.u_sram/csb0 : -0.216591
[hold reg-reg] _127307_/Q -> yz_bram_ctrl_inst.yz_ram.u_mem.u_mem.g_2k[3].u_cell.u_sram/addr0[8] : -0.212553
[hold reg-reg] _127492_/Q -> _127493_/D : -0.169679
[hold reg-reg] _127298_/Q -> yz_bram_ctrl_inst.yz_ram.u_mem.u_mem.g_2k[3].u_cell.u_sram/wmask0[0] : -0.161047
[hold reg-reg] _127488_/Q -> _127489_/D : -0.147763
[hold reg-reg] _123815_/Q -> conv_accelerator_inst.u_conv_buf_ram.u_mem.u_mem.g_2k[1].u_cell.u_sram/addr0[8] : -0.141656
[hold reg-reg] _127298_/Q -> yz_bram_ctrl_inst.yz_ram.u_mem.u_mem.g_2k[2].u_cell.u_sram/wmask0[0] : -0.135424
[hold reg-reg] _127528_/Q -> _127529_/D : -0.133532
[hold reg-reg] _127370_/Q -> _124908_/D : -0.120453
[hold reg-reg] _127457_/Q -> _127461_/D : -0.116567
[hold reg-reg] _123814_/Q -> conv_accelerator_inst.u_conv_buf_ram.u_mem.u_mem.g_2k[1].u_cell.u_sram/addr0[7] : -0.116495
[hold reg-reg] _127305_/Q -> yz_bram_ctrl_inst.yz_ram.u_mem.u_mem.g_2k[3].u_cell.u_sram/addr0[6] : -0.110609
[hold reg-reg] _123813_/Q -> conv_accelerator_inst.u_conv_buf_ram.u_mem.u_mem.g_2k[1].u_cell.u_sram/addr0[6] : -0.109027
[hold reg-reg] _127299_/Q -> yz_bram_ctrl_inst.yz_ram.u_mem.u_mem.g_2k[3].u_cell.u_sram/addr0[0] : -0.108740
[hold reg-reg] _123812_/Q -> conv_accelerator_inst.u_conv_buf_ram.u_mem.u_mem.g_2k[1].u_cell.u_sram/addr0[5] : -0.096182
[hold reg-reg] _127492_/Q -> _127494_/D : -0.093562
[hold reg-reg] _123809_/Q -> conv_accelerator_inst.u_conv_buf_ram.u_mem.u_mem.g_2k[1].u_cell.u_sram/addr0[2] : -0.087449
[hold reg-reg] _127301_/Q -> yz_bram_ctrl_inst.yz_ram.u_mem.u_mem.g_2k[3].u_cell.u_sram/addr0[2] : -0.087211
[hold reg-reg] _123810_/Q -> conv_accelerator_inst.u_conv_buf_ram.u_mem.u_mem.g_2k[1].u_cell.u_sram/addr0[3] : -0.082869
[hold reg-reg] _123811_/Q -> conv_accelerator_inst.u_conv_buf_ram.u_mem.u_mem.g_2k[1].u_cell.u_sram/addr0[4] : -0.081683
[hold reg-reg] _127370_/Q -> _127368_/D : -0.076636
[hold reg-reg] _127456_/Q -> _127458_/D : -0.075525
[hold reg-reg] _127302_/Q -> yz_bram_ctrl_inst.yz_ram.u_mem.u_mem.g_2k[3].u_cell.u_sram/addr0[3] : -0.073184
[hold reg-reg] _127304_/Q -> yz_bram_ctrl_inst.yz_ram.u_mem.u_mem.g_2k[3].u_cell.u_sram/addr0[5] : -0.072624
[hold reg-reg] _127306_/Q -> yz_bram_ctrl_inst.yz_ram.u_mem.u_mem.g_2k[3].u_cell.u_sram/addr0[7] : -0.066409
[hold reg-reg] _127298_/Q -> yz_bram_ctrl_inst.yz_ram.u_mem.u_mem.g_2k[3].u_cell.u_sram/wmask0[3] : -0.063232
[hold reg-reg] _123921_/Q -> conv_accelerator_inst.u_conv_buf_ram.u_mem.u_mem.g_2k[1].u_cell.u_sram/addr1[8] : -0.060821
[hold reg-reg] _127457_/Q -> _127460_/D : -0.056105
[hold reg-reg] _127457_/Q -> _127459_/D : -0.055519
[hold reg-reg] _127488_/Q -> _127490_/D : -0.053377
[hold reg-reg] _127303_/Q -> yz_bram_ctrl_inst.yz_ram.u_mem.u_mem.g_2k[3].u_cell.u_sram/addr0[4] : -0.048145
[hold reg-reg] _123822_/Q -> conv_accelerator_inst.u_conv_buf_ram.u_mem.u_mem.g_2k[1].u_cell.u_sram/din0[5] : -0.047937
[hold reg-reg] _123822_/Q -> conv_accelerator_inst.u_conv_buf_ram.u_mem.u_mem.g_2k[1].u_cell.u_sram/din0[13] : -0.047660
[hold reg-reg] _123822_/Q -> conv_accelerator_inst.u_conv_buf_ram.u_mem.u_mem.g_2k[1].u_cell.u_sram/din0[21] : -0.047488
[hold reg-reg] _123822_/Q -> conv_accelerator_inst.u_conv_buf_ram.u_mem.u_mem.g_2k[1].u_cell.u_sram/din0[29] : -0.047394
[hold reg-reg] _127298_/Q -> yz_bram_ctrl_inst.yz_ram.u_mem.u_mem.g_2k[3].u_cell.u_sram/wmask0[1] : -0.046158
[hold reg-reg] _127374_/Q -> _127375_/D : -0.044381
[hold reg-reg] _127492_/Q -> _127495_/D : -0.038989
[hold reg-reg] _124799_/Q -> _127384_/D : -0.038854
[hold reg-reg] _123808_/Q -> conv_accelerator_inst.u_conv_buf_ram.u_mem.u_mem.g_2k[1].u_cell.u_sram/addr0[1] : -0.036600
[hold reg-reg] _124702_/Q -> _127383_/D : -0.031534
[hold reg-reg] _127298_/Q -> yz_bram_ctrl_inst.yz_ram.u_mem.u_mem.g_2k[3].u_cell.u_sram/wmask0[2] : -0.029964
[hold reg-reg] _125937_/Q -> _128031_/D : -0.024285
[hold reg-reg] _123824_/Q -> conv_accelerator_inst.u_conv_buf_ram.u_mem.u_mem.g_2k[1].u_cell.u_sram/din0[7] : -0.024080
[hold reg-reg] _127453_/Q -> _119394_/D : -0.022939
[hold reg-reg] _123824_/Q -> conv_accelerator_inst.u_conv_buf_ram.u_mem.u_mem.g_2k[1].u_cell.u_sram/din0[15] : -0.022573
[hold reg-reg] _123824_/Q -> conv_accelerator_inst.u_conv_buf_ram.u_mem.u_mem.g_2k[1].u_cell.u_sram/din0[23] : -0.021620
[hold reg-reg] _123824_/Q -> conv_accelerator_inst.u_conv_buf_ram.u_mem.u_mem.g_2k[1].u_cell.u_sram/din0[31] : -0.021130
[hold reg-reg] _123818_/Q -> conv_accelerator_inst.u_conv_buf_ram.u_mem.u_mem.g_2k[1].u_cell.u_sram/din0[1] : -0.020592
[hold reg-reg] _123809_/Q -> conv_accelerator_inst.u_conv_buf_ram.u_mem.u_mem.g_2k[0].u_cell.u_sram/addr0[2] : -0.020339
[hold reg-reg] _123818_/Q -> conv_accelerator_inst.u_conv_buf_ram.u_mem.u_mem.g_2k[1].u_cell.u_sram/din0[9] : -0.020298
[hold reg-reg] _123818_/Q -> conv_accelerator_inst.u_conv_buf_ram.u_mem.u_mem.g_2k[1].u_cell.u_sram/din0[17] : -0.020101
[hold reg-reg] _123818_/Q -> conv_accelerator_inst.u_conv_buf_ram.u_mem.u_mem.g_2k[1].u_cell.u_sram/din0[25] : -0.019978
[hold reg-reg] _123815_/Q -> conv_accelerator_inst.u_conv_buf_ram.u_mem.u_mem.g_2k[0].u_cell.u_sram/addr0[8] : -0.018989
[hold reg-reg] _127170_/Q -> _127171_/D : -0.013980
[hold reg-reg] _127528_/Q -> _127530_/D : -0.013640
[hold reg-reg] _123821_/Q -> conv_accelerator_inst.u_conv_buf_ram.u_mem.u_mem.g_2k[1].u_cell.u_sram/din0[4] : -0.013421
[hold reg-reg] _123821_/Q -> conv_accelerator_inst.u_conv_buf_ram.u_mem.u_mem.g_2k[1].u_cell.u_sram/din0[12] : -0.013158
[hold reg-reg] _123821_/Q -> conv_accelerator_inst.u_conv_buf_ram.u_mem.u_mem.g_2k[1].u_cell.u_sram/din0[20] : -0.012985
[hold reg-reg] _123817_/Q -> conv_accelerator_inst.u_conv_buf_ram.u_mem.u_mem.g_2k[1].u_cell.u_sram/din0[0] : -0.012979
[hold reg-reg] _123820_/Q -> conv_accelerator_inst.u_conv_buf_ram.u_mem.u_mem.g_2k[1].u_cell.u_sram/din0[3] : -0.012972
[hold reg-reg] _123821_/Q -> conv_accelerator_inst.u_conv_buf_ram.u_mem.u_mem.g_2k[1].u_cell.u_sram/din0[28] : -0.012909
[hold reg-reg] _123820_/Q -> conv_accelerator_inst.u_conv_buf_ram.u_mem.u_mem.g_2k[1].u_cell.u_sram/din0[11] : -0.012663
[hold reg-reg] _123817_/Q -> conv_accelerator_inst.u_conv_buf_ram.u_mem.u_mem.g_2k[1].u_cell.u_sram/din0[8] : -0.012513
[hold reg-reg] _123820_/Q -> conv_accelerator_inst.u_conv_buf_ram.u_mem.u_mem.g_2k[1].u_cell.u_sram/din0[19] : -0.012458
[hold reg-reg] _123820_/Q -> conv_accelerator_inst.u_conv_buf_ram.u_mem.u_mem.g_2k[1].u_cell.u_sram/din0[27] : -0.012335
[hold reg-reg] _127374_/Q -> _124909_/D : -0.012302
[hold reg-reg] _127564_/Q -> _119313_/D : -0.012231
[hold reg-reg] _123817_/Q -> conv_accelerator_inst.u_conv_buf_ram.u_mem.u_mem.g_2k[1].u_cell.u_sram/din0[16] : -0.011940
[hold reg-reg] _123817_/Q -> conv_accelerator_inst.u_conv_buf_ram.u_mem.u_mem.g_2k[1].u_cell.u_sram/din0[24] : -0.011808
[hold reg-reg] _127374_/Q -> _124910_/D : -0.011692
[hold reg-reg] _126476_/Q -> instr_bram_ctrl_inst.instr_ram.u_mem.g_2k[0].u_cell.u_sram/addr1[5] : -0.011015
[hold reg-reg] _127300_/Q -> yz_bram_ctrl_inst.yz_ram.u_mem.u_mem.g_2k[3].u_cell.u_sram/addr0[1] : -0.007774
[hold reg-reg] _123740_/Q -> _119162_/D : -0.006618
[hold reg-reg] _118962_/Q -> _127289_/D : -0.006399
[hold reg-reg] _123740_/Q -> _119131_/D : -0.006360
[hold reg-reg] _123814_/Q -> conv_accelerator_inst.u_conv_buf_ram.u_mem.u_mem.g_2k[0].u_cell.u_sram/addr0[7] : -0.005725
[hold reg-reg] _126582_/Q -> _119103_/D : -0.001101
