
===========================================================================
 report_power
============================================================================
======================= nom_ff_n40C_1v95 Corner ===================================

Group                    Internal    Switching      Leakage        Total
                            Power        Power        Power        Power (Watts)
------------------------------------------------------------------------
Sequential           1.214798e-02 1.957249e-06 2.038055e-07 1.215015e-02  27.4%
Combinational        1.753607e-05 2.191490e-05 2.326587e-06 4.177756e-05   0.1%
Clock                3.107447e-03 6.141265e-03 5.229990e-07 9.249235e-03  20.8%
Macro                2.272560e-02 0.000000e+00 2.576800e-04 2.298328e-02  51.7%
Pad                  0.000000e+00 0.000000e+00 0.000000e+00 0.000000e+00   0.0%
------------------------------------------------------------------------
Total                3.799858e-02 6.165136e-03 2.607904e-04 4.442450e-02 100.0%
                            85.5%        13.9%         0.6%

