
===========================================================================
 report_power
============================================================================
======================= nom_ff_n40C_1v95 Corner ===================================

Group                    Internal    Switching      Leakage        Total
                            Power        Power        Power        Power (Watts)
------------------------------------------------------------------------
Sequential           1.214806e-02 1.951124e-06 2.038055e-07 1.215021e-02  27.3%
Combinational        1.761747e-05 2.190513e-05 2.325800e-06 4.184840e-05   0.1%
Clock                3.107479e-03 6.142962e-03 5.225534e-07 9.250963e-03  20.8%
Macro                2.272560e-02 0.000000e+00 2.576800e-04 2.298328e-02  51.7%
Pad                  0.000000e+00 0.000000e+00 0.000000e+00 0.000000e+00   0.0%
------------------------------------------------------------------------
Total                3.799877e-02 6.166815e-03 2.607884e-04 4.442638e-02 100.0%
                            85.5%        13.9%         0.6%

