Copyright 1986-2022 Xilinx, Inc. All Rights Reserved. Copyright 2022-2025 Advanced Micro Devices, Inc. All Rights Reserved.
---------------------------------------------------------------------------------------------------------------------------------------------
| Tool Version : Vivado v.2025.2 (lin64) Build 6299465 Fri Nov 14 12:34:56 MST 2025
| Date         : Sat Aug  8 22:06:15 2026
| Host         : stradale running 64-bit Ubuntu 26.04 LTS
| Command      : report_drc -file fpga_top_drc_opted.rpt -pb fpga_top_drc_opted.pb -rpx fpga_top_drc_opted.rpx
| Design       : fpga_top
| Device       : xc7a100tcsg324-1
| Speed File   : -1
| Design State : Synthesized
---------------------------------------------------------------------------------------------------------------------------------------------

Report DRC

Table of Contents
-----------------
1. REPORT SUMMARY
2. REPORT DETAILS

1. REPORT SUMMARY
-----------------
            Netlist: netlist
          Floorplan: design_1
      Design limits: <entire design considered>
           Ruledeck: default
             Max checks: <unlimited>
             Checks found: 50
+-----------+----------+----------------------------+--------+
| Rule      | Severity | Description                | Checks |
+-----------+----------+----------------------------+--------+
| CHECK-3   | Warning  | Report rule limit reached  | 1      |
| DPIP-1    | Warning  | Input pipelining           | 11     |
| DPOP-1    | Warning  | PREG Output pipelining     | 4      |
| DPOP-2    | Warning  | MREG Output pipelining     | 4      |
| RBOR-1    | Warning  | RAMB output registers      | 10     |
| REQP-1839 | Warning  | RAMB36 async control check | 20     |
+-----------+----------+----------------------------+--------+

2. REPORT DETAILS
-----------------
CHECK-3#1 Warning
Report rule limit reached  
REQP-1839 rule limit reached: 20 violations have been found.
Related violations: <none>

DPIP-1#1 Warning
Input pipelining  
DSP soc_inst/conv_accelerator_inst/flat_addr input soc_inst/conv_accelerator_inst/flat_addr/A[29:0] is not pipelined. Pipelining DSP48 input will improve performance.
Related violations: <none>

DPIP-1#2 Warning
Input pipelining  
DSP soc_inst/conv_accelerator_inst/flat_addr input soc_inst/conv_accelerator_inst/flat_addr/C[47:0] is not pipelined. Pipelining DSP48 input will improve performance.
Related violations: <none>

DPIP-1#3 Warning
Input pipelining  
DSP soc_inst/cpu_inst/CORE/core_i/ex_stage_i/mult_i/int_result0 input soc_inst/cpu_inst/CORE/core_i/ex_stage_i/mult_i/int_result0/A[29:0] is not pipelined. Pipelining DSP48 input will improve performance.
Related violations: <none>

DPIP-1#4 Warning
Input pipelining  
DSP soc_inst/cpu_inst/CORE/core_i/ex_stage_i/mult_i/int_result0 input soc_inst/cpu_inst/CORE/core_i/ex_stage_i/mult_i/int_result0/B[17:0] is not pipelined. Pipelining DSP48 input will improve performance.
Related violations: <none>

DPIP-1#5 Warning
Input pipelining  
DSP soc_inst/cpu_inst/CORE/core_i/ex_stage_i/mult_i/int_result0__0 input soc_inst/cpu_inst/CORE/core_i/ex_stage_i/mult_i/int_result0__0/A[29:0] is not pipelined. Pipelining DSP48 input will improve performance.
Related violations: <none>

DPIP-1#6 Warning
Input pipelining  
DSP soc_inst/cpu_inst/CORE/core_i/ex_stage_i/mult_i/int_result0__0 input soc_inst/cpu_inst/CORE/core_i/ex_stage_i/mult_i/int_result0__0/B[17:0] is not pipelined. Pipelining DSP48 input will improve performance.
Related violations: <none>

DPIP-1#7 Warning
Input pipelining  
DSP soc_inst/cpu_inst/CORE/core_i/ex_stage_i/mult_i/int_result0__1 input soc_inst/cpu_inst/CORE/core_i/ex_stage_i/mult_i/int_result0__1/A[29:0] is not pipelined. Pipelining DSP48 input will improve performance.
Related violations: <none>

DPIP-1#8 Warning
Input pipelining  
DSP soc_inst/cpu_inst/CORE/core_i/ex_stage_i/mult_i/int_result0__1 input soc_inst/cpu_inst/CORE/core_i/ex_stage_i/mult_i/int_result0__1/B[17:0] is not pipelined. Pipelining DSP48 input will improve performance.
Related violations: <none>

DPIP-1#9 Warning
Input pipelining  
DSP soc_inst/cpu_inst/CORE/core_i/ex_stage_i/mult_i/short_mac input soc_inst/cpu_inst/CORE/core_i/ex_stage_i/mult_i/short_mac/C[47:0] is not pipelined. Pipelining DSP48 input will improve performance.
Related violations: <none>

DPIP-1#10 Warning
Input pipelining  
DSP soc_inst/cpu_inst/CORE/core_i/ex_stage_i/mult_i/short_mul input soc_inst/cpu_inst/CORE/core_i/ex_stage_i/mult_i/short_mul/A[29:0] is not pipelined. Pipelining DSP48 input will improve performance.
Related violations: <none>

DPIP-1#11 Warning
Input pipelining  
DSP soc_inst/cpu_inst/CORE/core_i/ex_stage_i/mult_i/short_mul input soc_inst/cpu_inst/CORE/core_i/ex_stage_i/mult_i/short_mul/B[17:0] is not pipelined. Pipelining DSP48 input will improve performance.
Related violations: <none>

DPOP-1#1 Warning
PREG Output pipelining  
DSP soc_inst/cpu_inst/CORE/core_i/ex_stage_i/mult_i/int_result0 output soc_inst/cpu_inst/CORE/core_i/ex_stage_i/mult_i/int_result0/P[47:0] is not pipelined (PREG=0). Pipelining the DSP48 output will improve performance and often saves power so it is suggested whenever possible to fully pipeline this function.  If this DSP48 function was inferred, it is suggested to describe an additional register stage after this function.  If the DSP48 was instantiated in the design, it is suggested to set the PREG attribute to 1.
Related violations: <none>

DPOP-1#2 Warning
PREG Output pipelining  
DSP soc_inst/cpu_inst/CORE/core_i/ex_stage_i/mult_i/int_result0__0 output soc_inst/cpu_inst/CORE/core_i/ex_stage_i/mult_i/int_result0__0/P[47:0] is not pipelined (PREG=0). Pipelining the DSP48 output will improve performance and often saves power so it is suggested whenever possible to fully pipeline this function.  If this DSP48 function was inferred, it is suggested to describe an additional register stage after this function.  If the DSP48 was instantiated in the design, it is suggested to set the PREG attribute to 1.
Related violations: <none>

DPOP-1#3 Warning
PREG Output pipelining  
DSP soc_inst/cpu_inst/CORE/core_i/ex_stage_i/mult_i/int_result0__1 output soc_inst/cpu_inst/CORE/core_i/ex_stage_i/mult_i/int_result0__1/P[47:0] is not pipelined (PREG=0). Pipelining the DSP48 output will improve performance and often saves power so it is suggested whenever possible to fully pipeline this function.  If this DSP48 function was inferred, it is suggested to describe an additional register stage after this function.  If the DSP48 was instantiated in the design, it is suggested to set the PREG attribute to 1.
Related violations: <none>

DPOP-1#4 Warning
PREG Output pipelining  
DSP soc_inst/cpu_inst/CORE/core_i/ex_stage_i/mult_i/short_mac output soc_inst/cpu_inst/CORE/core_i/ex_stage_i/mult_i/short_mac/P[47:0] is not pipelined (PREG=0). Pipelining the DSP48 output will improve performance and often saves power so it is suggested whenever possible to fully pipeline this function.  If this DSP48 function was inferred, it is suggested to describe an additional register stage after this function.  If the DSP48 was instantiated in the design, it is suggested to set the PREG attribute to 1.
Related violations: <none>

DPOP-2#1 Warning
MREG Output pipelining  
DSP soc_inst/conv_accelerator_inst/flat_addr multiplier stage soc_inst/conv_accelerator_inst/flat_addr/P[47:0] is not pipelined (MREG=0). Pipelining the multiplier function will improve performance and will save significant power so it is suggested whenever possible to fully pipeline this function.  If this multiplier was inferred, it is suggested to describe an additional register stage after this function.  If there is no registered adder/accumulator following the multiply function, two pipeline stages are suggested to allow both the MREG and PREG registers to be used.  If the DSP48 was instantiated in the design, it is suggested to set both the MREG and PREG attributes to 1 when performing multiply functions.
Related violations: <none>

DPOP-2#2 Warning
MREG Output pipelining  
DSP soc_inst/cpu_inst/CORE/core_i/ex_stage_i/mult_i/int_result0 multiplier stage soc_inst/cpu_inst/CORE/core_i/ex_stage_i/mult_i/int_result0/P[47:0] is not pipelined (MREG=0). Pipelining the multiplier function will improve performance and will save significant power so it is suggested whenever possible to fully pipeline this function.  If this multiplier was inferred, it is suggested to describe an additional register stage after this function.  If there is no registered adder/accumulator following the multiply function, two pipeline stages are suggested to allow both the MREG and PREG registers to be used.  If the DSP48 was instantiated in the design, it is suggested to set both the MREG and PREG attributes to 1 when performing multiply functions.
Related violations: <none>

DPOP-2#3 Warning
MREG Output pipelining  
DSP soc_inst/cpu_inst/CORE/core_i/ex_stage_i/mult_i/int_result0__0 multiplier stage soc_inst/cpu_inst/CORE/core_i/ex_stage_i/mult_i/int_result0__0/P[47:0] is not pipelined (MREG=0). Pipelining the multiplier function will improve performance and will save significant power so it is suggested whenever possible to fully pipeline this function.  If this multiplier was inferred, it is suggested to describe an additional register stage after this function.  If there is no registered adder/accumulator following the multiply function, two pipeline stages are suggested to allow both the MREG and PREG registers to be used.  If the DSP48 was instantiated in the design, it is suggested to set both the MREG and PREG attributes to 1 when performing multiply functions.
Related violations: <none>

DPOP-2#4 Warning
MREG Output pipelining  
DSP soc_inst/cpu_inst/CORE/core_i/ex_stage_i/mult_i/int_result0__1 multiplier stage soc_inst/cpu_inst/CORE/core_i/ex_stage_i/mult_i/int_result0__1/P[47:0] is not pipelined (MREG=0). Pipelining the multiplier function will improve performance and will save significant power so it is suggested whenever possible to fully pipeline this function.  If this multiplier was inferred, it is suggested to describe an additional register stage after this function.  If there is no registered adder/accumulator following the multiply function, two pipeline stages are suggested to allow both the MREG and PREG registers to be used.  If the DSP48 was instantiated in the design, it is suggested to set both the MREG and PREG attributes to 1 when performing multiply functions.
Related violations: <none>

RBOR-1#1 Warning
RAMB output registers  
RAMB soc_inst/boot_rom_ctrl_inst/boot_rom/rdata_a_reg_0 output DOA (4) DOB (4) is connected to asynchronous registers, if you use synchronous controls you will get better results both in area and delay (RAMB has synchronous registers built in).
Related violations: <none>

RBOR-1#2 Warning
RAMB output registers  
RAMB soc_inst/boot_rom_ctrl_inst/boot_rom/rdata_a_reg_1 output DOA (4) DOB (4) is connected to asynchronous registers, if you use synchronous controls you will get better results both in area and delay (RAMB has synchronous registers built in).
Related violations: <none>

RBOR-1#3 Warning
RAMB output registers  
RAMB soc_inst/boot_rom_ctrl_inst/boot_rom/rdata_a_reg_2 output DOA (4) DOB (4) is connected to asynchronous registers, if you use synchronous controls you will get better results both in area and delay (RAMB has synchronous registers built in).
Related violations: <none>

RBOR-1#4 Warning
RAMB output registers  
RAMB soc_inst/boot_rom_ctrl_inst/boot_rom/rdata_a_reg_3 output DOA (4) DOB (4) is connected to asynchronous registers, if you use synchronous controls you will get better results both in area and delay (RAMB has synchronous registers built in).
Related violations: <none>

RBOR-1#5 Warning
RAMB output registers  
RAMB soc_inst/boot_rom_ctrl_inst/boot_rom/rdata_a_reg_4 output DOA (4) DOB (4) is connected to asynchronous registers, if you use synchronous controls you will get better results both in area and delay (RAMB has synchronous registers built in).
Related violations: <none>

RBOR-1#6 Warning
RAMB output registers  
RAMB soc_inst/boot_rom_ctrl_inst/boot_rom/rdata_a_reg_5 output DOA (4) DOB (4) is connected to asynchronous registers, if you use synchronous controls you will get better results both in area and delay (RAMB has synchronous registers built in).
Related violations: <none>

RBOR-1#7 Warning
RAMB output registers  
RAMB soc_inst/boot_rom_ctrl_inst/boot_rom/rdata_a_reg_6 output DOA (4) DOB (4) is connected to asynchronous registers, if you use synchronous controls you will get better results both in area and delay (RAMB has synchronous registers built in).
Related violations: <none>

RBOR-1#8 Warning
RAMB output registers  
RAMB soc_inst/boot_rom_ctrl_inst/boot_rom/rdata_a_reg_7 output DOA (4) DOB (4) is connected to asynchronous registers, if you use synchronous controls you will get better results both in area and delay (RAMB has synchronous registers built in).
Related violations: <none>

RBOR-1#9 Warning
RAMB output registers  
RAMB soc_inst/instr_bram_ctrl_inst/instr_ram/ram_reg_0 output DOB (16) is connected to asynchronous registers, if you use synchronous controls you will get better results both in area and delay (RAMB has synchronous registers built in).
Related violations: <none>

RBOR-1#10 Warning
RAMB output registers  
RAMB soc_inst/instr_bram_ctrl_inst/instr_ram/ram_reg_1 output DOB (16) is connected to asynchronous registers, if you use synchronous controls you will get better results both in area and delay (RAMB has synchronous registers built in).
Related violations: <none>

REQP-1839#1 Warning
RAMB36 async control check  
The RAMB36E1 soc_inst/boot_rom_ctrl_inst/boot_rom/rdata_a_reg_0 has an input control pin soc_inst/boot_rom_ctrl_inst/boot_rom/rdata_a_reg_0/ADDRARDADDR[14] (net: soc_inst/boot_rom_ctrl_inst/boot_rom/ADDRARDADDR[12]) which is driven by a register (soc_inst/cpu_inst/CORE/core_i/cs_registers_i/dcsr_q_reg[step]) that has an active asychronous set or reset. This may cause corruption of the memory contents and/or read values when the set/reset is asserted and is not analyzed by the default static timing analysis. It is suggested to eliminate the use of a set/reset to registers driving this RAMB pin or else use a synchronous reset in which the assertion of the reset is timed by default.
Related violations: <none>

REQP-1839#2 Warning
RAMB36 async control check  
The RAMB36E1 soc_inst/boot_rom_ctrl_inst/boot_rom/rdata_a_reg_0 has an input control pin soc_inst/boot_rom_ctrl_inst/boot_rom/rdata_a_reg_0/ADDRARDADDR[14] (net: soc_inst/boot_rom_ctrl_inst/boot_rom/ADDRARDADDR[12]) which is driven by a register (soc_inst/cpu_inst/CORE/core_i/cs_registers_i/dcsr_q_reg[stepie]) that has an active asychronous set or reset. This may cause corruption of the memory contents and/or read values when the set/reset is asserted and is not analyzed by the default static timing analysis. It is suggested to eliminate the use of a set/reset to registers driving this RAMB pin or else use a synchronous reset in which the assertion of the reset is timed by default.
Related violations: <none>

REQP-1839#3 Warning
RAMB36 async control check  
The RAMB36E1 soc_inst/boot_rom_ctrl_inst/boot_rom/rdata_a_reg_0 has an input control pin soc_inst/boot_rom_ctrl_inst/boot_rom/rdata_a_reg_0/ADDRARDADDR[14] (net: soc_inst/boot_rom_ctrl_inst/boot_rom/ADDRARDADDR[12]) which is driven by a register (soc_inst/cpu_inst/CORE/core_i/cs_registers_i/depc_q_reg[14]) that has an active asychronous set or reset. This may cause corruption of the memory contents and/or read values when the set/reset is asserted and is not analyzed by the default static timing analysis. It is suggested to eliminate the use of a set/reset to registers driving this RAMB pin or else use a synchronous reset in which the assertion of the reset is timed by default.
Related violations: <none>

REQP-1839#4 Warning
RAMB36 async control check  
The RAMB36E1 soc_inst/boot_rom_ctrl_inst/boot_rom/rdata_a_reg_0 has an input control pin soc_inst/boot_rom_ctrl_inst/boot_rom/rdata_a_reg_0/ADDRARDADDR[14] (net: soc_inst/boot_rom_ctrl_inst/boot_rom/ADDRARDADDR[12]) which is driven by a register (soc_inst/cpu_inst/CORE/core_i/cs_registers_i/gen_trigger_regs.tmatch_control_exec_q_reg) that has an active asychronous set or reset. This may cause corruption of the memory contents and/or read values when the set/reset is asserted and is not analyzed by the default static timing analysis. It is suggested to eliminate the use of a set/reset to registers driving this RAMB pin or else use a synchronous reset in which the assertion of the reset is timed by default.
Related violations: <none>

REQP-1839#5 Warning
RAMB36 async control check  
The RAMB36E1 soc_inst/boot_rom_ctrl_inst/boot_rom/rdata_a_reg_0 has an input control pin soc_inst/boot_rom_ctrl_inst/boot_rom/rdata_a_reg_0/ADDRARDADDR[14] (net: soc_inst/boot_rom_ctrl_inst/boot_rom/ADDRARDADDR[12]) which is driven by a register (soc_inst/cpu_inst/CORE/core_i/cs_registers_i/gen_trigger_regs.tmatch_value_q_reg[0]) that has an active asychronous set or reset. This may cause corruption of the memory contents and/or read values when the set/reset is asserted and is not analyzed by the default static timing analysis. It is suggested to eliminate the use of a set/reset to registers driving this RAMB pin or else use a synchronous reset in which the assertion of the reset is timed by default.
Related violations: <none>

REQP-1839#6 Warning
RAMB36 async control check  
The RAMB36E1 soc_inst/boot_rom_ctrl_inst/boot_rom/rdata_a_reg_0 has an input control pin soc_inst/boot_rom_ctrl_inst/boot_rom/rdata_a_reg_0/ADDRARDADDR[14] (net: soc_inst/boot_rom_ctrl_inst/boot_rom/ADDRARDADDR[12]) which is driven by a register (soc_inst/cpu_inst/CORE/core_i/cs_registers_i/gen_trigger_regs.tmatch_value_q_reg[10]) that has an active asychronous set or reset. This may cause corruption of the memory contents and/or read values when the set/reset is asserted and is not analyzed by the default static timing analysis. It is suggested to eliminate the use of a set/reset to registers driving this RAMB pin or else use a synchronous reset in which the assertion of the reset is timed by default.
Related violations: <none>

REQP-1839#7 Warning
RAMB36 async control check  
The RAMB36E1 soc_inst/boot_rom_ctrl_inst/boot_rom/rdata_a_reg_0 has an input control pin soc_inst/boot_rom_ctrl_inst/boot_rom/rdata_a_reg_0/ADDRARDADDR[14] (net: soc_inst/boot_rom_ctrl_inst/boot_rom/ADDRARDADDR[12]) which is driven by a register (soc_inst/cpu_inst/CORE/core_i/cs_registers_i/gen_trigger_regs.tmatch_value_q_reg[11]) that has an active asychronous set or reset. This may cause corruption of the memory contents and/or read values when the set/reset is asserted and is not analyzed by the default static timing analysis. It is suggested to eliminate the use of a set/reset to registers driving this RAMB pin or else use a synchronous reset in which the assertion of the reset is timed by default.
Related violations: <none>

REQP-1839#8 Warning
RAMB36 async control check  
The RAMB36E1 soc_inst/boot_rom_ctrl_inst/boot_rom/rdata_a_reg_0 has an input control pin soc_inst/boot_rom_ctrl_inst/boot_rom/rdata_a_reg_0/ADDRARDADDR[14] (net: soc_inst/boot_rom_ctrl_inst/boot_rom/ADDRARDADDR[12]) which is driven by a register (soc_inst/cpu_inst/CORE/core_i/cs_registers_i/gen_trigger_regs.tmatch_value_q_reg[12]) that has an active asychronous set or reset. This may cause corruption of the memory contents and/or read values when the set/reset is asserted and is not analyzed by the default static timing analysis. It is suggested to eliminate the use of a set/reset to registers driving this RAMB pin or else use a synchronous reset in which the assertion of the reset is timed by default.
Related violations: <none>

REQP-1839#9 Warning
RAMB36 async control check  
The RAMB36E1 soc_inst/boot_rom_ctrl_inst/boot_rom/rdata_a_reg_0 has an input control pin soc_inst/boot_rom_ctrl_inst/boot_rom/rdata_a_reg_0/ADDRARDADDR[14] (net: soc_inst/boot_rom_ctrl_inst/boot_rom/ADDRARDADDR[12]) which is driven by a register (soc_inst/cpu_inst/CORE/core_i/cs_registers_i/gen_trigger_regs.tmatch_value_q_reg[13]) that has an active asychronous set or reset. This may cause corruption of the memory contents and/or read values when the set/reset is asserted and is not analyzed by the default static timing analysis. It is suggested to eliminate the use of a set/reset to registers driving this RAMB pin or else use a synchronous reset in which the assertion of the reset is timed by default.
Related violations: <none>

REQP-1839#10 Warning
RAMB36 async control check  
The RAMB36E1 soc_inst/boot_rom_ctrl_inst/boot_rom/rdata_a_reg_0 has an input control pin soc_inst/boot_rom_ctrl_inst/boot_rom/rdata_a_reg_0/ADDRARDADDR[14] (net: soc_inst/boot_rom_ctrl_inst/boot_rom/ADDRARDADDR[12]) which is driven by a register (soc_inst/cpu_inst/CORE/core_i/cs_registers_i/gen_trigger_regs.tmatch_value_q_reg[14]) that has an active asychronous set or reset. This may cause corruption of the memory contents and/or read values when the set/reset is asserted and is not analyzed by the default static timing analysis. It is suggested to eliminate the use of a set/reset to registers driving this RAMB pin or else use a synchronous reset in which the assertion of the reset is timed by default.
Related violations: <none>

REQP-1839#11 Warning
RAMB36 async control check  
The RAMB36E1 soc_inst/boot_rom_ctrl_inst/boot_rom/rdata_a_reg_0 has an input control pin soc_inst/boot_rom_ctrl_inst/boot_rom/rdata_a_reg_0/ADDRARDADDR[14] (net: soc_inst/boot_rom_ctrl_inst/boot_rom/ADDRARDADDR[12]) which is driven by a register (soc_inst/cpu_inst/CORE/core_i/cs_registers_i/gen_trigger_regs.tmatch_value_q_reg[15]) that has an active asychronous set or reset. This may cause corruption of the memory contents and/or read values when the set/reset is asserted and is not analyzed by the default static timing analysis. It is suggested to eliminate the use of a set/reset to registers driving this RAMB pin or else use a synchronous reset in which the assertion of the reset is timed by default.
Related violations: <none>

REQP-1839#12 Warning
RAMB36 async control check  
The RAMB36E1 soc_inst/boot_rom_ctrl_inst/boot_rom/rdata_a_reg_0 has an input control pin soc_inst/boot_rom_ctrl_inst/boot_rom/rdata_a_reg_0/ADDRARDADDR[14] (net: soc_inst/boot_rom_ctrl_inst/boot_rom/ADDRARDADDR[12]) which is driven by a register (soc_inst/cpu_inst/CORE/core_i/cs_registers_i/gen_trigger_regs.tmatch_value_q_reg[16]) that has an active asychronous set or reset. This may cause corruption of the memory contents and/or read values when the set/reset is asserted and is not analyzed by the default static timing analysis. It is suggested to eliminate the use of a set/reset to registers driving this RAMB pin or else use a synchronous reset in which the assertion of the reset is timed by default.
Related violations: <none>

REQP-1839#13 Warning
RAMB36 async control check  
The RAMB36E1 soc_inst/boot_rom_ctrl_inst/boot_rom/rdata_a_reg_0 has an input control pin soc_inst/boot_rom_ctrl_inst/boot_rom/rdata_a_reg_0/ADDRARDADDR[14] (net: soc_inst/boot_rom_ctrl_inst/boot_rom/ADDRARDADDR[12]) which is driven by a register (soc_inst/cpu_inst/CORE/core_i/cs_registers_i/gen_trigger_regs.tmatch_value_q_reg[17]) that has an active asychronous set or reset. This may cause corruption of the memory contents and/or read values when the set/reset is asserted and is not analyzed by the default static timing analysis. It is suggested to eliminate the use of a set/reset to registers driving this RAMB pin or else use a synchronous reset in which the assertion of the reset is timed by default.
Related violations: <none>

REQP-1839#14 Warning
RAMB36 async control check  
The RAMB36E1 soc_inst/boot_rom_ctrl_inst/boot_rom/rdata_a_reg_0 has an input control pin soc_inst/boot_rom_ctrl_inst/boot_rom/rdata_a_reg_0/ADDRARDADDR[14] (net: soc_inst/boot_rom_ctrl_inst/boot_rom/ADDRARDADDR[12]) which is driven by a register (soc_inst/cpu_inst/CORE/core_i/cs_registers_i/gen_trigger_regs.tmatch_value_q_reg[18]) that has an active asychronous set or reset. This may cause corruption of the memory contents and/or read values when the set/reset is asserted and is not analyzed by the default static timing analysis. It is suggested to eliminate the use of a set/reset to registers driving this RAMB pin or else use a synchronous reset in which the assertion of the reset is timed by default.
Related violations: <none>

REQP-1839#15 Warning
RAMB36 async control check  
The RAMB36E1 soc_inst/boot_rom_ctrl_inst/boot_rom/rdata_a_reg_0 has an input control pin soc_inst/boot_rom_ctrl_inst/boot_rom/rdata_a_reg_0/ADDRARDADDR[14] (net: soc_inst/boot_rom_ctrl_inst/boot_rom/ADDRARDADDR[12]) which is driven by a register (soc_inst/cpu_inst/CORE/core_i/cs_registers_i/gen_trigger_regs.tmatch_value_q_reg[19]) that has an active asychronous set or reset. This may cause corruption of the memory contents and/or read values when the set/reset is asserted and is not analyzed by the default static timing analysis. It is suggested to eliminate the use of a set/reset to registers driving this RAMB pin or else use a synchronous reset in which the assertion of the reset is timed by default.
Related violations: <none>

REQP-1839#16 Warning
RAMB36 async control check  
The RAMB36E1 soc_inst/boot_rom_ctrl_inst/boot_rom/rdata_a_reg_0 has an input control pin soc_inst/boot_rom_ctrl_inst/boot_rom/rdata_a_reg_0/ADDRARDADDR[14] (net: soc_inst/boot_rom_ctrl_inst/boot_rom/ADDRARDADDR[12]) which is driven by a register (soc_inst/cpu_inst/CORE/core_i/cs_registers_i/gen_trigger_regs.tmatch_value_q_reg[1]) that has an active asychronous set or reset. This may cause corruption of the memory contents and/or read values when the set/reset is asserted and is not analyzed by the default static timing analysis. It is suggested to eliminate the use of a set/reset to registers driving this RAMB pin or else use a synchronous reset in which the assertion of the reset is timed by default.
Related violations: <none>

REQP-1839#17 Warning
RAMB36 async control check  
The RAMB36E1 soc_inst/boot_rom_ctrl_inst/boot_rom/rdata_a_reg_0 has an input control pin soc_inst/boot_rom_ctrl_inst/boot_rom/rdata_a_reg_0/ADDRARDADDR[14] (net: soc_inst/boot_rom_ctrl_inst/boot_rom/ADDRARDADDR[12]) which is driven by a register (soc_inst/cpu_inst/CORE/core_i/cs_registers_i/gen_trigger_regs.tmatch_value_q_reg[20]) that has an active asychronous set or reset. This may cause corruption of the memory contents and/or read values when the set/reset is asserted and is not analyzed by the default static timing analysis. It is suggested to eliminate the use of a set/reset to registers driving this RAMB pin or else use a synchronous reset in which the assertion of the reset is timed by default.
Related violations: <none>

REQP-1839#18 Warning
RAMB36 async control check  
The RAMB36E1 soc_inst/boot_rom_ctrl_inst/boot_rom/rdata_a_reg_0 has an input control pin soc_inst/boot_rom_ctrl_inst/boot_rom/rdata_a_reg_0/ADDRARDADDR[14] (net: soc_inst/boot_rom_ctrl_inst/boot_rom/ADDRARDADDR[12]) which is driven by a register (soc_inst/cpu_inst/CORE/core_i/cs_registers_i/gen_trigger_regs.tmatch_value_q_reg[21]) that has an active asychronous set or reset. This may cause corruption of the memory contents and/or read values when the set/reset is asserted and is not analyzed by the default static timing analysis. It is suggested to eliminate the use of a set/reset to registers driving this RAMB pin or else use a synchronous reset in which the assertion of the reset is timed by default.
Related violations: <none>

REQP-1839#19 Warning
RAMB36 async control check  
The RAMB36E1 soc_inst/boot_rom_ctrl_inst/boot_rom/rdata_a_reg_0 has an input control pin soc_inst/boot_rom_ctrl_inst/boot_rom/rdata_a_reg_0/ADDRARDADDR[14] (net: soc_inst/boot_rom_ctrl_inst/boot_rom/ADDRARDADDR[12]) which is driven by a register (soc_inst/cpu_inst/CORE/core_i/cs_registers_i/gen_trigger_regs.tmatch_value_q_reg[22]) that has an active asychronous set or reset. This may cause corruption of the memory contents and/or read values when the set/reset is asserted and is not analyzed by the default static timing analysis. It is suggested to eliminate the use of a set/reset to registers driving this RAMB pin or else use a synchronous reset in which the assertion of the reset is timed by default.
Related violations: <none>

REQP-1839#20 Warning
RAMB36 async control check  
The RAMB36E1 soc_inst/boot_rom_ctrl_inst/boot_rom/rdata_a_reg_0 has an input control pin soc_inst/boot_rom_ctrl_inst/boot_rom/rdata_a_reg_0/ADDRARDADDR[14] (net: soc_inst/boot_rom_ctrl_inst/boot_rom/ADDRARDADDR[12]) which is driven by a register (soc_inst/cpu_inst/CORE/core_i/cs_registers_i/gen_trigger_regs.tmatch_value_q_reg[23]) that has an active asychronous set or reset. This may cause corruption of the memory contents and/or read values when the set/reset is asserted and is not analyzed by the default static timing analysis. It is suggested to eliminate the use of a set/reset to registers driving this RAMB pin or else use a synchronous reset in which the assertion of the reset is timed by default.
Related violations: <none>


