core   0: 3 0x10000000 (0x10002117) x2  0x20002000
core   0: 3 0x10000004 (0x00010113) x2  0x20002000
core   0: 3 0x10000008 (0x00000297) x5  0x10000008
core   0: 3 0x1000000c (0x09428293) x5  0x1000009c
core   0: 3 0x10000010 (0x10000317) x6  0x20000010
core   0: 3 0x10000014 (0xff030313) x6  0x20000000
core   0: 3 0x10000018 (0x10000397) x7  0x20000018
core   0: 3 0x1000001c (0xfe838393) x7  0x20000000
core   0: 3 0x10000020 (0x00735963)
core   0: 3 0x10000032 (0x10000297) x5  0x20000032
core   0: 3 0x10000036 (0xfce28293) x5  0x20000000
core   0: 3 0x1000003a (0x10000317) x6  0x2000003a
core   0: 3 0x1000003e (0xfca30313) x6  0x20000004
core   0: 3 0x10000042 (0x0062d663)
core   0: 3 0x10000046 (0x0002a023) mem 0x20000000 0x00000000
core   0: 3 0x1000004a (0x0291) x5  0x20000004
core   0: 3 0x1000004c (0xbfdd)
core   0: 3 0x10000042 (0x0062d663)
core   0: 3 0x1000004e (0x2011) x1  0x10000050
core   0: 3 0x10000052 (0x1101) x2  0x20001fe0
core   0: 3 0x10000054 (0xce06) mem 0x20001ffc 0x10000050
core   0: 3 0x10000056 (0xcc22) mem 0x20001ff8 0x00000000
core   0: 3 0x10000058 (0x1000) x8  0x20002000
core   0: 3 0x1000005a (0xfe042623) mem 0x20001fec 0x00000000
core   0: 3 0x1000005e (0x4785) x15 0x00000001
core   0: 3 0x10000060 (0xfef42423) mem 0x20001fe8 0x00000001
core   0: 3 0x10000064 (0xa839)
core   0: 3 0x10000082 (0xfe842703) x14 0x00000001 mem 0x20001fe8
core   0: 3 0x10000086 (0x47a9) x15 0x0000000a
core   0: 3 0x10000088 (0xfce7dfe3)
core   0: 3 0x10000066 (0xfe842783) x15 0x00000001 mem 0x20001fe8
core   0: 3 0x1000006a (0x02f787b3) x15 0x00000001
core   0: 3 0x1000006e (0xfec42703) x14 0x00000000 mem 0x20001fec
core   0: 3 0x10000072 (0x97ba) x15 0x00000001
core   0: 3 0x10000074 (0xfef42623) mem 0x20001fec 0x00000001
core   0: 3 0x10000078 (0xfe842783) x15 0x00000001 mem 0x20001fe8
core   0: 3 0x1000007c (0x0785) x15 0x00000002
core   0: 3 0x1000007e (0xfef42423) mem 0x20001fe8 0x00000002
core   0: 3 0x10000082 (0xfe842703) x14 0x00000002 mem 0x20001fe8
core   0: 3 0x10000086 (0x47a9) x15 0x0000000a
core   0: 3 0x10000088 (0xfce7dfe3)
core   0: 3 0x10000066 (0xfe842783) x15 0x00000002 mem 0x20001fe8
core   0: 3 0x1000006a (0x02f787b3) x15 0x00000004
core   0: 3 0x1000006e (0xfec42703) x14 0x00000001 mem 0x20001fec
core   0: 3 0x10000072 (0x97ba) x15 0x00000005
core   0: 3 0x10000074 (0xfef42623) mem 0x20001fec 0x00000005
core   0: 3 0x10000078 (0xfe842783) x15 0x00000002 mem 0x20001fe8
core   0: 3 0x1000007c (0x0785) x15 0x00000003
core   0: 3 0x1000007e (0xfef42423) mem 0x20001fe8 0x00000003
core   0: 3 0x10000082 (0xfe842703) x14 0x00000003 mem 0x20001fe8
core   0: 3 0x10000086 (0x47a9) x15 0x0000000a
core   0: 3 0x10000088 (0xfce7dfe3)
core   0: 3 0x10000066 (0xfe842783) x15 0x00000003 mem 0x20001fe8
core   0: 3 0x1000006a (0x02f787b3) x15 0x00000009
core   0: 3 0x1000006e (0xfec42703) x14 0x00000005 mem 0x20001fec
core   0: 3 0x10000072 (0x97ba) x15 0x0000000e
core   0: 3 0x10000074 (0xfef42623) mem 0x20001fec 0x0000000e
core   0: 3 0x10000078 (0xfe842783) x15 0x00000003 mem 0x20001fe8
core   0: 3 0x1000007c (0x0785) x15 0x00000004
core   0: 3 0x1000007e (0xfef42423) mem 0x20001fe8 0x00000004
core   0: 3 0x10000082 (0xfe842703) x14 0x00000004 mem 0x20001fe8
core   0: 3 0x10000086 (0x47a9) x15 0x0000000a
core   0: 3 0x10000088 (0xfce7dfe3)
core   0: 3 0x10000066 (0xfe842783) x15 0x00000004 mem 0x20001fe8
core   0: 3 0x1000006a (0x02f787b3) x15 0x00000010
core   0: 3 0x1000006e (0xfec42703) x14 0x0000000e mem 0x20001fec
core   0: 3 0x10000072 (0x97ba) x15 0x0000001e
core   0: 3 0x10000074 (0xfef42623) mem 0x20001fec 0x0000001e
core   0: 3 0x10000078 (0xfe842783) x15 0x00000004 mem 0x20001fe8
core   0: 3 0x1000007c (0x0785) x15 0x00000005
core   0: 3 0x1000007e (0xfef42423) mem 0x20001fe8 0x00000005
core   0: 3 0x10000082 (0xfe842703) x14 0x00000005 mem 0x20001fe8
core   0: 3 0x10000086 (0x47a9) x15 0x0000000a
core   0: 3 0x10000088 (0xfce7dfe3)
core   0: 3 0x10000066 (0xfe842783) x15 0x00000005 mem 0x20001fe8
core   0: 3 0x1000006a (0x02f787b3) x15 0x00000019
core   0: 3 0x1000006e (0xfec42703) x14 0x0000001e mem 0x20001fec
core   0: 3 0x10000072 (0x97ba) x15 0x00000037
core   0: 3 0x10000074 (0xfef42623) mem 0x20001fec 0x00000037
core   0: 3 0x10000078 (0xfe842783) x15 0x00000005 mem 0x20001fe8
core   0: 3 0x1000007c (0x0785) x15 0x00000006
core   0: 3 0x1000007e (0xfef42423) mem 0x20001fe8 0x00000006
core   0: 3 0x10000082 (0xfe842703) x14 0x00000006 mem 0x20001fe8
core   0: 3 0x10000086 (0x47a9) x15 0x0000000a
core   0: 3 0x10000088 (0xfce7dfe3)
core   0: 3 0x10000066 (0xfe842783) x15 0x00000006 mem 0x20001fe8
core   0: 3 0x1000006a (0x02f787b3) x15 0x00000024
core   0: 3 0x1000006e (0xfec42703) x14 0x00000037 mem 0x20001fec
core   0: 3 0x10000072 (0x97ba) x15 0x0000005b
core   0: 3 0x10000074 (0xfef42623) mem 0x20001fec 0x0000005b
core   0: 3 0x10000078 (0xfe842783) x15 0x00000006 mem 0x20001fe8
core   0: 3 0x1000007c (0x0785) x15 0x00000007
core   0: 3 0x1000007e (0xfef42423) mem 0x20001fe8 0x00000007
core   0: 3 0x10000082 (0xfe842703) x14 0x00000007 mem 0x20001fe8
core   0: 3 0x10000086 (0x47a9) x15 0x0000000a
core   0: 3 0x10000088 (0xfce7dfe3)
core   0: 3 0x10000066 (0xfe842783) x15 0x00000007 mem 0x20001fe8
core   0: 3 0x1000006a (0x02f787b3) x15 0x00000031
core   0: 3 0x1000006e (0xfec42703) x14 0x0000005b mem 0x20001fec
core   0: 3 0x10000072 (0x97ba) x15 0x0000008c
core   0: 3 0x10000074 (0xfef42623) mem 0x20001fec 0x0000008c
core   0: 3 0x10000078 (0xfe842783) x15 0x00000007 mem 0x20001fe8
core   0: 3 0x1000007c (0x0785) x15 0x00000008
core   0: 3 0x1000007e (0xfef42423) mem 0x20001fe8 0x00000008
core   0: 3 0x10000082 (0xfe842703) x14 0x00000008 mem 0x20001fe8
core   0: 3 0x10000086 (0x47a9) x15 0x0000000a
core   0: 3 0x10000088 (0xfce7dfe3)
core   0: 3 0x10000066 (0xfe842783) x15 0x00000008 mem 0x20001fe8
core   0: 3 0x1000006a (0x02f787b3) x15 0x00000040
core   0: 3 0x1000006e (0xfec42703) x14 0x0000008c mem 0x20001fec
core   0: 3 0x10000072 (0x97ba) x15 0x000000cc
core   0: 3 0x10000074 (0xfef42623) mem 0x20001fec 0x000000cc
core   0: 3 0x10000078 (0xfe842783) x15 0x00000008 mem 0x20001fe8
core   0: 3 0x1000007c (0x0785) x15 0x00000009
core   0: 3 0x1000007e (0xfef42423) mem 0x20001fe8 0x00000009
core   0: 3 0x10000082 (0xfe842703) x14 0x00000009 mem 0x20001fe8
core   0: 3 0x10000086 (0x47a9) x15 0x0000000a
core   0: 3 0x10000088 (0xfce7dfe3)
core   0: 3 0x10000066 (0xfe842783) x15 0x00000009 mem 0x20001fe8
core   0: 3 0x1000006a (0x02f787b3) x15 0x00000051
core   0: 3 0x1000006e (0xfec42703) x14 0x000000cc mem 0x20001fec
core   0: 3 0x10000072 (0x97ba) x15 0x0000011d
core   0: 3 0x10000074 (0xfef42623) mem 0x20001fec 0x0000011d
core   0: 3 0x10000078 (0xfe842783) x15 0x00000009 mem 0x20001fe8
core   0: 3 0x1000007c (0x0785) x15 0x0000000a
core   0: 3 0x1000007e (0xfef42423) mem 0x20001fe8 0x0000000a
core   0: 3 0x10000082 (0xfe842703) x14 0x0000000a mem 0x20001fe8
core   0: 3 0x10000086 (0x47a9) x15 0x0000000a
core   0: 3 0x10000088 (0xfce7dfe3)
core   0: 3 0x10000066 (0xfe842783) x15 0x0000000a mem 0x20001fe8
core   0: 3 0x1000006a (0x02f787b3) x15 0x00000064
core   0: 3 0x1000006e (0xfec42703) x14 0x0000011d mem 0x20001fec
core   0: 3 0x10000072 (0x97ba) x15 0x00000181
core   0: 3 0x10000074 (0xfef42623) mem 0x20001fec 0x00000181
core   0: 3 0x10000078 (0xfe842783) x15 0x0000000a mem 0x20001fe8
core   0: 3 0x1000007c (0x0785) x15 0x0000000b
core   0: 3 0x1000007e (0xfef42423) mem 0x20001fe8 0x0000000b
core   0: 3 0x10000082 (0xfe842703) x14 0x0000000b mem 0x20001fe8
core   0: 3 0x10000086 (0x47a9) x15 0x0000000a
core   0: 3 0x10000088 (0xfce7dfe3)
core   0: 3 0x1000008c (0x200007b7) x15 0x20000000
core   0: 3 0x10000090 (0xfec42703) x14 0x00000181 mem 0x20001fec
core   0: 3 0x10000094 (0x00e7a023) mem 0x20000000 0x00000181
core   0: 3 0x10000098 (0xa001)
core   0: 3 0x10000098 (0xa001)
core   0: 3 0x10000098 (0xa001)
core   0: 3 0x10000098 (0xa001)
core   0: 3 0x10000098 (0xa001)
core   0: 3 0x10000098 (0xa001)
core   0: 3 0x10000098 (0xa001)
core   0: 3 0x10000098 (0xa001)
core   0: 3 0x10000098 (0xa001)
core   0: 3 0x10000098 (0xa001)
core   0: 3 0x10000098 (0xa001)
core   0: 3 0x10000098 (0xa001)
core   0: 3 0x10000098 (0xa001)
core   0: 3 0x10000098 (0xa001)
core   0: 3 0x10000098 (0xa001)
core   0: 3 0x10000098 (0xa001)
core   0: 3 0x10000098 (0xa001)
core   0: 3 0x10000098 (0xa001)
core   0: 3 0x10000098 (0xa001)
core   0: 3 0x10000098 (0xa001)
core   0: 3 0x10000098 (0xa001)
core   0: 3 0x10000098 (0xa001)
core   0: 3 0x10000098 (0xa001)
core   0: 3 0x10000098 (0xa001)
core   0: 3 0x10000098 (0xa001)
core   0: 3 0x10000098 (0xa001)
core   0: 3 0x10000098 (0xa001)
core   0: 3 0x10000098 (0xa001)
core   0: 3 0x10000098 (0xa001)
core   0: 3 0x10000098 (0xa001)
core   0: 3 0x10000098 (0xa001)
core   0: 3 0x10000098 (0xa001)
core   0: 3 0x10000098 (0xa001)
core   0: 3 0x10000098 (0xa001)
core   0: 3 0x10000098 (0xa001)
core   0: 3 0x10000098 (0xa001)
core   0: 3 0x10000098 (0xa001)
core   0: 3 0x10000098 (0xa001)
core   0: 3 0x10000098 (0xa001)
core   0: 3 0x10000098 (0xa001)
core   0: 3 0x10000098 (0xa001)
core   0: 3 0x10000098 (0xa001)
core   0: 3 0x10000098 (0xa001)
core   0: 3 0x10000098 (0xa001)
core   0: 3 0x10000098 (0xa001)
core   0: 3 0x10000098 (0xa001)
core   0: 3 0x10000098 (0xa001)
core   0: 3 0x10000098 (0xa001)
core   0: 3 0x10000098 (0xa001)
core   0: 3 0x10000098 (0xa001)
