            Time           Cycle PC       Instr    Ctx Decoded instruction Register and memory contents
      300.000 ns               5 10000000 10002117                    auipc  x2, 0x10002000  x2=20002000
      360.000 ns               8 10000004 00010113                         addi  x2,  x2, 0  x2=20002000  x2:20002000
      420.000 ns              11 10000008 00000297                           auipc  x5, 0x0  x5=10000008
      480.000 ns              14 1000000c 09428293                       addi  x5,  x5, 148  x5=1000009c  x5:10000008
      540.000 ns              17 10000010 10000317                    auipc  x6, 0x10000000  x6=20000010
      600.000 ns              20 10000014 ff030313                       addi  x6,  x6, -16  x6=20000000  x6:20000010
      660.000 ns              23 10000018 10000397                    auipc  x7, 0x10000000  x7=20000018
      720.000 ns              26 1000001c fe838393                       addi  x7,  x7, -24  x7=20000000  x7:20000018
      780.000 ns              29 10000020 00735963                         bge  x6,  x7, 18  x6:20000000  x7:20000000
      960.000 ns              38 10000032 10000297                    auipc  x5, 0x10000000  x5=20000032
     1020.000 ns              41 10000036 fce28293                       addi  x5,  x5, -50  x5=20000000  x5:20000032
     1080.000 ns              44 1000003a 10000317                    auipc  x6, 0x10000000  x6=2000003a
     1140.000 ns              47 1000003e fca30313                       addi  x6,  x6, -54  x6=20000004  x6:2000003a
     1200.000 ns              50 10000042 0062d663                         bge  x5,  x6, 12  x5:20000000  x6:20000004
     1260.000 ns              53 10000046 0002a023                            sw  x0, 0(x5)  x5:20000000  PA:20000000
     1320.000 ns              56 1000004a 00428293                       c.addi  x5,  x5, 4  x5=20000004  x5:20000000
     1340.000 ns              57 1000004c ff7ff06f                           c.jal  x0, -10
     1500.000 ns              65 10000042 0062d663                         bge  x5,  x6, 12  x5:20000004  x6:20000004
     1620.000 ns              71 1000004e 004000ef                             c.jal  x1, 4  x1=10000050
     1740.000 ns              77 10000052 fe010113                     c.addi  x2,  x2, -32  x2=20001fe0  x2:20002000
     1800.000 ns              80 10000054 00112e23                         c.sw  x1, 28(x2)  x1:10000050  x2:20001fe0  PA:20001ffc
     1860.000 ns              83 10000056 00812c23                         c.sw  x8, 24(x2)  x8:00000000  x2:20001fe0  PA:20001ff8
     1880.000 ns              84 10000058 02010413                      c.addi  x8,  x2, 32  x8=20002000  x2:20001fe0
     1920.000 ns              86 1000005a fe042623                          sw  x0, -20(x8)  x8:20002000  PA:20001fec
     1980.000 ns              89 1000005e 00100793                       c.addi x15,  x0, 1 x15=00000001
     2000.000 ns              90 10000060 fef42423                          sw x15, -24(x8) x15:00000001  x8:20002000  PA:20001fe8
     2040.000 ns              92 10000064 01e0006f                            c.jal  x0, 30
     2220.000 ns             101 10000082 fe842703                          lw x14, -24(x8) x14=00000001  x8:20002000  PA:20001fe8
     2300.000 ns             105 10000086 00a00793                      c.addi x15,  x0, 10 x15=0000000a
     2320.000 ns             106 10000088 fce7dfe3                        bge x15, x14, -34 x15:0000000a x14:00000001
     2520.000 ns             116 10000066 fe842783                          lw x15, -24(x8) x15=00000001  x8:20002000  PA:20001fe8
     2600.000 ns             120 1000006a 02f787b3                        mul x15, x15, x15 x15=00000001 x15:00000001 x15:00000001
     2640.000 ns             122 1000006e fec42703                          lw x14, -20(x8) x14=00000000  x8:20002000  PA:20001fec
     2720.000 ns             126 10000072 00e787b3                      c.add x15, x15, x14 x15=00000001 x15:00000001 x14:00000000
     2740.000 ns             127 10000074 fef42623                          sw x15, -20(x8) x15:00000001  x8:20002000  PA:20001fec
     2760.000 ns             128 10000078 fe842783                          lw x15, -24(x8) x15=00000001  x8:20002000  PA:20001fe8
     2840.000 ns             132 1000007c 00178793                       c.addi x15, x15, 1 x15=00000002 x15:00000001
     2880.000 ns             134 1000007e fef42423                          sw x15, -24(x8) x15:00000002  x8:20002000  PA:20001fe8
     2940.000 ns             137 10000082 fe842703                          lw x14, -24(x8) x14=00000002  x8:20002000  PA:20001fe8
     3020.000 ns             141 10000086 00a00793                      c.addi x15,  x0, 10 x15=0000000a
     3040.000 ns             142 10000088 fce7dfe3                        bge x15, x14, -34 x15:0000000a x14:00000002
     3240.000 ns             152 10000066 fe842783                          lw x15, -24(x8) x15=00000002  x8:20002000  PA:20001fe8
     3320.000 ns             156 1000006a 02f787b3                        mul x15, x15, x15 x15=00000004 x15:00000002 x15:00000002
     3360.000 ns             158 1000006e fec42703                          lw x14, -20(x8) x14=00000001  x8:20002000  PA:20001fec
     3440.000 ns             162 10000072 00e787b3                      c.add x15, x15, x14 x15=00000005 x15:00000004 x14:00000001
     3460.000 ns             163 10000074 fef42623                          sw x15, -20(x8) x15:00000005  x8:20002000  PA:20001fec
     3480.000 ns             164 10000078 fe842783                          lw x15, -24(x8) x15=00000002  x8:20002000  PA:20001fe8
     3560.000 ns             168 1000007c 00178793                       c.addi x15, x15, 1 x15=00000003 x15:00000002
     3600.000 ns             170 1000007e fef42423                          sw x15, -24(x8) x15:00000003  x8:20002000  PA:20001fe8
     3660.000 ns             173 10000082 fe842703                          lw x14, -24(x8) x14=00000003  x8:20002000  PA:20001fe8
     3740.000 ns             177 10000086 00a00793                      c.addi x15,  x0, 10 x15=0000000a
     3760.000 ns             178 10000088 fce7dfe3                        bge x15, x14, -34 x15:0000000a x14:00000003
     3960.000 ns             188 10000066 fe842783                          lw x15, -24(x8) x15=00000003  x8:20002000  PA:20001fe8
     4040.000 ns             192 1000006a 02f787b3                        mul x15, x15, x15 x15=00000009 x15:00000003 x15:00000003
     4080.000 ns             194 1000006e fec42703                          lw x14, -20(x8) x14=00000005  x8:20002000  PA:20001fec
     4160.000 ns             198 10000072 00e787b3                      c.add x15, x15, x14 x15=0000000e x15:00000009 x14:00000005
     4180.000 ns             199 10000074 fef42623                          sw x15, -20(x8) x15:0000000e  x8:20002000  PA:20001fec
     4200.000 ns             200 10000078 fe842783                          lw x15, -24(x8) x15=00000003  x8:20002000  PA:20001fe8
     4280.000 ns             204 1000007c 00178793                       c.addi x15, x15, 1 x15=00000004 x15:00000003
     4320.000 ns             206 1000007e fef42423                          sw x15, -24(x8) x15:00000004  x8:20002000  PA:20001fe8
     4380.000 ns             209 10000082 fe842703                          lw x14, -24(x8) x14=00000004  x8:20002000  PA:20001fe8
     4460.000 ns             213 10000086 00a00793                      c.addi x15,  x0, 10 x15=0000000a
     4480.000 ns             214 10000088 fce7dfe3                        bge x15, x14, -34 x15:0000000a x14:00000004
     4680.000 ns             224 10000066 fe842783                          lw x15, -24(x8) x15=00000004  x8:20002000  PA:20001fe8
     4760.000 ns             228 1000006a 02f787b3                        mul x15, x15, x15 x15=00000010 x15:00000004 x15:00000004
     4800.000 ns             230 1000006e fec42703                          lw x14, -20(x8) x14=0000000e  x8:20002000  PA:20001fec
     4880.000 ns             234 10000072 00e787b3                      c.add x15, x15, x14 x15=0000001e x15:00000010 x14:0000000e
     4900.000 ns             235 10000074 fef42623                          sw x15, -20(x8) x15:0000001e  x8:20002000  PA:20001fec
     4920.000 ns             236 10000078 fe842783                          lw x15, -24(x8) x15=00000004  x8:20002000  PA:20001fe8
     5000.000 ns             240 1000007c 00178793                       c.addi x15, x15, 1 x15=00000005 x15:00000004
     5040.000 ns             242 1000007e fef42423                          sw x15, -24(x8) x15:00000005  x8:20002000  PA:20001fe8
     5100.000 ns             245 10000082 fe842703                          lw x14, -24(x8) x14=00000005  x8:20002000  PA:20001fe8
     5180.000 ns             249 10000086 00a00793                      c.addi x15,  x0, 10 x15=0000000a
     5200.000 ns             250 10000088 fce7dfe3                        bge x15, x14, -34 x15:0000000a x14:00000005
     5400.000 ns             260 10000066 fe842783                          lw x15, -24(x8) x15=00000005  x8:20002000  PA:20001fe8
     5480.000 ns             264 1000006a 02f787b3                        mul x15, x15, x15 x15=00000019 x15:00000005 x15:00000005
     5520.000 ns             266 1000006e fec42703                          lw x14, -20(x8) x14=0000001e  x8:20002000  PA:20001fec
     5600.000 ns             270 10000072 00e787b3                      c.add x15, x15, x14 x15=00000037 x15:00000019 x14:0000001e
     5620.000 ns             271 10000074 fef42623                          sw x15, -20(x8) x15:00000037  x8:20002000  PA:20001fec
     5640.000 ns             272 10000078 fe842783                          lw x15, -24(x8) x15=00000005  x8:20002000  PA:20001fe8
     5720.000 ns             276 1000007c 00178793                       c.addi x15, x15, 1 x15=00000006 x15:00000005
     5760.000 ns             278 1000007e fef42423                          sw x15, -24(x8) x15:00000006  x8:20002000  PA:20001fe8
     5820.000 ns             281 10000082 fe842703                          lw x14, -24(x8) x14=00000006  x8:20002000  PA:20001fe8
     5900.000 ns             285 10000086 00a00793                      c.addi x15,  x0, 10 x15=0000000a
     5920.000 ns             286 10000088 fce7dfe3                        bge x15, x14, -34 x15:0000000a x14:00000006
     6120.000 ns             296 10000066 fe842783                          lw x15, -24(x8) x15=00000006  x8:20002000  PA:20001fe8
     6200.000 ns             300 1000006a 02f787b3                        mul x15, x15, x15 x15=00000024 x15:00000006 x15:00000006
     6240.000 ns             302 1000006e fec42703                          lw x14, -20(x8) x14=00000037  x8:20002000  PA:20001fec
     6320.000 ns             306 10000072 00e787b3                      c.add x15, x15, x14 x15=0000005b x15:00000024 x14:00000037
     6340.000 ns             307 10000074 fef42623                          sw x15, -20(x8) x15:0000005b  x8:20002000  PA:20001fec
     6360.000 ns             308 10000078 fe842783                          lw x15, -24(x8) x15=00000006  x8:20002000  PA:20001fe8
     6440.000 ns             312 1000007c 00178793                       c.addi x15, x15, 1 x15=00000007 x15:00000006
     6480.000 ns             314 1000007e fef42423                          sw x15, -24(x8) x15:00000007  x8:20002000  PA:20001fe8
     6540.000 ns             317 10000082 fe842703                          lw x14, -24(x8) x14=00000007  x8:20002000  PA:20001fe8
     6620.000 ns             321 10000086 00a00793                      c.addi x15,  x0, 10 x15=0000000a
     6640.000 ns             322 10000088 fce7dfe3                        bge x15, x14, -34 x15:0000000a x14:00000007
     6840.000 ns             332 10000066 fe842783                          lw x15, -24(x8) x15=00000007  x8:20002000  PA:20001fe8
     6920.000 ns             336 1000006a 02f787b3                        mul x15, x15, x15 x15=00000031 x15:00000007 x15:00000007
     6960.000 ns             338 1000006e fec42703                          lw x14, -20(x8) x14=0000005b  x8:20002000  PA:20001fec
     7040.000 ns             342 10000072 00e787b3                      c.add x15, x15, x14 x15=0000008c x15:00000031 x14:0000005b
     7060.000 ns             343 10000074 fef42623                          sw x15, -20(x8) x15:0000008c  x8:20002000  PA:20001fec
     7080.000 ns             344 10000078 fe842783                          lw x15, -24(x8) x15=00000007  x8:20002000  PA:20001fe8
     7160.000 ns             348 1000007c 00178793                       c.addi x15, x15, 1 x15=00000008 x15:00000007
     7200.000 ns             350 1000007e fef42423                          sw x15, -24(x8) x15:00000008  x8:20002000  PA:20001fe8
     7260.000 ns             353 10000082 fe842703                          lw x14, -24(x8) x14=00000008  x8:20002000  PA:20001fe8
     7340.000 ns             357 10000086 00a00793                      c.addi x15,  x0, 10 x15=0000000a
     7360.000 ns             358 10000088 fce7dfe3                        bge x15, x14, -34 x15:0000000a x14:00000008
     7560.000 ns             368 10000066 fe842783                          lw x15, -24(x8) x15=00000008  x8:20002000  PA:20001fe8
     7640.000 ns             372 1000006a 02f787b3                        mul x15, x15, x15 x15=00000040 x15:00000008 x15:00000008
     7680.000 ns             374 1000006e fec42703                          lw x14, -20(x8) x14=0000008c  x8:20002000  PA:20001fec
     7760.000 ns             378 10000072 00e787b3                      c.add x15, x15, x14 x15=000000cc x15:00000040 x14:0000008c
     7780.000 ns             379 10000074 fef42623                          sw x15, -20(x8) x15:000000cc  x8:20002000  PA:20001fec
     7800.000 ns             380 10000078 fe842783                          lw x15, -24(x8) x15=00000008  x8:20002000  PA:20001fe8
     7880.000 ns             384 1000007c 00178793                       c.addi x15, x15, 1 x15=00000009 x15:00000008
     7920.000 ns             386 1000007e fef42423                          sw x15, -24(x8) x15:00000009  x8:20002000  PA:20001fe8
     7980.000 ns             389 10000082 fe842703                          lw x14, -24(x8) x14=00000009  x8:20002000  PA:20001fe8
     8060.000 ns             393 10000086 00a00793                      c.addi x15,  x0, 10 x15=0000000a
     8080.000 ns             394 10000088 fce7dfe3                        bge x15, x14, -34 x15:0000000a x14:00000009
     8280.000 ns             404 10000066 fe842783                          lw x15, -24(x8) x15=00000009  x8:20002000  PA:20001fe8
     8360.000 ns             408 1000006a 02f787b3                        mul x15, x15, x15 x15=00000051 x15:00000009 x15:00000009
     8400.000 ns             410 1000006e fec42703                          lw x14, -20(x8) x14=000000cc  x8:20002000  PA:20001fec
     8480.000 ns             414 10000072 00e787b3                      c.add x15, x15, x14 x15=0000011d x15:00000051 x14:000000cc
     8500.000 ns             415 10000074 fef42623                          sw x15, -20(x8) x15:0000011d  x8:20002000  PA:20001fec
     8520.000 ns             416 10000078 fe842783                          lw x15, -24(x8) x15=00000009  x8:20002000  PA:20001fe8
     8600.000 ns             420 1000007c 00178793                       c.addi x15, x15, 1 x15=0000000a x15:00000009
     8640.000 ns             422 1000007e fef42423                          sw x15, -24(x8) x15:0000000a  x8:20002000  PA:20001fe8
     8700.000 ns             425 10000082 fe842703                          lw x14, -24(x8) x14=0000000a  x8:20002000  PA:20001fe8
     8780.000 ns             429 10000086 00a00793                      c.addi x15,  x0, 10 x15=0000000a
     8800.000 ns             430 10000088 fce7dfe3                        bge x15, x14, -34 x15:0000000a x14:0000000a
     9000.000 ns             440 10000066 fe842783                          lw x15, -24(x8) x15=0000000a  x8:20002000  PA:20001fe8
     9080.000 ns             444 1000006a 02f787b3                        mul x15, x15, x15 x15=00000064 x15:0000000a x15:0000000a
     9120.000 ns             446 1000006e fec42703                          lw x14, -20(x8) x14=0000011d  x8:20002000  PA:20001fec
     9200.000 ns             450 10000072 00e787b3                      c.add x15, x15, x14 x15=00000181 x15:00000064 x14:0000011d
     9220.000 ns             451 10000074 fef42623                          sw x15, -20(x8) x15:00000181  x8:20002000  PA:20001fec
     9240.000 ns             452 10000078 fe842783                          lw x15, -24(x8) x15=0000000a  x8:20002000  PA:20001fe8
     9320.000 ns             456 1000007c 00178793                       c.addi x15, x15, 1 x15=0000000b x15:0000000a
     9360.000 ns             458 1000007e fef42423                          sw x15, -24(x8) x15:0000000b  x8:20002000  PA:20001fe8
     9420.000 ns             461 10000082 fe842703                          lw x14, -24(x8) x14=0000000b  x8:20002000  PA:20001fe8
     9500.000 ns             465 10000086 00a00793                      c.addi x15,  x0, 10 x15=0000000a
     9520.000 ns             466 10000088 fce7dfe3                        bge x15, x14, -34 x15:0000000a x14:0000000b
     9540.000 ns             467 1000008c 200007b7                      lui x15, 0x20000000 x15=20000000
     9600.000 ns             470 10000090 fec42703                          lw x14, -20(x8) x14=00000181  x8:20002000  PA:20001fec
     9680.000 ns             474 10000094 00e7a023                           sw x14, 0(x15) x14:00000181 x15:20000000  PA:20000000
     9720.000 ns             476 10000098 0000006f                             c.jal  x0, 0
     9840.000 ns             482 10000098 0000006f                             c.jal  x0, 0
     9960.000 ns             488 10000098 0000006f                             c.jal  x0, 0
    10080.000 ns             494 10000098 0000006f                             c.jal  x0, 0
    10200.000 ns             500 10000098 0000006f                             c.jal  x0, 0
    10320.000 ns             506 10000098 0000006f                             c.jal  x0, 0
    10440.000 ns             512 10000098 0000006f                             c.jal  x0, 0
    10560.000 ns             518 10000098 0000006f                             c.jal  x0, 0
    10680.000 ns             524 10000098 0000006f                             c.jal  x0, 0
    10800.000 ns             530 10000098 0000006f                             c.jal  x0, 0
    10920.000 ns             536 10000098 0000006f                             c.jal  x0, 0
    11040.000 ns             542 10000098 0000006f                             c.jal  x0, 0
    11160.000 ns             548 10000098 0000006f                             c.jal  x0, 0
    11280.000 ns             554 10000098 0000006f                             c.jal  x0, 0
    11400.000 ns             560 10000098 0000006f                             c.jal  x0, 0
    11520.000 ns             566 10000098 0000006f                             c.jal  x0, 0
    11640.000 ns             572 10000098 0000006f                             c.jal  x0, 0
    11760.000 ns             578 10000098 0000006f                             c.jal  x0, 0
    11880.000 ns             584 10000098 0000006f                             c.jal  x0, 0
    12000.000 ns             590 10000098 0000006f                             c.jal  x0, 0
    12120.000 ns             596 10000098 0000006f                             c.jal  x0, 0
    12240.000 ns             602 10000098 0000006f                             c.jal  x0, 0
    12360.000 ns             608 10000098 0000006f                             c.jal  x0, 0
    12480.000 ns             614 10000098 0000006f                             c.jal  x0, 0
    12600.000 ns             620 10000098 0000006f                             c.jal  x0, 0
    12720.000 ns             626 10000098 0000006f                             c.jal  x0, 0
    12840.000 ns             632 10000098 0000006f                             c.jal  x0, 0
    12960.000 ns             638 10000098 0000006f                             c.jal  x0, 0
    13080.000 ns             644 10000098 0000006f                             c.jal  x0, 0
    13200.000 ns             650 10000098 0000006f                             c.jal  x0, 0
    13320.000 ns             656 10000098 0000006f                             c.jal  x0, 0
    13440.000 ns             662 10000098 0000006f                             c.jal  x0, 0
    13560.000 ns             668 10000098 0000006f                             c.jal  x0, 0
    13680.000 ns             674 10000098 0000006f                             c.jal  x0, 0
    13800.000 ns             680 10000098 0000006f                             c.jal  x0, 0
    13920.000 ns             686 10000098 0000006f                             c.jal  x0, 0
    14040.000 ns             692 10000098 0000006f                             c.jal  x0, 0
    14160.000 ns             698 10000098 0000006f                             c.jal  x0, 0
    14280.000 ns             704 10000098 0000006f                             c.jal  x0, 0
    14400.000 ns             710 10000098 0000006f                             c.jal  x0, 0
    14520.000 ns             716 10000098 0000006f                             c.jal  x0, 0
    14640.000 ns             722 10000098 0000006f                             c.jal  x0, 0
    14760.000 ns             728 10000098 0000006f                             c.jal  x0, 0
    14880.000 ns             734 10000098 0000006f                             c.jal  x0, 0
    15000.000 ns             740 10000098 0000006f                             c.jal  x0, 0
    15120.000 ns             746 10000098 0000006f                             c.jal  x0, 0
    15240.000 ns             752 10000098 0000006f                             c.jal  x0, 0
    15360.000 ns             758 10000098 0000006f                             c.jal  x0, 0
    15480.000 ns             764 10000098 0000006f                             c.jal  x0, 0
    15600.000 ns             770 10000098 0000006f                             c.jal  x0, 0
