
===========================================================================
 report_power
============================================================================
======================= max_ff_n40C_1v95 Corner ===================================

Group                    Internal    Switching      Leakage        Total
                            Power        Power        Power        Power (Watts)
------------------------------------------------------------------------
Sequential           1.215811e-02 2.025484e-06 2.038055e-07 1.216034e-02  27.2%
Combinational        1.762991e-05 2.264420e-05 2.325800e-06 4.259991e-05   0.1%
Clock                3.109726e-03 6.454524e-03 5.225534e-07 9.564772e-03  21.4%
Macro                2.272560e-02 0.000000e+00 2.576800e-04 2.298328e-02  51.4%
Pad                  0.000000e+00 0.000000e+00 0.000000e+00 0.000000e+00   0.0%
------------------------------------------------------------------------
Total                3.801107e-02 6.479197e-03 2.607884e-04 4.475106e-02 100.0%
                            84.9%        14.5%         0.6%

