Clock: clk_i
Sources: clk_i 
Generated: no
Virtual: yes
Propagated: no
Period: 35.714283

===========================================================================
report_clock_properties
============================================================================
Clock                   Period          Waveform
----------------------------------------------------
clk_i                35.714283    0.000000 17.857141

===========================================================================
report_clock_latency
============================================================================
Clock clk_i
rise -> rise
    min     max
0.000000 0.000000 source latency
1.773867         network latency conv_accelerator_inst.u_conv_buf_ram.u_mem.u_mem.g_2k[1].u_cell.u_sram/clk1
        2.948478 network latency _129540_/CLK
---------------
1.773867 2.948478 latency
        1.174610 skew

fall -> fall
    min     max
0.000000 0.000000 source latency
1.707624         network latency conv_accelerator_inst.u_conv_buf_ram.u_mem.u_mem.g_2k[1].u_cell.u_sram/clk0
        2.814284 network latency _129540_/CLK
---------------
1.707624 2.814284 latency
        1.106660 skew



===========================================================================
report_clock_min_period
============================================================================
clk_i period_min = 11.22 fmax = 89.15
