┏━━━━━━━━━━━━━━━━━━━━━━┳━━━━━━━━━━┳━━━━━━━━━━┳━━━━━━━━━━┳━━━━━━━━━━┳━━━━━━━━━━┳━━━━━━━━━━━┳━━━━━━━━━━┳━━━━━━━━━━━┳━━━━━━━━━━┳━━━━━━━━━━━┳━━━━━━━━━━┳━━━━━━━━━━━┓
┃                      ┃ Hold     ┃ Reg to   ┃          ┃          ┃ of which ┃ Setup     ┃ Reg to   ┃           ┃ Setup    ┃ of which  ┃          ┃           ┃
┃                      ┃ Worst    ┃ Reg      ┃          ┃ Hold Vio ┃ reg to   ┃ Worst     ┃ Reg      ┃           ┃ Vio      ┃ reg to    ┃ Max Cap  ┃ Max Slew  ┃
┃ Corner/Group         ┃ Slack    ┃ Paths    ┃ Hold TNS ┃ Count    ┃ reg      ┃ Slack     ┃ Paths    ┃ Setup TNS ┃ Count    ┃ reg       ┃ Violati… ┃ Violatio… ┃
┡━━━━━━━━━━━━━━━━━━━━━━╇━━━━━━━━━━╇━━━━━━━━━━╇━━━━━━━━━━╇━━━━━━━━━━╇━━━━━━━━━━╇━━━━━━━━━━━╇━━━━━━━━━━╇━━━━━━━━━━━╇━━━━━━━━━━╇━━━━━━━━━━━╇━━━━━━━━━━╇━━━━━━━━━━━┩
│ Overall              │ 0.1908   │ 0.1908   │ 0.0000   │ 0        │ 0        │ -7.2733   │ -7.2733  │ -2740.92… │ 1688     │ 1688      │ 2816     │ 32539     │
│ nom_tt_025C_1v80     │ 0.3702   │ 0.3702   │ 0.0000   │ 0        │ 0        │ 7.8454    │ 7.8454   │ 0.0000    │ 0        │ 0         │ 2187     │ 5161      │
│ nom_ss_100C_1v60     │ 0.6789   │ 1.0262   │ 0.0000   │ 0        │ 0        │ -5.9606   │ -5.9606  │ -2099.92… │ 557      │ 557       │ 2322     │ 28421     │
│ nom_ff_n40C_1v95     │ 0.1908   │ 0.1908   │ 0.0000   │ 0        │ 0        │ 11.4661   │ 11.4661  │ 0.0000    │ 0        │ 0         │ 2191     │ 1561      │
│ min_tt_025C_1v80     │ 0.4110   │ 0.4110   │ 0.0000   │ 0        │ 0        │ 8.2194    │ 8.2194   │ 0.0000    │ 0        │ 0         │ 1755     │ 3330      │
│ min_ss_100C_1v60     │ 0.9736   │ 1.0965   │ 0.0000   │ 0        │ 0        │ -4.4942   │ -4.4942  │ -1415.60… │ 533      │ 533       │ 1827     │ 23090     │
│ min_ff_n40C_1v95     │ 0.2067   │ 0.2067   │ 0.0000   │ 0        │ 0        │ 11.7788   │ 11.7788  │ 0.0000    │ 0        │ 0         │ 1754     │ 777       │
│ max_tt_025C_1v80     │ 0.4105   │ 0.4105   │ 0.0000   │ 0        │ 0        │ 7.6010    │ 7.6010   │ 0.0000    │ 0        │ 0         │ 2584     │ 7706      │
│ max_ss_100C_1v60     │ 0.4879   │ 1.0677   │ 0.0000   │ 0        │ 0        │ -7.2733   │ -7.2733  │ -2740.92… │ 598      │ 598       │ 2816     │ 32539     │
│ max_ff_n40C_1v95     │ 0.2178   │ 0.2178   │ 0.0000   │ 0        │ 0        │ 11.3026   │ 11.3026  │ 0.0000    │ 0        │ 0         │ 2586     │ 2570      │
└──────────────────────┴──────────┴──────────┴──────────┴──────────┴──────────┴───────────┴──────────┴───────────┴──────────┴───────────┴──────────┴───────────┘
