┏━━━━━━━┳━━━━━━━━━┳━━━━━━━━━━┳━━━━━━━━━━━━━━━━━━━━━━━━━━━━━━━━━━━━━━━━━━━━━━━━━━━━━━━━━━━━━━━━━━━━━━━━━━━━━┳━━━━━━━━━━━━━━━━━━━━━━━━━━━┳━━━━━━━┓
┃ P / R ┃ Partial ┃ Required ┃ Net                                                                         ┃ Pin                       ┃ Layer ┃
┡━━━━━━━╇━━━━━━━━━╇━━━━━━━━━━╇━━━━━━━━━━━━━━━━━━━━━━━━━━━━━━━━━━━━━━━━━━━━━━━━━━━━━━━━━━━━━━━━━━━━━━━━━━━━━╇━━━━━━━━━━━━━━━━━━━━━━━━━━━╇━━━━━━━┩
│ 8.87  │ 3548.23 │ 400.00   │ net32454                                                                    │ wire22061/A               │ met3  │
│ 8.78  │ 3513.71 │ 400.00   │ net31828                                                                    │ _094447_/A1               │ met3  │
│ 6.60  │ 2640.78 │ 400.00   │ net30938                                                                    │ _072036_/B1               │ met3  │
│ 5.67  │ 2269.03 │ 400.00   │ net3463                                                                     │ _113839_/D                │ met2  │
│ 5.60  │ 2239.32 │ 400.00   │ _021200_                                                                    │ _072550_/A3               │ met3  │
│ 4.93  │ 1971.78 │ 400.00   │ net31491                                                                    │ _073283_/A2               │ met3  │
│ 4.88  │ 1951.25 │ 400.00   │ net22183                                                                    │ wire22182/A               │ met3  │
│ 4.62  │ 1848.50 │ 400.00   │ net3372                                                                     │ _114373_/A1               │ met1  │
│ 4.39  │ 1754.91 │ 400.00   │ net30828                                                                    │ _077535_/B                │ met1  │
│ 4.36  │ 1742.94 │ 400.00   │ net21869                                                                    │ wire21868/A               │ met3  │
│ 4.05  │ 1618.14 │ 400.00   │ net6420                                                                     │ _072590_/B                │ met2  │
│ 3.98  │ 1593.57 │ 400.00   │ net32500                                                                    │ wire22263/A               │ met1  │
│ 3.85  │ 1540.69 │ 400.00   │ net31230                                                                    │ _073413_/A                │ met2  │
│ 3.69  │ 1476.56 │ 400.00   │ net3711                                                                     │ _074878_/B1               │ met3  │
│ 3.66  │ 1464.78 │ 400.00   │ clknet_1_0_1_clk_i                                                          │ clkbuf_leaf_1_clk_i/A     │ met2  │
│ 3.52  │ 1408.84 │ 400.00   │ net31174                                                                    │ _074257_/A2               │ met2  │
│ 3.52  │ 1408.12 │ 400.00   │ net31080                                                                    │ _078384_/A1               │ met1  │
│ 3.48  │ 1393.28 │ 400.00   │ net12533                                                                    │ _071389_/B                │ met1  │
│ 3.47  │ 1389.72 │ 400.00   │ net31150                                                                    │ _072481_/A1               │ met2  │
│ 3.46  │ 1384.61 │ 400.00   │ net32398                                                                    │ wire22089/A               │ met1  │
│ 3.37  │ 1347.33 │ 400.00   │ net14696                                                                    │ _072781_/A1               │ met3  │
│ 3.33  │ 1330.78 │ 400.00   │ net31674                                                                    │ _071848_/B1               │ met2  │
│ 3.24  │ 1295.85 │ 400.00   │ net4664                                                                     │ _076550_/B1               │ met3  │
│ 3.24  │ 1295.85 │ 400.00   │ net4664                                                                     │ _077481_/B1               │ met3  │
│ 3.19  │ 1274.07 │ 400.00   │ net30619                                                                    │ _071745_/B1               │ met3  │
│ 3.19  │ 1274.07 │ 400.00   │ net30619                                                                    │ _078130_/B                │ met3  │
│ 3.18  │ 1272.23 │ 400.00   │ net32059                                                                    │ _075664_/A2               │ met2  │
│ 3.13  │ 1253.53 │ 400.00   │ net7219                                                                     │ _071156_/A2               │ met3  │
│ 3.10  │ 1241.36 │ 400.00   │ net32517                                                                    │ wire22133/A               │ met1  │
│ 3.09  │ 1236.53 │ 400.00   │ net30837                                                                    │ _073630_/B                │ met1  │
│ 3.09  │ 1234.03 │ 400.00   │ net16976                                                                    │ _071625_/A                │ met2  │
│ 3.04  │ 1214.28 │ 400.00   │ net30699                                                                    │ _074617_/C1               │ met1  │
│ 3.02  │ 1208.92 │ 400.00   │ net3962                                                                     │ _076191_/A1               │ met3  │
│ 3.01  │ 1205.41 │ 400.00   │ _018168_                                                                    │ _101439_/A0               │ met1  │
│ 3.00  │ 1198.03 │ 400.00   │ _020120_                                                                    │ _073675_/C                │ met1  │
│ 2.98  │ 1193.08 │ 400.00   │ net11475                                                                    │ _072684_/A1               │ met3  │
│ 2.98  │ 1193.08 │ 400.00   │ net11475                                                                    │ _076381_/B                │ met3  │
│ 2.98  │ 1193.08 │ 400.00   │ net11475                                                                    │ _078646_/A1               │ met3  │
│ 2.95  │ 1178.48 │ 400.00   │ net30894                                                                    │ _076230_/A2               │ met1  │
│ 2.90  │ 1158.66 │ 400.00   │ net7413                                                                     │ _073218_/B2               │ met1  │
│ 2.87  │ 1148.00 │ 400.00   │ net8367                                                                     │ _076612_/C                │ met3  │
│ 2.82  │ 1128.59 │ 400.00   │ net11693                                                                    │ _077411_/A                │ met1  │
│ 2.80  │ 1121.14 │ 400.00   │ net11664                                                                    │ _077650_/A                │ met1  │
│ 2.80  │ 1119.71 │ 400.00   │ net4725                                                                     │ _073214_/C1               │ met3  │
│ 2.74  │ 1097.72 │ 400.00   │ net3209                                                                     │ _118267_/A1               │ met1  │
│ 2.74  │ 1096.60 │ 400.00   │ net31208                                                                    │ _073591_/A2               │ met2  │
│ 2.70  │ 1080.66 │ 400.00   │ net32098                                                                    │ _074220_/A1               │ met1  │
│ 2.66  │ 1065.06 │ 400.00   │ net4725                                                                     │ _078403_/B1               │ met1  │
│ 2.59  │ 1034.25 │ 400.00   │ net24098                                                                    │ fanout24035/A             │ met1  │
│ 2.59  │ 1034.25 │ 400.00   │ net24098                                                                    │ fanout24071/A             │ met1  │
│ 2.57  │ 1026.76 │ 400.00   │ net31483                                                                    │ _071466_/A1               │ met1  │
│ 2.53  │ 1010.32 │ 400.00   │ net32332                                                                    │ wire21813/A               │ met1  │
│ 2.53  │ 1010.11 │ 400.00   │ cpu_inst.CORE.core_i.alu_operand_b_ex[7\]                                   │ _060333_/A_N              │ met1  │
│ 2.50  │ 999.02  │ 400.00   │ net11681                                                                    │ _071543_/A1               │ met2  │
│ 2.48  │ 991.88  │ 400.00   │ net7568                                                                     │ _074321_/A1               │ met1  │
│ 2.47  │ 986.16  │ 400.00   │ net32416                                                                    │ wire21803/A               │ met3  │
│ 2.45  │ 981.78  │ 400.00   │ net10973                                                                    │ _077755_/B                │ met3  │
│ 2.44  │ 975.00  │ 400.00   │ net31714                                                                    │ _071972_/A2               │ met2  │
│ 2.44  │ 975.00  │ 400.00   │ net31714                                                                    │ _073147_/A_N              │ met2  │
│ 2.42  │ 966.60  │ 400.00   │ net4599                                                                     │ _076952_/A2               │ met1  │
│ 2.41  │ 965.28  │ 400.00   │ net10840                                                                    │ _070873_/B                │ met1  │
│ 2.41  │ 964.12  │ 400.00   │ net30965                                                                    │ _072019_/B1               │ met1  │
│ 2.40  │ 959.99  │ 400.00   │ net7203                                                                     │ _076003_/A1               │ met2  │
│ 2.37  │ 946.58  │ 400.00   │ net6820                                                                     │ _073241_/A2               │ met1  │
│ 2.36  │ 945.75  │ 400.00   │ _022507_                                                                    │ _078123_/B1               │ met3  │
│ 2.36  │ 943.61  │ 400.00   │ net6572                                                                     │ _074121_/B2               │ met1  │
│ 2.35  │ 938.98  │ 400.00   │ conv_accelerator_inst.ram_addr[10\]                                         │ wire28086/A               │ met1  │
│ 2.35  │ 938.25  │ 400.00   │ net31411                                                                    │ _073170_/A3               │ met3  │
│ 2.35  │ 938.25  │ 400.00   │ net31411                                                                    │ _076786_/A1               │ met3  │
│ 2.35  │ 938.25  │ 400.00   │ net31411                                                                    │ _077657_/A1               │ met3  │
│ 2.33  │ 932.89  │ 400.00   │ net7852                                                                     │ _074225_/A                │ met1  │
│ 2.32  │ 929.67  │ 400.00   │ net31249                                                                    │ _071156_/A1               │ met1  │
│ 2.32  │ 928.64  │ 400.00   │ net49149                                                                    │ _108509_/A                │ met1  │
│ 2.30  │ 920.44  │ 400.00   │ net48829                                                                    │ _061976_/B2               │ met1  │
│ 2.27  │ 909.86  │ 400.00   │ _000156_                                                                    │ _119400_/D                │ met1  │
│ 2.26  │ 905.50  │ 400.00   │ net31407                                                                    │ _076178_/B2               │ met1  │
│ 2.24  │ 895.89  │ 400.00   │ net26963                                                                    │ _061654_/A0               │ met1  │
│ 2.24  │ 895.67  │ 400.00   │ net3527                                                                     │ _114325_/A0               │ met1  │
│ 2.22  │ 888.14  │ 400.00   │ net31489                                                                    │ _074676_/A3               │ met1  │
│ 2.22  │ 887.12  │ 400.00   │ net4886                                                                     │ _078150_/B1               │ met1  │
│ 2.19  │ 877.35  │ 400.00   │ net48512                                                                    │ _105664_/A0               │ met1  │
│ 2.17  │ 867.62  │ 400.00   │ net31804                                                                    │ _079028_/A2               │ met1  │
│ 2.17  │ 866.94  │ 400.00   │ net10264                                                                    │ _072539_/B                │ met1  │
│ 2.16  │ 864.39  │ 400.00   │ net31192                                                                    │ _072364_/A2               │ met2  │
│ 2.14  │ 857.63  │ 400.00   │ net31178                                                                    │ _077503_/A2               │ met1  │
│ 2.13  │ 852.02  │ 400.00   │ net30756                                                                    │ _072519_/A1               │ met3  │
│ 2.13  │ 852.02  │ 400.00   │ net30756                                                                    │ _078648_/B2               │ met3  │
│ 2.13  │ 850.25  │ 400.00   │ net31034                                                                    │ _072251_/A2               │ met1  │
│ 2.12  │ 848.49  │ 400.00   │ net32256                                                                    │ wire16052/A               │ met3  │
│ 2.11  │ 843.35  │ 400.00   │ net31637                                                                    │ _074904_/A1               │ met1  │
│ 2.11  │ 843.25  │ 400.00   │ net31416                                                                    │ _071405_/B                │ met1  │
│ 2.11  │ 842.90  │ 400.00   │ net6424                                                                     │ _074636_/B1               │ met2  │
│ 2.11  │ 842.90  │ 400.00   │ net31827                                                                    │ _078599_/B2               │ met2  │
│ 2.08  │ 833.34  │ 400.00   │ net11855                                                                    │ _077588_/A2               │ met1  │
│ 2.08  │ 831.93  │ 400.00   │ net12409                                                                    │ _078586_/A2               │ met1  │
│ 2.07  │ 826.02  │ 400.00   │ _018979_                                                                    │ _077883_/A1_N             │ met2  │
│ 2.06  │ 825.73  │ 400.00   │ _018832_                                                                    │ _075465_/B1               │ met1  │
│ 2.06  │ 824.53  │ 400.00   │ net30637                                                                    │ _078410_/B2               │ met1  │
│ 2.01  │ 804.43  │ 400.00   │ net30829                                                                    │ _076473_/B2               │ met3  │
│ 2.01  │ 804.43  │ 400.00   │ net30829                                                                    │ _076515_/A2               │ met3  │
│ 2.01  │ 804.43  │ 400.00   │ net30829                                                                    │ _078488_/A2               │ met3  │
│ 2.01  │ 803.33  │ 400.00   │ _019138_                                                                    │ _070489_/A2               │ met1  │
│ 2.00  │ 799.83  │ 400.00   │ net826                                                                      │ wire820/A                 │ met1  │
│ 1.99  │ 795.52  │ 400.00   │ net1814                                                                     │ _107264_/B2               │ met1  │
│ 1.99  │ 794.15  │ 400.00   │ net7702                                                                     │ _073068_/B1               │ met1  │
│ 1.98  │ 793.31  │ 400.00   │ net31085                                                                    │ _074672_/B2               │ met2  │
│ 1.98  │ 792.82  │ 400.00   │ net30555                                                                    │ _079044_/A4               │ met1  │
│ 1.98  │ 791.75  │ 400.00   │ net13767                                                                    │ _078899_/A1               │ met1  │
│ 1.98  │ 790.14  │ 400.00   │ net7759                                                                     │ _073531_/A2               │ met1  │
│ 1.98  │ 790.02  │ 400.00   │ net5297                                                                     │ _074247_/A1               │ met1  │
│ 1.97  │ 789.61  │ 400.00   │ _019697_                                                                    │ _078137_/B2               │ met1  │
│ 1.95  │ 780.14  │ 400.00   │ net2960                                                                     │ _064819_/B                │ met1  │
│ 1.94  │ 774.03  │ 400.00   │ _018654_                                                                    │ _073952_/A_N              │ met2  │
│ 1.92  │ 769.67  │ 400.00   │ net23535                                                                    │ wire23534/A               │ met1  │
│ 1.92  │ 768.12  │ 400.00   │ net14697                                                                    │ _071962_/B                │ met3  │
│ 1.92  │ 768.12  │ 400.00   │ net14697                                                                    │ _074613_/A1               │ met3  │
│ 1.92  │ 768.12  │ 400.00   │ net14697                                                                    │ _077707_/B2               │ met3  │
│ 1.92  │ 767.32  │ 400.00   │ net31634                                                                    │ _075976_/A1               │ met3  │
│ 1.91  │ 765.27  │ 400.00   │ net32517                                                                    │ wire22133/A               │ met2  │
│ 1.91  │ 764.84  │ 400.00   │ net30383                                                                    │ _077102_/A2               │ met2  │
│ 1.91  │ 764.60  │ 400.00   │ net31707                                                                    │ _073161_/B                │ met1  │
│ 1.91  │ 762.86  │ 400.00   │ net7326                                                                     │ _072107_/B2               │ met3  │
│ 1.90  │ 761.83  │ 400.00   │ clknet_2_3_0_clk_i_regs                                                     │ clkbuf_2_3_1_clk_i_regs/A │ met2  │
│ 1.88  │ 753.60  │ 400.00   │ net30704                                                                    │ _075252_/A2               │ met1  │
│ 1.88  │ 750.26  │ 400.00   │ _021397_                                                                    │ _072751_/A2               │ met3  │
│ 1.88  │ 750.26  │ 400.00   │ _021397_                                                                    │ _074631_/A2               │ met3  │
│ 1.88  │ 750.26  │ 400.00   │ _021397_                                                                    │ _074884_/C                │ met3  │
│ 1.87  │ 748.64  │ 400.00   │ conv_accelerator_inst.rd_q[5\]                                              │ fanout27953/A             │ met1  │
│ 1.87  │ 747.46  │ 400.00   │ net31459                                                                    │ _075177_/A2               │ met1  │
│ 1.87  │ 747.14  │ 400.00   │ conv_accelerator_inst.u_conv_buf_ram.u_mem.rlane_q[0\]                      │ _089684_/S0               │ met1  │
│ 1.87  │ 746.98  │ 400.00   │ _020953_                                                                    │ _079019_/B1               │ met1  │
│ 1.87  │ 746.77  │ 400.00   │ net31608                                                                    │ _073973_/B1               │ met1  │
│ 1.86  │ 745.96  │ 400.00   │ net3527                                                                     │ _114357_/A0               │ met1  │
│ 1.86  │ 744.00  │ 400.00   │ net31029                                                                    │ _073041_/A1               │ met1  │
│ 1.86  │ 742.71  │ 400.00   │ net1537                                                                     │ fanout1532/A              │ met2  │
│ 1.86  │ 742.12  │ 400.00   │ net25386                                                                    │ load_slew25385/A          │ met2  │
│ 1.86  │ 742.12  │ 400.00   │ net32327                                                                    │ load_slew25392/A          │ met2  │
│ 1.85  │ 741.17  │ 400.00   │ net10786                                                                    │ _073136_/A1               │ met1  │
│ 1.85  │ 741.17  │ 400.00   │ net10786                                                                    │ _078559_/B2               │ met1  │
│ 1.85  │ 738.94  │ 400.00   │ net3475                                                                     │ _118434_/A1               │ met1  │
│ 1.84  │ 734.21  │ 400.00   │ net16117                                                                    │ _077881_/B1               │ met1  │
│ 1.82  │ 729.87  │ 400.00   │ net11069                                                                    │ _075936_/A3               │ met1  │
│ 1.82  │ 727.92  │ 400.00   │ net31159                                                                    │ _077246_/B2               │ met2  │
│ 1.81  │ 725.81  │ 400.00   │ net7416                                                                     │ _077228_/A1               │ met2  │
│ 1.81  │ 722.81  │ 400.00   │ net10125                                                                    │ _076613_/A2               │ met3  │
│ 1.80  │ 718.96  │ 400.00   │ net14516                                                                    │ _073220_/A                │ met1  │
│ 1.79  │ 715.98  │ 400.00   │ net31762                                                                    │ _074441_/A1               │ met3  │
│ 1.78  │ 712.83  │ 400.00   │ net26962                                                                    │ hold49279/A               │ met1  │
│ 1.78  │ 712.73  │ 400.00   │ net27749                                                                    │ _102529_/A1               │ met1  │
│ 1.78  │ 712.00  │ 400.00   │ net30336                                                                    │ _078190_/C1               │ met1  │
│ 1.77  │ 708.67  │ 400.00   │ net30845                                                                    │ _073350_/B1               │ met2  │
│ 1.77  │ 707.69  │ 400.00   │ net7813                                                                     │ _071424_/A1               │ met1  │
│ 1.77  │ 706.29  │ 400.00   │ _020249_                                                                    │ _074488_/A2               │ met2  │
│ 1.75  │ 698.20  │ 400.00   │ net30709                                                                    │ _071056_/A2               │ met1  │
│ 1.74  │ 695.39  │ 400.00   │ net14500                                                                    │ fanout14470/A             │ met1  │
│ 1.74  │ 694.06  │ 400.00   │ net4178                                                                     │ _114547_/A1               │ met1  │
│ 1.72  │ 689.25  │ 400.00   │ net32060                                                                    │ _067741_/A1               │ met2  │
│ 1.72  │ 688.76  │ 400.00   │ net31323                                                                    │ _076665_/B2               │ met2  │
│ 1.72  │ 687.37  │ 400.00   │ _018852_                                                                    │ _079284_/B2               │ met1  │
│ 1.71  │ 684.71  │ 400.00   │ net27744                                                                    │ _107443_/A0               │ met1  │
│ 1.70  │ 681.53  │ 400.00   │ clknet_1_0_0_clk_i_regs                                                     │ clkbuf_1_0_1_clk_i_regs/A │ met2  │
│ 1.70  │ 679.59  │ 400.00   │ net31113                                                                    │ _071348_/B1               │ met1  │
│ 1.70  │ 678.00  │ 400.00   │ qspi_master_inst.rx_rd_ptr[2\]                                              │ fanout25863/A             │ met1  │
│ 1.69  │ 674.41  │ 400.00   │ net31412                                                                    │ _077088_/B2               │ met1  │
│ 1.68  │ 672.40  │ 400.00   │ net31859                                                                    │ _077774_/A1               │ met1  │
│ 1.68  │ 671.39  │ 400.00   │ net31109                                                                    │ _071994_/A3               │ met3  │
│ 1.68  │ 671.39  │ 400.00   │ net31109                                                                    │ _074492_/A3               │ met3  │
│ 1.68  │ 670.95  │ 400.00   │ net31043                                                                    │ _072080_/A2               │ met2  │
│ 1.68  │ 670.80  │ 400.00   │ net3741                                                                     │ _076170_/A2               │ met1  │
│ 1.67  │ 667.26  │ 400.00   │ net30764                                                                    │ _078529_/C1               │ met2  │
│ 1.67  │ 667.26  │ 400.00   │ net31730                                                                    │ _074428_/B2               │ met2  │
│ 1.66  │ 665.79  │ 400.00   │ net2524                                                                     │ _076651_/A2               │ met1  │
│ 1.65  │ 6054.48 │ 3669.20  │ net31828                                                                    │ _094447_/A1               │ met4  │
│ 1.65  │ 659.28  │ 400.00   │ net13367                                                                    │ _074706_/B                │ met2  │
│ 1.65  │ 659.02  │ 400.00   │ net7799                                                                     │ _076805_/B2               │ met1  │
│ 1.64  │ 654.75  │ 400.00   │ net31580                                                                    │ _073236_/A2               │ met1  │
│ 1.64  │ 654.75  │ 400.00   │ net31580                                                                    │ _075957_/A3               │ met1  │
│ 1.63  │ 653.09  │ 400.00   │ _019617_                                                                    │ _071075_/A2               │ met1  │
│ 1.63  │ 652.00  │ 400.00   │ net30760                                                                    │ _076000_/A2               │ met2  │
│ 1.63  │ 652.00  │ 400.00   │ net30760                                                                    │ _077894_/C                │ met2  │
│ 1.62  │ 647.87  │ 400.00   │ net7234                                                                     │ _076288_/A2               │ met2  │
│ 1.62  │ 647.87  │ 400.00   │ net30952                                                                    │ _073713_/A1               │ met2  │
│ 1.62  │ 647.75  │ 400.00   │ net30612                                                                    │ _078629_/C1               │ met2  │
│ 1.61  │ 4477.33 │ 2778.20  │ _055174_                                                                    │ _113722_/A1               │ met3  │
│ 1.60  │ 638.25  │ 400.00   │ net8142                                                                     │ _074925_/A1               │ met1  │
│ 1.59  │ 637.07  │ 400.00   │ net5187                                                                     │ _073330_/A1               │ met1  │
│ 1.59  │ 635.80  │ 400.00   │ net13036                                                                    │ _071807_/A1               │ met1  │
│ 1.59  │ 634.31  │ 400.00   │ net11319                                                                    │ _073391_/B2               │ met1  │
│ 1.59  │ 634.31  │ 400.00   │ net11319                                                                    │ _074977_/A1               │ met1  │
│ 1.58  │ 633.99  │ 400.00   │ _028148_                                                                    │ fanout9497/A              │ met1  │
│ 1.58  │ 630.44  │ 400.00   │ net1351                                                                     │ _067995_/A                │ met1  │
│ 1.57  │ 629.57  │ 400.00   │ net31483                                                                    │ _076373_/A3               │ met1  │
│ 1.57  │ 628.23  │ 400.00   │ _018816_                                                                    │ _071307_/A                │ met2  │
│ 1.57  │ 627.75  │ 400.00   │ net12669                                                                    │ _078136_/B2               │ met1  │
│ 1.57  │ 627.55  │ 400.00   │ net31424                                                                    │ _072957_/A1               │ met2  │
│ 1.57  │ 627.55  │ 400.00   │ net31424                                                                    │ _078177_/B1               │ met2  │
│ 1.56  │ 626.00  │ 400.00   │ net8165                                                                     │ _073232_/A1               │ met3  │
│ 1.56  │ 626.00  │ 400.00   │ net8165                                                                     │ _073542_/B2               │ met3  │
│ 1.56  │ 626.00  │ 400.00   │ net8165                                                                     │ _077590_/B1               │ met3  │
│ 1.56  │ 5736.31 │ 3669.20  │ net32256                                                                    │ wire16052/A               │ met4  │
│ 1.56  │ 622.08  │ 400.00   │ _016782_                                                                    │ _067928_/B1_N             │ met1  │
│ 1.55  │ 619.22  │ 400.00   │ net25436                                                                    │ load_slew25435/A          │ met2  │
│ 1.55  │ 618.79  │ 400.00   │ _026836_                                                                    │ _078209_/A2               │ met1  │
│ 1.54  │ 617.33  │ 400.00   │ net31102                                                                    │ _072617_/A3               │ met1  │
│ 1.54  │ 615.22  │ 400.00   │ net10481                                                                    │ _073724_/A1               │ met1  │
│ 1.54  │ 614.47  │ 400.00   │ net25397                                                                    │ wire25393/A               │ met3  │
│ 1.53  │ 612.62  │ 400.00   │ net31497                                                                    │ _073099_/B2               │ met3  │
│ 1.53  │ 612.62  │ 400.00   │ net31497                                                                    │ _073161_/A                │ met3  │
│ 1.53  │ 611.97  │ 400.00   │ net31426                                                                    │ _074596_/A2               │ met1  │
│ 1.53  │ 611.24  │ 400.00   │ _018734_                                                                    │ _078794_/A3               │ met1  │
│ 1.52  │ 607.81  │ 400.00   │ net4821                                                                     │ _075488_/B1               │ met2  │
│ 1.52  │ 607.68  │ 400.00   │ net31305                                                                    │ _073283_/B2               │ met1  │
│ 1.51  │ 604.67  │ 400.00   │ net7938                                                                     │ _070545_/A2               │ met1  │
│ 1.51  │ 604.48  │ 400.00   │ _020136_                                                                    │ _071484_/B2               │ met3  │
│ 1.51  │ 604.48  │ 400.00   │ _020136_                                                                    │ _078369_/B2               │ met3  │
│ 1.51  │ 603.32  │ 400.00   │ net32232                                                                    │ wire30086/A               │ met3  │
│ 1.50  │ 601.30  │ 400.00   │ _058229_                                                                    │ _117345_/B1               │ met1  │
│ 1.50  │ 598.90  │ 400.00   │ _020024_                                                                    │ _071372_/B1               │ met2  │
│ 1.50  │ 598.90  │ 400.00   │ _020024_                                                                    │ _075857_/A2               │ met2  │
│ 1.49  │ 595.92  │ 400.00   │ _025745_                                                                    │ _077116_/B                │ met1  │
│ 1.49  │ 595.39  │ 400.00   │ _018894_                                                                    │ _073832_/B                │ met1  │
│ 1.49  │ 594.00  │ 400.00   │ _021272_                                                                    │ _072911_/B1               │ met1  │
│ 1.48  │ 593.04  │ 400.00   │ _058095_                                                                    │ _117208_/B1               │ met1  │
│ 1.48  │ 592.67  │ 400.00   │ net3216                                                                     │ _114302_/A0               │ met1  │
│ 1.48  │ 592.21  │ 400.00   │ net10078                                                                    │ _075762_/B2               │ met1  │
│ 1.48  │ 591.58  │ 400.00   │ net31263                                                                    │ _078925_/A1               │ met2  │
│ 1.48  │ 590.94  │ 400.00   │ net30532                                                                    │ _073468_/A1               │ met1  │
│ 1.47  │ 589.88  │ 400.00   │ net14634                                                                    │ _070652_/A2               │ met1  │
│ 1.47  │ 589.20  │ 400.00   │ net2637                                                                     │ wire2636/A                │ met2  │
│ 1.47  │ 589.20  │ 400.00   │ net31083                                                                    │ _072107_/B1               │ met2  │
│ 1.47  │ 587.58  │ 400.00   │ net5314                                                                     │ _077755_/C                │ met1  │
│ 1.47  │ 587.00  │ 400.00   │ net28212                                                                    │ _090134_/B                │ met1  │
│ 1.46  │ 584.94  │ 400.00   │ net32041                                                                    │ _118656_/A1               │ met1  │
│ 1.46  │ 584.44  │ 400.00   │ _019032_                                                                    │ _070388_/A2               │ met3  │
│ 1.46  │ 584.42  │ 400.00   │ net31683                                                                    │ _075829_/A2               │ met3  │
│ 1.46  │ 584.42  │ 400.00   │ net31683                                                                    │ _078591_/A1               │ met3  │
│ 1.46  │ 582.36  │ 400.00   │ net30924                                                                    │ _072824_/B                │ met2  │
│ 1.45  │ 581.46  │ 400.00   │ _021793_                                                                    │ _073145_/B1               │ met1  │
│ 1.45  │ 581.02  │ 400.00   │ net32264                                                                    │ wire30082/A               │ met3  │
│ 1.45  │ 580.91  │ 400.00   │ net3883                                                                     │ _072392_/B1               │ met1  │
│ 1.45  │ 578.67  │ 400.00   │ _018594_                                                                    │ _075864_/A1               │ met1  │
│ 1.45  │ 578.60  │ 400.00   │ net30698                                                                    │ _074068_/B2               │ met1  │
│ 1.44  │ 576.97  │ 400.00   │ net6709                                                                     │ _073387_/B2               │ met1  │
│ 1.44  │ 575.30  │ 400.00   │ net6292                                                                     │ _079225_/B1               │ met1  │
│ 1.44  │ 574.35  │ 400.00   │ net14406                                                                    │ _074218_/A1               │ met1  │
│ 1.42  │ 569.69  │ 400.00   │ net30520                                                                    │ _076813_/B1               │ met2  │
│ 1.42  │ 569.69  │ 400.00   │ net30689                                                                    │ _077029_/B1               │ met2  │
│ 1.42  │ 568.31  │ 400.00   │ net30752                                                                    │ _074505_/B1               │ met2  │
│ 1.41  │ 563.46  │ 400.00   │ net3996                                                                     │ _069296_/C_N              │ met1  │
│ 1.40  │ 561.42  │ 400.00   │ net8028                                                                     │ _076179_/B2               │ met1  │
│ 1.40  │ 559.68  │ 400.00   │ net7934                                                                     │ _077830_/A1               │ met1  │
│ 1.40  │ 558.83  │ 400.00   │ net31281                                                                    │ _076784_/A2               │ met1  │
│ 1.40  │ 558.72  │ 400.00   │ net32263                                                                    │ wire30084/A               │ met3  │
│ 1.39  │ 557.26  │ 400.00   │ _018275_                                                                    │ _100521_/A0               │ met1  │
│ 1.39  │ 557.00  │ 400.00   │ _018385_                                                                    │ _069675_/B1               │ met1  │
│ 1.39  │ 554.56  │ 400.00   │ net13257                                                                    │ _075308_/A                │ met1  │
│ 1.38  │ 553.15  │ 400.00   │ net6935                                                                     │ _074983_/B1               │ met3  │
│ 1.38  │ 553.15  │ 400.00   │ net6935                                                                     │ _075251_/A2               │ met3  │
│ 1.38  │ 553.15  │ 400.00   │ net6935                                                                     │ _075277_/B1               │ met3  │
│ 1.38  │ 551.88  │ 400.00   │ net31074                                                                    │ _073771_/A1               │ met2  │
│ 1.38  │ 550.79  │ 400.00   │ net31396                                                                    │ _077506_/B                │ met1  │
│ 1.38  │ 550.51  │ 400.00   │ net30924                                                                    │ _072866_/B                │ met2  │
│ 1.38  │ 550.51  │ 400.00   │ net30924                                                                    │ _073861_/B                │ met2  │
│ 1.38  │ 550.30  │ 400.00   │ net7411                                                                     │ _072972_/B1               │ met2  │
│ 1.38  │ 550.13  │ 400.00   │ net30459                                                                    │ _078237_/B1               │ met2  │
│ 1.38  │ 550.13  │ 400.00   │ net30459                                                                    │ _078902_/B2               │ met2  │
│ 1.37  │ 549.19  │ 400.00   │ net31521                                                                    │ _075691_/A1               │ met2  │
│ 1.37  │ 549.19  │ 400.00   │ net31521                                                                    │ _075813_/B1               │ met2  │
│ 1.36  │ 544.75  │ 400.00   │ net31729                                                                    │ _076566_/B                │ met1  │
│ 1.36  │ 544.37  │ 400.00   │ net13067                                                                    │ _073392_/B                │ met1  │
│ 1.35  │ 539.78  │ 400.00   │ net8266                                                                     │ _070237_/A3               │ met3  │
│ 1.35  │ 539.78  │ 400.00   │ net8266                                                                     │ _070998_/B2               │ met3  │
│ 1.35  │ 539.73  │ 400.00   │ net14468                                                                    │ _073736_/A1               │ met2  │
│ 1.35  │ 539.73  │ 400.00   │ net14468                                                                    │ _079143_/B2               │ met2  │
│ 1.35  │ 539.27  │ 400.00   │ net5493                                                                     │ _078327_/B2               │ met1  │
│ 1.35  │ 538.67  │ 400.00   │ net30896                                                                    │ _072027_/A1               │ met1  │
│ 1.35  │ 538.07  │ 400.00   │ net17960                                                                    │ _117379_/C1               │ met1  │
│ 1.34  │ 535.68  │ 400.00   │ net6322                                                                     │ _073710_/B                │ met1  │
│ 1.34  │ 535.29  │ 400.00   │ net8496                                                                     │ _074624_/A1               │ met1  │
│ 1.34  │ 535.17  │ 400.00   │ net4792                                                                     │ _072414_/B1               │ met1  │
│ 1.34  │ 534.56  │ 400.00   │ net30886                                                                    │ _078126_/A1               │ met1  │
│ 1.33  │ 530.78  │ 400.00   │ net31639                                                                    │ _078019_/B1               │ met2  │
│ 1.33  │ 530.63  │ 400.00   │ net3265                                                                     │ fanout3257/A              │ met1  │
│ 1.31  │ 524.47  │ 400.00   │ _011025_                                                                    │ _061304_/C1               │ met1  │
│ 1.31  │ 524.43  │ 400.00   │ _012319_                                                                    │ fanout1982/A              │ met1  │
│ 1.30  │ 520.84  │ 400.00   │ _020947_                                                                    │ _072906_/A2               │ met1  │
│ 1.30  │ 519.85  │ 400.00   │ net8147                                                                     │ _073350_/A1               │ met2  │
│ 1.30  │ 519.85  │ 400.00   │ net8147                                                                     │ _078525_/B1               │ met2  │
│ 1.30  │ 518.91  │ 400.00   │ net3359                                                                     │ _117791_/B2               │ met1  │
│ 1.30  │ 518.35  │ 400.00   │ net28613                                                                    │ _077985_/C1               │ met1  │
│ 1.30  │ 518.10  │ 400.00   │ net5346                                                                     │ _079155_/A2               │ met1  │
│ 1.29  │ 517.11  │ 400.00   │ cpu_inst.CORE.core_i.ex_stage_i.alu_i.alu_div_i.AReg_DP[9\]                 │ _106313_/A1               │ met1  │
│ 1.29  │ 516.98  │ 400.00   │ instr_bram_ctrl_inst.instr_ram.u_mem.g_2k[1\].u_cell.rdata[23\]             │ _114263_/A1               │ met4  │
│ 1.29  │ 516.91  │ 400.00   │ net5379                                                                     │ _071815_/A2               │ met1  │
│ 1.29  │ 516.00  │ 400.00   │ _027738_                                                                    │ _079117_/B                │ met1  │
│ 1.29  │ 4730.63 │ 3669.20  │ net31856                                                                    │ fanout16101/A             │ met3  │
│ 1.29  │ 515.22  │ 400.00   │ net30652                                                                    │ _071799_/A2               │ met3  │
│ 1.29  │ 515.22  │ 400.00   │ net30652                                                                    │ _075658_/A2               │ met3  │
│ 1.29  │ 515.22  │ 400.00   │ net30652                                                                    │ _076136_/B1               │ met3  │
│ 1.29  │ 515.22  │ 400.00   │ net30652                                                                    │ _078325_/A2               │ met3  │
│ 1.28  │ 513.92  │ 400.00   │ net30547                                                                    │ _072644_/A                │ met1  │
│ 1.28  │ 513.61  │ 400.00   │ net3486                                                                     │ _117773_/A1               │ met1  │
│ 1.28  │ 513.52  │ 400.00   │ net30644                                                                    │ _071634_/A2               │ met2  │
│ 1.28  │ 511.54  │ 400.00   │ net6361                                                                     │ _073045_/B2               │ met2  │
│ 1.28  │ 511.14  │ 400.00   │ net3021                                                                     │ _079114_/A1               │ met2  │
│ 1.28  │ 511.14  │ 400.00   │ net4905                                                                     │ _072426_/A2               │ met2  │
│ 1.27  │ 509.91  │ 400.00   │ net1586                                                                     │ _107604_/A2               │ met1  │
│ 1.27  │ 509.08  │ 400.00   │ net17300                                                                    │ _068760_/B                │ met1  │
│ 1.27  │ 509.00  │ 400.00   │ net7836                                                                     │ _070658_/A3               │ met2  │
│ 1.27  │ 509.00  │ 400.00   │ net7836                                                                     │ _076641_/A1               │ met2  │
│ 1.27  │ 509.00  │ 400.00   │ net7836                                                                     │ _078381_/C                │ met2  │
│ 1.27  │ 509.00  │ 400.00   │ net7836                                                                     │ _078921_/A2               │ met2  │
│ 1.27  │ 507.08  │ 400.00   │ net31725                                                                    │ _074029_/B                │ met3  │
│ 1.27  │ 507.08  │ 400.00   │ net31725                                                                    │ _078562_/B1               │ met3  │
│ 1.26  │ 505.69  │ 400.00   │ net32012                                                                    │ _118837_/A0               │ met2  │
│ 1.26  │ 502.96  │ 400.00   │ net25467                                                                    │ wire25466/A               │ met3  │
│ 1.26  │ 502.67  │ 400.00   │ net11475                                                                    │ _070040_/A2               │ met1  │
│ 1.25  │ 501.83  │ 400.00   │ net6870                                                                     │ _077750_/A2               │ met1  │
│ 1.25  │ 501.65  │ 400.00   │ conv_accelerator_inst.u_conv_buf_ram.u_mem.u_mem.g_2k[1\].u_cell.rdata[11\] │ _066801_/A1               │ met4  │
│ 1.25  │ 498.88  │ 400.00   │ net10973                                                                    │ _073766_/A1               │ met1  │
│ 1.25  │ 498.51  │ 400.00   │ net31262                                                                    │ _078342_/A1               │ met1  │
│ 1.24  │ 497.80  │ 400.00   │ net11166                                                                    │ _073318_/A2               │ met1  │
│ 1.24  │ 497.17  │ 400.00   │ _020416_                                                                    │ _075814_/B1               │ met1  │
│ 1.24  │ 495.22  │ 400.00   │ net6505                                                                     │ _079160_/A2               │ met3  │
│ 1.24  │ 495.22  │ 400.00   │ net10973                                                                    │ _076890_/A1               │ met3  │
│ 1.24  │ 495.03  │ 400.00   │ net7143                                                                     │ _077245_/B2               │ met1  │
│ 1.24  │ 494.13  │ 400.00   │ net48381                                                                    │ _111486_/B                │ met1  │
│ 1.24  │ 494.07  │ 400.00   │ net30888                                                                    │ _078588_/A3               │ met2  │
│ 1.23  │ 493.13  │ 400.00   │ _018979_                                                                    │ _077883_/A1_N             │ met3  │
│ 1.23  │ 492.95  │ 400.00   │ net6607                                                                     │ _075018_/B                │ met3  │
│ 1.23  │ 4520.15 │ 3669.20  │ net32416                                                                    │ wire21803/A               │ met4  │
│ 1.23  │ 491.63  │ 400.00   │ _019394_                                                                    │ _072940_/A2               │ met2  │
│ 1.23  │ 491.63  │ 400.00   │ _020298_                                                                    │ _071646_/B1               │ met2  │
│ 1.23  │ 491.63  │ 400.00   │ net6403                                                                     │ _076826_/B1               │ met2  │
│ 1.23  │ 491.63  │ 400.00   │ net13510                                                                    │ _078529_/B2               │ met2  │
│ 1.23  │ 491.58  │ 400.00   │ net31430                                                                    │ _075940_/B2               │ met3  │
│ 1.23  │ 491.58  │ 400.00   │ net31430                                                                    │ wire13067/A               │ met3  │
│ 1.21  │ 483.44  │ 400.00   │ net32012                                                                    │ _118633_/A1               │ met1  │
│ 1.21  │ 482.08  │ 400.00   │ net2585                                                                     │ _064777_/D                │ met1  │
│ 1.21  │ 482.00  │ 400.00   │ net8079                                                                     │ _078318_/A1               │ met2  │
│ 1.21  │ 482.00  │ 400.00   │ net8079                                                                     │ _078660_/A1               │ met2  │
│ 1.20  │ 481.52  │ 400.00   │ net10967                                                                    │ _078042_/B2               │ met1  │
│ 1.20  │ 480.83  │ 400.00   │ net27048                                                                    │ _060433_/B                │ met1  │
│ 1.20  │ 480.65  │ 400.00   │ net30725                                                                    │ wire4645/A                │ met3  │
│ 1.20  │ 3338.29 │ 2778.20  │ _026471_                                                                    │ _077843_/D                │ met3  │
│ 1.20  │ 479.55  │ 400.00   │ _056283_                                                                    │ _115266_/B1               │ met1  │
│ 1.20  │ 479.48  │ 400.00   │ net6723                                                                     │ _072251_/B1               │ met1  │
│ 1.20  │ 479.35  │ 400.00   │ net11217                                                                    │ _073049_/A1               │ met1  │
│ 1.19  │ 477.82  │ 400.00   │ net31932                                                                    │ _073235_/A2               │ met1  │
│ 1.19  │ 477.36  │ 400.00   │ net6536                                                                     │ _076678_/D_N              │ met1  │
│ 1.19  │ 476.57  │ 400.00   │ net2521                                                                     │ wire2520/A                │ met1  │
│ 1.19  │ 476.20  │ 400.00   │ net11459                                                                    │ _074864_/A2               │ met1  │
│ 1.19  │ 476.13  │ 400.00   │ net7320                                                                     │ _072477_/B1               │ met1  │
│ 1.19  │ 475.22  │ 400.00   │ qspi_master_inst.QSPI_STA[6\]                                               │ hold45699/A               │ met1  │
│ 1.19  │ 475.06  │ 400.00   │ net3491                                                                     │ _114354_/A0               │ met1  │
│ 1.18  │ 473.12  │ 400.00   │ net30688                                                                    │ _077321_/A3               │ met1  │
│ 1.18  │ 472.58  │ 400.00   │ net31706                                                                    │ _071279_/A2               │ met2  │
│ 1.18  │ 472.51  │ 400.00   │ net30683                                                                    │ _070889_/B1               │ met2  │
│ 1.18  │ 471.91  │ 400.00   │ net31147                                                                    │ _077575_/A1               │ met1  │
│ 1.18  │ 471.25  │ 400.00   │ net30844                                                                    │ _077730_/C                │ met2  │
│ 1.18  │ 471.06  │ 400.00   │ net31019                                                                    │ _071842_/A1               │ met1  │
│ 1.18  │ 470.09  │ 400.00   │ instr_bram_ctrl_inst.instr_ram.u_mem.g_2k[1\].u_cell.rdata[10\]             │ _114237_/A1               │ met4  │
│ 1.18  │ 4311.85 │ 3669.20  │ net32332                                                                    │ wire21813/A               │ met4  │
│ 1.18  │ 4311.85 │ 3669.20  │ net32398                                                                    │ wire22089/A               │ met4  │
│ 1.17  │ 467.56  │ 400.00   │ net16355                                                                    │ _071639_/A                │ met1  │
│ 1.16  │ 464.75  │ 400.00   │ net8072                                                                     │ _078478_/B1               │ met1  │
│ 1.16  │ 4242.42 │ 3669.20  │ net32454                                                                    │ wire22061/A               │ met4  │
│ 1.16  │ 462.34  │ 400.00   │ net32043                                                                    │ _064801_/B                │ met1  │
│ 1.16  │ 462.34  │ 400.00   │ net32043                                                                    │ _114313_/A0               │ met1  │
│ 1.15  │ 461.49  │ 400.00   │ net31523                                                                    │ _072822_/A2_N             │ met2  │
│ 1.15  │ 459.89  │ 400.00   │ net30887                                                                    │ _073486_/A                │ met1  │
│ 1.15  │ 459.60  │ 400.00   │ _019915_                                                                    │ _072489_/A3               │ met1  │
│ 1.15  │ 459.00  │ 400.00   │ net26216                                                                    │ wire26215/A               │ met1  │
│ 1.15  │ 458.58  │ 400.00   │ net3462                                                                     │ _114318_/A0               │ met1  │
│ 1.15  │ 458.58  │ 400.00   │ net3462                                                                     │ _114350_/A0               │ met1  │
│ 1.15  │ 458.45  │ 400.00   │ net31603                                                                    │ _074937_/A2               │ met1  │
│ 1.15  │ 458.15  │ 400.00   │ net28827                                                                    │ wire28826/A               │ met1  │
│ 1.14  │ 456.02  │ 400.00   │ net14125                                                                    │ _076721_/A2               │ met1  │
│ 1.14  │ 455.61  │ 400.00   │ net25995                                                                    │ fanout25938/A             │ met1  │
│ 1.14  │ 454.88  │ 400.00   │ _036809_                                                                    │ _093124_/B1               │ met1  │
│ 1.14  │ 454.09  │ 400.00   │ net21017                                                                    │ wire21016/A               │ met1  │
│ 1.13  │ 453.11  │ 400.00   │ net16978                                                                    │ _071033_/B                │ met2  │
│ 1.13  │ 452.60  │ 400.00   │ net8510                                                                     │ _073986_/A1               │ met2  │
│ 1.13  │ 452.60  │ 400.00   │ net13044                                                                    │ wire13043/A               │ met2  │
│ 1.13  │ 452.60  │ 400.00   │ net30849                                                                    │ _075776_/B2               │ met2  │
│ 1.13  │ 452.40  │ 400.00   │ net7767                                                                     │ _078956_/A2               │ met1  │
│ 1.13  │ 451.18  │ 400.00   │ net12760                                                                    │ _077046_/B2               │ met1  │
│ 1.13  │ 450.96  │ 400.00   │ net30955                                                                    │ _075090_/A2               │ met1  │
│ 1.13  │ 450.62  │ 400.00   │ net6607                                                                     │ _075448_/A2               │ met3  │
│ 1.13  │ 450.62  │ 400.00   │ net6926                                                                     │ _077940_/B1               │ met3  │
│ 1.13  │ 450.62  │ 400.00   │ net11242                                                                    │ _078520_/B2               │ met3  │
│ 1.13  │ 450.26  │ 400.00   │ net31679                                                                    │ fanout2177/A              │ met1  │
│ 1.12  │ 449.07  │ 400.00   │ net31578                                                                    │ _076990_/A1               │ met3  │
│ 1.12  │ 449.07  │ 400.00   │ net31578                                                                    │ _077076_/A1               │ met3  │
│ 1.12  │ 449.07  │ 400.00   │ net31578                                                                    │ _078664_/A2               │ met3  │
│ 1.12  │ 446.47  │ 400.00   │ net517                                                                      │ _110781_/A1               │ met1  │
│ 1.12  │ 446.11  │ 400.00   │ cpu_inst.CORE.core_i.ex_stage_i.mult_i.mulh_CS[0\]                          │ hold47516/A               │ met1  │
│ 1.11  │ 444.99  │ 400.00   │ _020570_                                                                    │ fanout6619/A              │ met1  │
│ 1.11  │ 443.33  │ 400.00   │ _025199_                                                                    │ _076565_/B                │ met1  │
│ 1.11  │ 442.47  │ 400.00   │ net18505                                                                    │ _072253_/A                │ met1  │
│ 1.10  │ 441.95  │ 400.00   │ net31741                                                                    │ _076739_/B1               │ met2  │
│ 1.10  │ 441.95  │ 400.00   │ net31741                                                                    │ _077280_/B1               │ met2  │
│ 1.10  │ 441.68  │ 400.00   │ net20809                                                                    │ wire20808/A               │ met1  │
│ 1.10  │ 441.68  │ 400.00   │ net20925                                                                    │ wire20924/A               │ met1  │
│ 1.10  │ 441.68  │ 400.00   │ net21032                                                                    │ wire21031/A               │ met1  │
│ 1.10  │ 441.68  │ 400.00   │ net21047                                                                    │ wire21046/A               │ met1  │
│ 1.10  │ 441.33  │ 400.00   │ net3535                                                                     │ _117777_/A1               │ met1  │
│ 1.10  │ 441.08  │ 400.00   │ net31495                                                                    │ _078301_/A2               │ met1  │
│ 1.10  │ 440.28  │ 400.00   │ _049091_                                                                    │ _106171_/B1               │ met1  │
│ 1.10  │ 439.89  │ 400.00   │ _018275_                                                                    │ _069553_/A0               │ met1  │
│ 1.10  │ 439.89  │ 400.00   │ _018275_                                                                    │ _069746_/A0               │ met1  │
│ 1.10  │ 439.83  │ 400.00   │ net20562                                                                    │ wire20561/A               │ met1  │
│ 1.10  │ 439.61  │ 400.00   │ net21275                                                                    │ _114235_/A2               │ met1  │
│ 1.10  │ 439.61  │ 400.00   │ net21493                                                                    │ _114237_/A2               │ met1  │
│ 1.10  │ 438.61  │ 400.00   │ net7963                                                                     │ _076232_/A1               │ met1  │
│ 1.10  │ 438.36  │ 400.00   │ net21245                                                                    │ _114237_/A3               │ met1  │
│ 1.10  │ 438.28  │ 400.00   │ net23930                                                                    │ _098512_/B                │ met1  │
│ 1.09  │ 437.24  │ 400.00   │ QSPI_rdata[24\]                                                             │ _105262_/A2               │ met1  │
│ 1.09  │ 437.17  │ 400.00   │ net3320                                                                     │ wire3319/A                │ met1  │
│ 1.09  │ 436.42  │ 400.00   │ _000002_                                                                    │ _119221_/D                │ met1  │
│ 1.09  │ 436.24  │ 400.00   │ net48483                                                                    │ _062291_/B2               │ met1  │
│ 1.09  │ 435.94  │ 400.00   │ net3509                                                                     │ _114355_/A0               │ met1  │
│ 1.09  │ 435.19  │ 400.00   │ net16383                                                                    │ _073919_/A1               │ met2  │
│ 1.09  │ 435.19  │ 400.00   │ net30502                                                                    │ _074108_/B2               │ met2  │
│ 1.09  │ 434.95  │ 400.00   │ net5487                                                                     │ _076656_/A2               │ met1  │
│ 1.09  │ 434.46  │ 400.00   │ net20887                                                                    │ wire20886/A               │ met1  │
│ 1.09  │ 434.45  │ 400.00   │ net27706                                                                    │ _108167_/A1               │ met1  │
│ 1.09  │ 434.23  │ 400.00   │ net26316                                                                    │ wire26315/A               │ met1  │
│ 1.09  │ 434.19  │ 400.00   │ net27719                                                                    │ _060042_/A                │ met1  │
│ 1.08  │ 434.00  │ 400.00   │ net3434                                                                     │ _113816_/A1               │ met1  │
│ 1.08  │ 433.53  │ 400.00   │ net8440                                                                     │ _076206_/A1               │ met1  │
│ 1.08  │ 433.48  │ 400.00   │ net5216                                                                     │ _073696_/A2               │ met2  │
│ 1.08  │ 433.21  │ 400.00   │ net31940                                                                    │ _075066_/A1               │ met2  │
│ 1.08  │ 433.20  │ 400.00   │ net5154                                                                     │ _073387_/B1               │ met2  │
│ 1.08  │ 433.20  │ 400.00   │ net5154                                                                     │ _075235_/A2               │ met2  │
│ 1.08  │ 433.20  │ 400.00   │ net5154                                                                     │ _078678_/B1               │ met2  │
│ 1.08  │ 432.89  │ 400.00   │ net12478                                                                    │ _075448_/B1               │ met1  │
│ 1.08  │ 432.70  │ 400.00   │ net19795                                                                    │ wire19794/A               │ met1  │
│ 1.08  │ 431.81  │ 400.00   │ net4778                                                                     │ _074711_/B1               │ met2  │
│ 1.08  │ 431.81  │ 400.00   │ net4778                                                                     │ _076187_/C                │ met2  │
│ 1.08  │ 2996.57 │ 2778.20  │ _000058_                                                                    │ _128187_/D                │ met3  │
│ 1.08  │ 2996.57 │ 2778.20  │ _024568_                                                                    │ _075934_/B                │ met3  │
│ 1.08  │ 431.14  │ 400.00   │ _018957_                                                                    │ _074116_/B                │ met1  │
│ 1.08  │ 430.94  │ 400.00   │ net19710                                                                    │ wire19709/A               │ met1  │
│ 1.08  │ 430.94  │ 400.00   │ net20569                                                                    │ wire20568/A               │ met1  │
│ 1.08  │ 430.94  │ 400.00   │ net20697                                                                    │ wire20696/A               │ met1  │
│ 1.08  │ 430.94  │ 400.00   │ net20743                                                                    │ wire20742/A               │ met1  │
│ 1.08  │ 430.15  │ 400.00   │ net19684                                                                    │ wire19683/A               │ met1  │
│ 1.07  │ 426.51  │ 400.00   │ net8440                                                                     │ _076206_/A1               │ met2  │
│ 1.07  │ 426.51  │ 400.00   │ net8440                                                                     │ _078262_/A2               │ met2  │
│ 1.07  │ 426.51  │ 400.00   │ net8440                                                                     │ _078812_/A1               │ met2  │
│ 1.07  │ 426.36  │ 400.00   │ net30296                                                                    │ _128335_/D                │ met2  │
│ 1.06  │ 425.83  │ 400.00   │ net8150                                                                     │ _074880_/B2               │ met1  │
│ 1.06  │ 425.67  │ 400.00   │ net11453                                                                    │ _077534_/B2               │ met1  │
│ 1.06  │ 425.37  │ 400.00   │ net6684                                                                     │ _077145_/A2               │ met1  │
│ 1.06  │ 425.37  │ 400.00   │ net6684                                                                     │ _077318_/A3               │ met1  │
│ 1.06  │ 425.26  │ 400.00   │ net31388                                                                    │ _071465_/A                │ met3  │
│ 1.06  │ 425.26  │ 400.00   │ net31388                                                                    │ _074110_/A1               │ met3  │
│ 1.06  │ 425.26  │ 400.00   │ net31388                                                                    │ _075751_/A1               │ met3  │
│ 1.06  │ 424.90  │ 400.00   │ net724                                                                      │ wire723/A                 │ met3  │
│ 1.06  │ 3885.19 │ 3669.20  │ net3056                                                                     │ _076114_/B1               │ met3  │
│ 1.06  │ 3885.19 │ 3669.20  │ net3118                                                                     │ _073166_/A1               │ met3  │
│ 1.06  │ 3885.19 │ 3669.20  │ net15992                                                                    │ _089781_/A2               │ met3  │
│ 1.05  │ 420.86  │ 400.00   │ net6505                                                                     │ _076999_/B1               │ met1  │
│ 1.05  │ 420.45  │ 400.00   │ net31639                                                                    │ _071931_/B1               │ met1  │
│ 1.05  │ 419.86  │ 400.00   │ net30593                                                                    │ _074703_/B2               │ met1  │
│ 1.05  │ 418.83  │ 400.00   │ net4978                                                                     │ _076444_/A2               │ met2  │
│ 1.05  │ 418.83  │ 400.00   │ net4978                                                                     │ _078211_/A                │ met2  │
│ 1.05  │ 3840.58 │ 3669.20  │ net30609                                                                    │ _073694_/B1               │ met3  │
│ 1.05  │ 418.08  │ 400.00   │ net5291                                                                     │ _077084_/A2               │ met1  │
│ 1.04  │ 417.97  │ 400.00   │ net5510                                                                     │ _071567_/A3               │ met2  │
│ 1.04  │ 417.97  │ 400.00   │ net5510                                                                     │ _074171_/A1               │ met2  │
│ 1.04  │ 417.97  │ 400.00   │ net5510                                                                     │ _076091_/A1               │ met2  │
│ 1.04  │ 417.97  │ 400.00   │ net5510                                                                     │ _078087_/A2               │ met2  │
│ 1.04  │ 416.18  │ 400.00   │ _027155_                                                                    │ _078531_/A2               │ met1  │
│ 1.04  │ 415.92  │ 400.00   │ net3400                                                                     │ _113813_/A1               │ met1  │
│ 1.04  │ 415.92  │ 400.00   │ net3400                                                                     │ _113934_/A1               │ met1  │
│ 1.04  │ 415.77  │ 400.00   │ net31056                                                                    │ _073052_/A2               │ met1  │
│ 1.04  │ 415.76  │ 400.00   │ net4007                                                                     │ _067757_/B                │ met1  │
│ 1.04  │ 415.76  │ 400.00   │ net4007                                                                     │ load_slew4006/A           │ met1  │
│ 1.04  │ 414.40  │ 400.00   │ qspi_master_inst.shift_byte[12\]                                            │ _116454_/A1               │ met1  │
│ 1.04  │ 414.03  │ 400.00   │ net6343                                                                     │ _075624_/B1               │ met2  │
│ 1.03  │ 3795.98 │ 3669.20  │ net31689                                                                    │ _074440_/B1               │ met3  │
│ 1.03  │ 413.78  │ 400.00   │ _057023_                                                                    │ _116089_/A                │ met1  │
│ 1.03  │ 413.71  │ 400.00   │ _009846_                                                                    │ _105167_/B                │ met1  │
│ 1.03  │ 413.57  │ 400.00   │ net13638                                                                    │ wire13637/A               │ met2  │
│ 1.03  │ 413.15  │ 400.00   │ net23199                                                                    │ wire23198/A               │ met1  │
│ 1.03  │ 413.01  │ 400.00   │ net5071                                                                     │ _078971_/A2               │ met1  │
│ 1.03  │ 412.75  │ 400.00   │ net14429                                                                    │ _074310_/A2               │ met1  │
│ 1.03  │ 412.45  │ 400.00   │ net22405                                                                    │ wire22404/A               │ met1  │
│ 1.03  │ 411.94  │ 400.00   │ net3210                                                                     │ _063701_/A1               │ met1  │
│ 1.03  │ 3769.89 │ 3669.20  │ net29740                                                                    │ wire29739/A               │ met3  │
│ 1.03  │ 410.78  │ 400.00   │ net23281                                                                    │ wire23280/A               │ met1  │
│ 1.03  │ 410.58  │ 400.00   │ net28101                                                                    │ load_slew28100/A          │ met1  │
│ 1.03  │ 410.57  │ 400.00   │ net10150                                                                    │ _077194_/A2               │ met3  │
│ 1.03  │ 410.51  │ 400.00   │ net21041                                                                    │ wire21040/A               │ met1  │
│ 1.02  │ 3755.83 │ 3669.20  │ net30611                                                                    │ _074953_/B1               │ met3  │
│ 1.02  │ 409.10  │ 400.00   │ net22933                                                                    │ wire22932/A               │ met1  │
│ 1.02  │ 408.93  │ 400.00   │ net22423                                                                    │ wire22422/A               │ met1  │
│ 1.02  │ 3741.80 │ 3669.20  │ net1995                                                                     │ wire1993/A                │ met4  │
│ 1.02  │ 3741.80 │ 3669.20  │ net1995                                                                     │ load_slew1994/A           │ met4  │
│ 1.02  │ 407.23  │ 400.00   │ net21762                                                                    │ _114237_/A0               │ met1  │
│ 1.02  │ 406.87  │ 400.00   │ _028105_                                                                    │ fanout9838/A              │ met1  │
│ 1.02  │ 406.81  │ 400.00   │ net22406                                                                    │ wire22405/A               │ met1  │
│ 1.02  │ 406.64  │ 400.00   │ net21261                                                                    │ wire21260/A               │ met1  │
│ 1.02  │ 406.20  │ 400.00   │ net23002                                                                    │ wire23001/A               │ met1  │
│ 1.02  │ 406.20  │ 400.00   │ net23270                                                                    │ wire23269/A               │ met1  │
│ 1.02  │ 406.14  │ 400.00   │ net5600                                                                     │ _069899_/B2               │ met3  │
│ 1.02  │ 406.01  │ 400.00   │ net6578                                                                     │ _073713_/B1               │ met3  │
│ 1.01  │ 405.93  │ 400.00   │ net22483                                                                    │ wire22482/A               │ met1  │
│ 1.01  │ 405.49  │ 400.00   │ net22581                                                                    │ wire22580/A               │ met1  │
│ 1.01  │ 405.26  │ 400.00   │ net10973                                                                    │ _077755_/B                │ met1  │
│ 1.01  │ 405.13  │ 400.00   │ net22726                                                                    │ wire22725/A               │ met1  │
│ 1.01  │ 405.13  │ 400.00   │ net22874                                                                    │ wire22873/A               │ met1  │
│ 1.01  │ 404.88  │ 400.00   │ net22985                                                                    │ wire22984/A               │ met1  │
│ 1.01  │ 404.79  │ 400.00   │ net23120                                                                    │ wire23119/A               │ met1  │
│ 1.01  │ 404.26  │ 400.00   │ net23446                                                                    │ wire23445/A               │ met1  │
│ 1.01  │ 404.26  │ 400.00   │ net23732                                                                    │ _095804_/A                │ met1  │
│ 1.01  │ 404.08  │ 400.00   │ net21503                                                                    │ wire21502/A               │ met1  │
│ 1.01  │ 403.73  │ 400.00   │ net23140                                                                    │ wire23139/A               │ met1  │
│ 1.01  │ 403.20  │ 400.00   │ net23314                                                                    │ wire23313/A               │ met1  │
│ 1.01  │ 402.75  │ 400.00   │ net32103                                                                    │ max_cap3346/A             │ met1  │
│ 1.01  │ 402.72  │ 400.00   │ _009790_                                                                    │ _105161_/B                │ met1  │
│ 1.01  │ 402.70  │ 400.00   │ net18030                                                                    │ fanout17988/A             │ met1  │
│ 1.01  │ 402.59  │ 400.00   │ net23431                                                                    │ wire23430/A               │ met1  │
│ 1.01  │ 402.35  │ 400.00   │ _019338_                                                                    │ _078592_/A2               │ met1  │
│ 1.01  │ 402.32  │ 400.00   │ net31729                                                                    │ _076156_/A2               │ met1  │
│ 1.00  │ 401.88  │ 400.00   │ net23453                                                                    │ wire23452/A               │ met1  │
│ 1.00  │ 401.53  │ 400.00   │ net22494                                                                    │ wire22493/A               │ met1  │
│ 1.00  │ 400.97  │ 400.00   │ net10519                                                                    │ _073631_/B2               │ met1  │
│ 1.00  │ 400.75  │ 400.00   │ net7247                                                                     │ _076136_/A1               │ met1  │
│ 1.00  │ 400.64  │ 400.00   │ _000131_                                                                    │ _119434_/D                │ met1  │
│ 1.00  │ 400.56  │ 400.00   │ net19575                                                                    │ wire19574/A               │ met1  │
│ 1.00  │ 400.47  │ 400.00   │ net31854                                                                    │ wire2296/A                │ met2  │
│ 1.00  │ 400.47  │ 400.00   │ net31854                                                                    │ load_slew2297/A           │ met2  │
│ 1.00  │ 400.46  │ 400.00   │ net26069                                                                    │ wire26068/A               │ met1  │
│ 1.00  │ 400.02  │ 400.00   │ _019304_                                                                    │ _075472_/A3               │ met1  │
└───────┴─────────┴──────────┴─────────────────────────────────────────────────────────────────────────────┴───────────────────────────┴───────┘
