┏━━━━━━━━━━━━━━━━━━━━━━┳━━━━━━━━━━┳━━━━━━━━━━┳━━━━━━━━━━┳━━━━━━━━━━┳━━━━━━━━━━━┳━━━━━━━━━━┳━━━━━━━━━━━┳━━━━━━━━━━┳━━━━━━━━━━━┳━━━━━━━━━━┳━━━━━━━━━━━┳━━━━━━━━━━┓
┃                      ┃ Hold     ┃ Reg to   ┃          ┃          ┃ of which  ┃ Setup    ┃           ┃          ┃           ┃ of which ┃           ┃          ┃
┃                      ┃ Worst    ┃ Reg      ┃          ┃ Hold Vio ┃ reg to    ┃ Worst    ┃ Reg to    ┃ Setup    ┃ Setup Vio ┃ reg to   ┃ Max Cap   ┃ Max Slew ┃
┃ Corner/Group         ┃ Slack    ┃ Paths    ┃ Hold TNS ┃ Count    ┃ reg       ┃ Slack    ┃ Reg Paths ┃ TNS      ┃ Count     ┃ reg      ┃ Violatio… ┃ Violati… ┃
┡━━━━━━━━━━━━━━━━━━━━━━╇━━━━━━━━━━╇━━━━━━━━━━╇━━━━━━━━━━╇━━━━━━━━━━╇━━━━━━━━━━━╇━━━━━━━━━━╇━━━━━━━━━━━╇━━━━━━━━━━╇━━━━━━━━━━━╇━━━━━━━━━━╇━━━━━━━━━━━╇━━━━━━━━━━┩
│ Overall              │ -0.0222  │ -0.0222  │ -0.0885  │ 9        │ 9         │ 6.4221   │ 6.4221    │ 0.0000   │ 0         │ 0        │ 594       │ 902      │
│ nom_tt_025C_1v80     │ 0.1712   │ 0.1712   │ 0.0000   │ 0        │ 0         │ 12.6087  │ 12.6087   │ 0.0000   │ 0         │ 0        │ 184       │ 364      │
│ nom_ss_100C_1v60     │ 0.6643   │ 0.6643   │ 0.0000   │ 0        │ 0         │ 6.5732   │ 6.5732    │ 0.0000   │ 0         │ 0        │ 182       │ 466      │
│ nom_ff_n40C_1v95     │ -0.0078  │ -0.0078  │ -0.0138  │ 3        │ 3         │ 14.8625  │ 14.8625   │ 0.0000   │ 0         │ 0        │ 185       │ 350      │
│ min_tt_025C_1v80     │ 0.2021   │ 0.2021   │ 0.0000   │ 0        │ 0         │ 12.7704  │ 12.7704   │ 0.0000   │ 0         │ 0        │ 102       │ 357      │
│ min_ss_100C_1v60     │ 0.6833   │ 0.6833   │ 0.0000   │ 0        │ 0         │ 6.8916   │ 6.8916    │ 0.0000   │ 0         │ 0        │ 102       │ 410      │
│ min_ff_n40C_1v95     │ 0.0165   │ 0.0165   │ 0.0000   │ 0        │ 0         │ 15.0136  │ 15.0136   │ 0.0000   │ 0         │ 0        │ 102       │ 348      │
│ max_tt_025C_1v80     │ 0.1539   │ 0.1539   │ 0.0000   │ 0        │ 0         │ 12.4880  │ 12.4880   │ 0.0000   │ 0         │ 0        │ 583       │ 375      │
│ max_ss_100C_1v60     │ 0.6410   │ 0.6410   │ 0.0000   │ 0        │ 0         │ 6.4221   │ 6.4221    │ 0.0000   │ 0         │ 0        │ 583       │ 902      │
│ max_ff_n40C_1v95     │ -0.0222  │ -0.0222  │ -0.0885  │ 6        │ 6         │ 14.7386  │ 14.7386   │ 0.0000   │ 0         │ 0        │ 594       │ 363      │
└──────────────────────┴──────────┴──────────┴──────────┴──────────┴───────────┴──────────┴───────────┴──────────┴───────────┴──────────┴───────────┴──────────┘
