
===========================================================================
Violator List
============================================================================
[setup reg-reg] _124800_/Q -> _119135_/D : -7.273290
[setup reg-reg] _124800_/Q -> _119138_/D : -7.270899
[setup reg-reg] _124800_/Q -> _119137_/D : -7.270242
[setup reg-reg] _124800_/Q -> _119146_/D : -7.266959
[setup reg-reg] _124800_/Q -> _119136_/D : -7.265243
[setup reg-reg] _124800_/Q -> _119112_/D : -7.261910
[setup reg-reg] _124800_/Q -> _119151_/D : -7.247977
[setup reg-reg] _124800_/Q -> _119142_/D : -7.247245
[setup reg-reg] _124800_/Q -> _119167_/D : -7.158587
[setup reg-reg] _124800_/Q -> _119168_/D : -7.155141
[setup reg-reg] _124800_/Q -> _119180_/D : -7.153169
[setup reg-reg] _124800_/Q -> _119177_/D : -7.150106
[setup reg-reg] _124800_/Q -> _119182_/D : -7.148682
[setup reg-reg] _124800_/Q -> _119174_/D : -7.146646
[setup reg-reg] _124800_/Q -> _119176_/D : -7.144919
[setup reg-reg] _124800_/Q -> _119185_/D : -7.135913
[setup reg-reg] _124800_/Q -> _127962_/D : -7.082530
[setup reg-reg] _124800_/Q -> _127914_/D : -6.974112
[setup reg-reg] _124800_/Q -> _127911_/D : -6.972733
[setup reg-reg] _124800_/Q -> _127910_/D : -6.966499
[setup reg-reg] _124800_/Q -> _125908_/D : -6.943882
[setup reg-reg] _124800_/Q -> _127904_/D : -6.900837
[setup reg-reg] _124800_/Q -> _124731_/D : -6.888428
[setup reg-reg] _124800_/Q -> _127961_/D : -6.886765
[setup reg-reg] _124800_/Q -> _127896_/D : -6.874622
[setup reg-reg] _124800_/Q -> _123612_/D : -6.873158
[setup reg-reg] _124800_/Q -> _127905_/D : -6.867318
[setup reg-reg] _124800_/Q -> _124714_/D : -6.866461
[setup reg-reg] _124800_/Q -> _127897_/D : -6.849821
[setup reg-reg] _124800_/Q -> _124733_/D : -6.847987
[setup reg-reg] _124800_/Q -> _124722_/D : -6.843898
[setup reg-reg] _124800_/Q -> _119140_/D : -6.834917
[setup reg-reg] _124800_/Q -> _125905_/D : -6.827047
[setup reg-reg] _124800_/Q -> _119139_/D : -6.826962
[setup reg-reg] _124800_/Q -> _125904_/D : -6.818479
[setup reg-reg] _124800_/Q -> _119144_/D : -6.810371
[setup reg-reg] _124800_/Q -> _124891_/D : -6.795638
[setup reg-reg] _124800_/Q -> _127906_/D : -6.795197
[setup reg-reg] _124800_/Q -> _124893_/D : -6.793219
[setup reg-reg] _124800_/Q -> _124890_/D : -6.791386
[setup reg-reg] _124800_/Q -> _124892_/D : -6.789147
[setup reg-reg] _124800_/Q -> _124721_/D : -6.777878
[setup reg-reg] _124800_/Q -> _119152_/D : -6.777086
[setup reg-reg] _124800_/Q -> _124720_/D : -6.775821
[setup reg-reg] _124800_/Q -> _125903_/D : -6.775064
[setup reg-reg] _124800_/Q -> _124748_/D : -6.766527
[setup reg-reg] _124800_/Q -> _124751_/D : -6.762825
[setup reg-reg] _124800_/Q -> _125954_/D : -6.737381
[setup reg-reg] _124800_/Q -> _125961_/D : -6.736130
[setup reg-reg] _124800_/Q -> _125958_/D : -6.730687
[setup reg-reg] _124800_/Q -> _125956_/D : -6.725046
[setup reg-reg] _124800_/Q -> _124884_/D : -6.723159
[setup reg-reg] _124800_/Q -> _125953_/D : -6.718811
[setup reg-reg] _124800_/Q -> _127908_/D : -6.705637
[setup reg-reg] _124800_/Q -> _119179_/D : -6.651188
[setup reg-reg] _124800_/Q -> _124718_/D : -6.639432
[setup reg-reg] _124800_/Q -> _127966_/D : -6.636757
[setup reg-reg] _124800_/Q -> _119178_/D : -6.631236
[setup reg-reg] _124800_/Q -> _119162_/D : -6.620294
[setup reg-reg] _124800_/Q -> _119170_/D : -6.620273
[setup reg-reg] _124800_/Q -> _119175_/D : -6.609650
[setup reg-reg] _124800_/Q -> _119172_/D : -6.606474
[setup reg-reg] _124800_/Q -> _119171_/D : -6.597219
[setup reg-reg] _124800_/Q -> _119163_/D : -6.589385
[setup reg-reg] _124800_/Q -> _119145_/D : -6.588500
[setup reg-reg] _124800_/Q -> _119161_/D : -6.577224
[setup reg-reg] _124800_/Q -> _119134_/D : -6.573807
[setup reg-reg] _124800_/Q -> _119154_/D : -6.570794
[setup reg-reg] _124800_/Q -> _125952_/D : -6.569774
[setup reg-reg] _124800_/Q -> _119133_/D : -6.568375
[setup reg-reg] _124800_/Q -> _124724_/D : -6.568179
[setup reg-reg] _124800_/Q -> _119158_/D : -6.568140
[setup reg-reg] _124800_/Q -> _119149_/D : -6.564836
[setup reg-reg] _124800_/Q -> _119150_/D : -6.560711
[setup reg-reg] _124800_/Q -> _125963_/D : -6.560342
[setup reg-reg] _124800_/Q -> _124727_/D : -6.546895
[setup reg-reg] _124800_/Q -> _124723_/D : -6.523418
[setup reg-reg] _124800_/Q -> _124719_/D : -6.523347
[setup reg-reg] _124800_/Q -> _124732_/D : -6.516217
[setup reg-reg] _124800_/Q -> _124729_/D : -6.514096
[setup reg-reg] _124800_/Q -> _124725_/D : -6.513791
[setup reg-reg] _124800_/Q -> _124728_/D : -6.504038
[setup reg-reg] _124800_/Q -> _124712_/D : -6.475446
[setup reg-reg] _124800_/Q -> _124710_/D : -6.448335
[setup reg-reg] _124800_/Q -> _119173_/D : -6.446609
[setup reg-reg] _124800_/Q -> _124730_/D : -6.440672
[setup reg-reg] _124800_/Q -> _124713_/D : -6.434988
[setup reg-reg] _124800_/Q -> _119192_/D : -6.425278
[setup reg-reg] _124800_/Q -> _119165_/D : -6.424952
[setup reg-reg] _124800_/Q -> _124709_/D : -6.424141
[setup reg-reg] _124800_/Q -> _119181_/D : -6.423498
[setup reg-reg] _124800_/Q -> _119113_/D : -6.422060
[setup reg-reg] _124800_/Q -> _119169_/D : -6.420308
[setup reg-reg] _124800_/Q -> _119164_/D : -6.417224
[setup reg-reg] _124800_/Q -> _119189_/D : -6.415288
[setup reg-reg] _124800_/Q -> _119166_/D : -6.415100
[setup reg-reg] _124800_/Q -> _125926_/D : -6.408694
[setup reg-reg] _124800_/Q -> _127913_/D : -6.405379
[setup reg-reg] _124800_/Q -> _127916_/D : -6.403209
[setup reg-reg] _124800_/Q -> _127919_/D : -6.394245
[setup reg-reg] _124800_/Q -> _124737_/D : -6.384632
[setup reg-reg] _124800_/Q -> _127924_/D : -6.367493
[setup reg-reg] _124800_/Q -> _124726_/D : -6.364328
[setup reg-reg] _124800_/Q -> _119147_/D : -6.360384
[setup reg-reg] _124800_/Q -> _127361_/D : -6.355315
[setup reg-reg] _124800_/Q -> _127375_/D : -6.342120
[setup reg-reg] _124800_/Q -> _119141_/D : -6.340802
[setup reg-reg] _124800_/Q -> _124841_/D : -6.333775
[setup reg-reg] _124800_/Q -> _124849_/D : -6.333199
[setup reg-reg] _124800_/Q -> _124809_/D : -6.333146
[setup reg-reg] _124800_/Q -> _119132_/D : -6.332890
[setup reg-reg] _124800_/Q -> _124850_/D : -6.328328
[setup reg-reg] _124800_/Q -> _124847_/D : -6.326989
[setup reg-reg] _124800_/Q -> _124844_/D : -6.326367
[setup reg-reg] _124800_/Q -> _124867_/D : -6.324438
[setup reg-reg] _124800_/Q -> _124840_/D : -6.323752
[setup reg-reg] _124800_/Q -> _119131_/D : -6.320633
[setup reg-reg] _124800_/Q -> _124810_/D : -6.318597
[setup reg-reg] _124800_/Q -> _124843_/D : -6.315823
[setup reg-reg] _124800_/Q -> _124842_/D : -6.314327
[setup reg-reg] _124800_/Q -> _124846_/D : -6.311641
[setup reg-reg] _124800_/Q -> _124839_/D : -6.311243
[setup reg-reg] _124800_/Q -> _127359_/D : -6.310206
[setup reg-reg] _124800_/Q -> _124845_/D : -6.309364
[setup reg-reg] _124800_/Q -> _124848_/D : -6.308714
[setup reg-reg] _124800_/Q -> _119143_/D : -6.305562
[setup reg-reg] _124800_/Q -> _124765_/D : -6.299647
[setup reg-reg] _124800_/Q -> _124851_/D : -6.299185
[setup reg-reg] _124800_/Q -> _124763_/D : -6.297995
[setup reg-reg] _124800_/Q -> _124759_/D : -6.295398
[setup reg-reg] _124800_/Q -> _124889_/D : -6.279660
[setup reg-reg] _124800_/Q -> _127915_/D : -6.276459
[setup reg-reg] _124800_/Q -> _125947_/D : -6.256915
[setup reg-reg] _124800_/Q -> _124888_/D : -6.254233
[setup reg-reg] _124800_/Q -> _125932_/D : -6.251650
[setup reg-reg] _124800_/Q -> _127922_/D : -6.239617
[setup reg-reg] _124800_/Q -> _125929_/D : -6.236519
[setup reg-reg] _124800_/Q -> _125948_/D : -6.234818
[setup reg-reg] _124800_/Q -> _125944_/D : -6.232931
[setup reg-reg] _124800_/Q -> _125945_/D : -6.231254
[setup reg-reg] _124800_/Q -> _124875_/D : -6.228877
[setup reg-reg] _124800_/Q -> _127912_/D : -6.228629
[setup reg-reg] _124800_/Q -> _123557_/D : -6.227804
[setup reg-reg] _124800_/Q -> _127920_/D : -6.226205
[setup reg-reg] _124800_/Q -> _124812_/D : -6.216855
[setup reg-reg] _124800_/Q -> _127963_/D : -6.213679
[setup reg-reg] _124800_/Q -> _124886_/D : -6.211192
[setup reg-reg] _124800_/Q -> _124811_/D : -6.209114
[setup reg-reg] _124800_/Q -> _125942_/D : -6.199937
[setup reg-reg] _124800_/Q -> _124813_/D : -6.199738
[setup reg-reg] _124800_/Q -> _124817_/D : -6.197819
[setup reg-reg] _124800_/Q -> _127902_/D : -6.181807
[setup reg-reg] _124800_/Q -> _127899_/D : -6.139061
[setup reg-reg] _124800_/Q -> _123540_/D : -6.136847
[setup reg-reg] _124800_/Q -> _124735_/D : -6.133021
[setup reg-reg] _124800_/Q -> _124744_/D : -6.125855
[setup reg-reg] _124800_/Q -> _124736_/D : -6.124075
[setup reg-reg] _124800_/Q -> _123547_/D : -6.122228
[setup reg-reg] _124800_/Q -> _124739_/D : -6.121606
[setup reg-reg] _124800_/Q -> _124738_/D : -6.118825
[setup reg-reg] _124800_/Q -> _124745_/D : -6.116210
[setup reg-reg] _124800_/Q -> _127901_/D : -6.116100
[setup reg-reg] _124800_/Q -> _127898_/D : -6.113315
[setup reg-reg] _124800_/Q -> _127964_/D : -6.110543
[setup reg-reg] _124800_/Q -> _127900_/D : -6.109950
[setup reg-reg] _124800_/Q -> _124743_/D : -6.109460
[setup reg-reg] _124800_/Q -> _124741_/D : -6.107697
[setup reg-reg] _124800_/Q -> _124742_/D : -6.106902
[setup reg-reg] _124800_/Q -> _125950_/D : -6.105271
[setup reg-reg] _124800_/Q -> _124762_/D : -6.105239
[setup reg-reg] _124800_/Q -> _124752_/D : -6.103467
[setup reg-reg] _124800_/Q -> _123539_/D : -6.061924
[setup reg-reg] _124800_/Q -> _124740_/D : -6.046808
[setup reg-reg] _124800_/Q -> _124734_/D : -6.039283
[setup reg-reg] _124800_/Q -> _123544_/D : -6.034575
[setup reg-reg] _124800_/Q -> _124717_/D : -6.024134
[setup reg-reg] _124800_/Q -> _123541_/D : -6.017239
[setup reg-reg] _124800_/Q -> _123616_/D : -5.972990
[setup reg-reg] _124800_/Q -> _123619_/D : -5.969199
[setup reg-reg] _124800_/Q -> _124829_/D : -5.956260
[setup reg-reg] _124800_/Q -> _124837_/D : -5.943743
[setup reg-reg] _124800_/Q -> _124707_/D : -5.937963
[setup reg-reg] _124800_/Q -> _124708_/D : -5.936684
[setup reg-reg] _124800_/Q -> _124716_/D : -5.929220
[setup reg-reg] _124800_/Q -> _124704_/D : -5.924005
[setup reg-reg] _124800_/Q -> _124705_/D : -5.923461
[setup reg-reg] _124800_/Q -> _124706_/D : -5.922434
[setup reg-reg] _124800_/Q -> _124830_/D : -5.920921
[setup reg-reg] _124800_/Q -> _124814_/D : -5.919770
[setup reg-reg] _124800_/Q -> _124828_/D : -5.918771
[setup reg-reg] _124800_/Q -> _124703_/D : -5.910789
[setup reg-reg] _124800_/Q -> _125907_/D : -5.902411
[setup reg-reg] _124800_/Q -> _127917_/D : -5.881869
[setup reg-reg] _124800_/Q -> _125920_/D : -5.871798
[setup reg-reg] _124800_/Q -> _125935_/D : -5.857121
[setup reg-reg] _124800_/Q -> _124864_/D : -5.849586
[setup reg-reg] _124800_/Q -> _124863_/D : -5.845276
[setup reg-reg] _124800_/Q -> _124857_/D : -5.844999
[setup reg-reg] _124800_/Q -> _124715_/D : -5.835528
[setup reg-reg] _124800_/Q -> _124859_/D : -5.830750
[setup reg-reg] _124800_/Q -> _125957_/D : -5.811156
[setup reg-reg] _124800_/Q -> _124753_/D : -5.800377
[setup reg-reg] _124800_/Q -> _124711_/D : -5.797336
[setup reg-reg] _124800_/Q -> _127918_/D : -5.784539
[setup reg-reg] _124800_/Q -> _125906_/D : -5.783353
[setup reg-reg] _124800_/Q -> _123613_/D : -5.782305
[setup reg-reg] _124800_/Q -> _124786_/D : -5.754675
[setup reg-reg] _124800_/Q -> _125938_/D : -5.748607
[setup reg-reg] _124800_/Q -> _125924_/D : -5.748120
[setup reg-reg] _124800_/Q -> _124755_/D : -5.728953
[setup reg-reg] _124800_/Q -> _123542_/D : -5.715013
[setup reg-reg] _124800_/Q -> _125922_/D : -5.709868
[setup reg-reg] _124800_/Q -> _123573_/D : -5.701231
[setup reg-reg] _124800_/Q -> _125962_/D : -5.701182
[setup reg-reg] _124800_/Q -> _127925_/D : -5.693554
[setup reg-reg] _124800_/Q -> _124895_/D : -5.692002
[setup reg-reg] _124800_/Q -> _127907_/D : -5.689888
[setup reg-reg] _124800_/Q -> _124764_/D : -5.687721
[setup reg-reg] _124800_/Q -> _124758_/D : -5.678036
[setup reg-reg] _124800_/Q -> _124883_/D : -5.673883
[setup reg-reg] _124800_/Q -> _124749_/D : -5.672973
[setup reg-reg] _124800_/Q -> _123610_/D : -5.671297
[setup reg-reg] _124800_/Q -> _124750_/D : -5.671136
[setup reg-reg] _124800_/Q -> _123614_/D : -5.670323
[setup reg-reg] _124800_/Q -> _124882_/D : -5.669634
[setup reg-reg] _124800_/Q -> _124747_/D : -5.669563
[setup reg-reg] _124800_/Q -> _124761_/D : -5.668735
[setup reg-reg] _124800_/Q -> _123611_/D : -5.668614
[setup reg-reg] _124800_/Q -> _127903_/D : -5.661928
[setup reg-reg] _124800_/Q -> _125923_/D : -5.652439
[setup reg-reg] _124800_/Q -> _124885_/D : -5.640473
[setup reg-reg] _124800_/Q -> _127895_/D : -5.632941
[setup reg-reg] _124800_/Q -> _125960_/D : -5.624227
[setup reg-reg] _124800_/Q -> _123566_/D : -5.617491
[setup reg-reg] _124800_/Q -> _123555_/D : -5.593634
[setup reg-reg] _124800_/Q -> _127926_/D : -5.593154
[setup reg-reg] _124800_/Q -> _124876_/D : -5.568520
[setup reg-reg] _124800_/Q -> _119191_/D : -5.559311
[setup reg-reg] _124800_/Q -> _119188_/D : -5.551499
[setup reg-reg] _124800_/Q -> _119190_/D : -5.550021
[setup reg-reg] _124800_/Q -> _125915_/D : -5.549250
[setup reg-reg] _124800_/Q -> _119186_/D : -5.546721
[setup reg-reg] _124800_/Q -> _125955_/D : -5.538443
[setup reg-reg] _124800_/Q -> _127968_/D : -5.513329
[setup reg-reg] _124800_/Q -> _127967_/D : -5.503914
[setup reg-reg] _124800_/Q -> _119187_/D : -5.498734
[setup reg-reg] _124800_/Q -> _119184_/D : -5.497032
[setup reg-reg] _124800_/Q -> _124818_/D : -5.492645
[setup reg-reg] _124800_/Q -> _124834_/D : -5.489479
[setup reg-reg] _124800_/Q -> _124838_/D : -5.483439
[setup reg-reg] _124800_/Q -> _119183_/D : -5.481049
[setup reg-reg] _124800_/Q -> _124816_/D : -5.474135
[setup reg-reg] _124800_/Q -> _119159_/D : -5.470227
[setup reg-reg] _124800_/Q -> _119155_/D : -5.463175
[setup reg-reg] _124800_/Q -> _119148_/D : -5.461807
[setup reg-reg] _124800_/Q -> _119156_/D : -5.444342
[setup reg-reg] _124800_/Q -> _119153_/D : -5.439699
[setup reg-reg] _124800_/Q -> _119160_/D : -5.439638
[setup reg-reg] _124800_/Q -> _123569_/D : -5.433140
[setup reg-reg] _124800_/Q -> _119157_/D : -5.430263
[setup reg-reg] _124800_/Q -> _125937_/D : -5.409589
[setup reg-reg] _124800_/Q -> _125951_/D : -5.370353
[setup reg-reg] _124800_/Q -> _124854_/D : -5.359837
[setup reg-reg] _124800_/Q -> _124862_/D : -5.355432
[setup reg-reg] _124800_/Q -> _124865_/D : -5.353343
[setup reg-reg] _124800_/Q -> _124868_/D : -5.353179
[setup reg-reg] _124800_/Q -> _127360_/D : -5.352614
[setup reg-reg] _124800_/Q -> _124866_/D : -5.350600
[setup reg-reg] _124800_/Q -> _124855_/D : -5.347733
[setup reg-reg] _124800_/Q -> _124858_/D : -5.345566
[setup reg-reg] _124800_/Q -> _124852_/D : -5.341772
[setup reg-reg] _124800_/Q -> _127921_/D : -5.339807
[setup reg-reg] _124800_/Q -> _124856_/D : -5.332627
[setup reg-reg] _124800_/Q -> _123568_/D : -5.331124
[setup reg-reg] _124800_/Q -> _124853_/D : -5.329351
[setup reg-reg] _124800_/Q -> _124870_/D : -5.328918
[setup reg-reg] _124800_/Q -> _125913_/D : -5.314501
[setup reg-reg] _124800_/Q -> _125925_/D : -5.311257
[setup reg-reg] _124800_/Q -> _125912_/D : -5.306472
[setup reg-reg] _124800_/Q -> _124860_/D : -5.292069
[setup reg-reg] _124800_/Q -> _124902_/D : -5.291667
[setup reg-reg] _124800_/Q -> _124766_/D : -5.286580
[setup reg-reg] _124800_/Q -> _124861_/D : -5.285848
[setup reg-reg] _124800_/Q -> _124869_/D : -5.284775
[setup reg-reg] _124800_/Q -> _124899_/D : -5.272614
[setup reg-reg] _124800_/Q -> _125970_/D : -5.269335
[setup reg-reg] _124800_/Q -> _124900_/D : -5.267910
[setup reg-reg] _124800_/Q -> _125982_/D : -5.255696
[setup reg-reg] _124800_/Q -> _124820_/D : -5.247742
[setup reg-reg] _124800_/Q -> _125946_/D : -5.246609
[setup reg-reg] _124800_/Q -> _124798_/D : -5.241834
[setup reg-reg] _124800_/Q -> _125981_/D : -5.241539
[setup reg-reg] _124800_/Q -> _127364_/D : -5.240565
[setup reg-reg] _124800_/Q -> _125973_/D : -5.238654
[setup reg-reg] _124800_/Q -> _125985_/D : -5.236132
[setup reg-reg] _124800_/Q -> _125972_/D : -5.235794
[setup reg-reg] _124800_/Q -> _125984_/D : -5.235301
[setup reg-reg] _124800_/Q -> _127357_/D : -5.234796
[setup reg-reg] _124800_/Q -> _125979_/D : -5.233844
[setup reg-reg] _124800_/Q -> _125974_/D : -5.221313
[setup reg-reg] _124800_/Q -> _125927_/D : -5.221136
[setup reg-reg] _124800_/Q -> _124754_/D : -5.214116
[setup reg-reg] _124800_/Q -> _124822_/D : -5.211699
[setup reg-reg] _124800_/Q -> _125909_/D : -5.211554
[setup reg-reg] _124800_/Q -> _124777_/D : -5.210410
[setup reg-reg] _124800_/Q -> _124906_/D : -5.204871
[setup reg-reg] _124800_/Q -> _125977_/D : -5.203528
[setup reg-reg] _124800_/Q -> _124795_/D : -5.199883
[setup reg-reg] _124800_/Q -> _125978_/D : -5.196352
[setup reg-reg] _124800_/Q -> _127909_/D : -5.190614
[setup reg-reg] _124800_/Q -> _125976_/D : -5.189897
[setup reg-reg] _124800_/Q -> _125975_/D : -5.186660
[setup reg-reg] _124800_/Q -> _124805_/D : -5.177793
[setup reg-reg] _124800_/Q -> _127923_/D : -5.159301
[setup reg-reg] _124800_/Q -> _124874_/D : -5.136578
[setup reg-reg] _124800_/Q -> _125971_/D : -5.127003
[setup reg-reg] _124800_/Q -> _125983_/D : -5.124623
[setup reg-reg] _124800_/Q -> _124804_/D : -5.122850
[setup reg-reg] _124800_/Q -> _125980_/D : -5.117471
[setup reg-reg] _124800_/Q -> _124873_/D : -5.111403
[setup reg-reg] _124800_/Q -> _124803_/D : -5.107495
[setup reg-reg] _124800_/Q -> _127363_/D : -5.095363
[setup reg-reg] _124800_/Q -> _123559_/D : -5.054677
[setup reg-reg] _124800_/Q -> _123562_/D : -5.050982
[setup reg-reg] _124800_/Q -> _127965_/D : -5.048552
[setup reg-reg] _124800_/Q -> _125933_/D : -5.041766
[setup reg-reg] _124800_/Q -> _125931_/D : -5.041674
[setup reg-reg] _124800_/Q -> _125943_/D : -5.039485
[setup reg-reg] _124800_/Q -> _125949_/D : -5.039109
[setup reg-reg] _124800_/Q -> _124769_/D : -5.036696
[setup reg-reg] _124800_/Q -> _124808_/D : -5.016290
[setup reg-reg] _124800_/Q -> _124792_/D : -5.015675
[setup reg-reg] _124800_/Q -> _125966_/D : -5.013600
[setup reg-reg] _124800_/Q -> _125914_/D : -5.013419
[setup reg-reg] _124800_/Q -> _125911_/D : -5.012076
[setup reg-reg] _124800_/Q -> _125930_/D : -4.998082
[setup reg-reg] _124800_/Q -> _125941_/D : -4.976201
[setup reg-reg] _124800_/Q -> _125939_/D : -4.971476
[setup reg-reg] _124800_/Q -> _125940_/D : -4.969905
[setup reg-reg] _124800_/Q -> _124825_/D : -4.964200
[setup reg-reg] _124800_/Q -> _124807_/D : -4.949964
[setup reg-reg] _124800_/Q -> _119281_/D : -4.892094
[setup reg-reg] _124800_/Q -> _119280_/D : -4.891049
[setup reg-reg] _124800_/Q -> _124783_/D : -4.884612
[setup reg-reg] _124800_/Q -> _124746_/D : -4.882629
[setup reg-reg] _124800_/Q -> _124793_/D : -4.882388
[setup reg-reg] _124800_/Q -> _124794_/D : -4.876974
[setup reg-reg] _124800_/Q -> _125969_/D : -4.875549
[setup reg-reg] _124800_/Q -> _125965_/D : -4.859860
[setup reg-reg] _124800_/Q -> _123546_/D : -4.857157
[setup reg-reg] _124800_/Q -> _125967_/D : -4.847468
[setup reg-reg] _124800_/Q -> _123543_/D : -4.841549
[setup reg-reg] _124800_/Q -> _123545_/D : -4.839734
[setup reg-reg] _124800_/Q -> _125964_/D : -4.836029
[setup reg-reg] _124800_/Q -> _124831_/D : -4.832757
[setup reg-reg] _124800_/Q -> _123549_/D : -4.825544
[setup reg-reg] _124800_/Q -> _125934_/D : -4.811145
[setup reg-reg] _124800_/Q -> _123615_/D : -4.807983
[setup reg-reg] _124800_/Q -> _123618_/D : -4.803891
[setup reg-reg] _124800_/Q -> _123548_/D : -4.802352
[setup reg-reg] _124800_/Q -> _125928_/D : -4.800342
[setup reg-reg] _124800_/Q -> _124904_/D : -4.799585
[setup reg-reg] _124800_/Q -> _125988_/D : -4.798924
[setup reg-reg] _124800_/Q -> _123617_/D : -4.775874
[setup reg-reg] _124800_/Q -> _125921_/D : -4.771160
[setup reg-reg] _124800_/Q -> _125918_/D : -4.753798
[setup reg-reg] _124800_/Q -> _125917_/D : -4.752274
[setup reg-reg] _124800_/Q -> _124768_/D : -4.740582
[setup reg-reg] _124800_/Q -> _124815_/D : -4.734780
[setup reg-reg] _124800_/Q -> _124760_/D : -4.730854
[setup reg-reg] _124800_/Q -> _125916_/D : -4.726381
[setup reg-reg] _124800_/Q -> _124836_/D : -4.722502
[setup reg-reg] _124800_/Q -> _124821_/D : -4.722292
[setup reg-reg] _124800_/Q -> _125919_/D : -4.720775
[setup reg-reg] _124800_/Q -> _124756_/D : -4.720718
[setup reg-reg] _124800_/Q -> _124757_/D : -4.718288
[setup reg-reg] _124800_/Q -> _125910_/D : -4.713204
[setup reg-reg] _124800_/Q -> _124903_/D : -4.670962
[setup reg-reg] _124800_/Q -> _127356_/D : -4.650321
[setup reg-reg] _124800_/Q -> _124775_/D : -4.625800
[setup reg-reg] _124800_/Q -> _124871_/D : -4.602271
[setup reg-reg] _124800_/Q -> _124878_/D : -4.597602
[setup reg-reg] _124800_/Q -> _124778_/D : -4.596849
[setup reg-reg] _124800_/Q -> _124797_/D : -4.595880
[setup reg-reg] _124800_/Q -> _124907_/D : -4.591002
[setup reg-reg] _124800_/Q -> _124872_/D : -4.590273
[setup reg-reg] _124800_/Q -> _124877_/D : -4.581125
[setup reg-reg] _124800_/Q -> _124887_/D : -4.573931
[setup reg-reg] _124800_/Q -> _125987_/D : -4.572556
[setup reg-reg] _124800_/Q -> _124881_/D : -4.567475
[setup reg-reg] _124800_/Q -> _125968_/D : -4.563653
[setup reg-reg] _124800_/Q -> _124796_/D : -4.556973
[setup reg-reg] _124800_/Q -> _124788_/D : -4.530286
[setup reg-reg] _124800_/Q -> _125959_/D : -4.503615
[setup reg-reg] _124800_/Q -> _124781_/D : -4.487422
[setup reg-reg] _124800_/Q -> _124782_/D : -4.480882
[setup reg-reg] _124800_/Q -> _124784_/D : -4.478690
[setup reg-reg] _124800_/Q -> _123558_/D : -4.475144
[setup reg-reg] _124800_/Q -> _124879_/D : -4.474899
[setup reg-reg] _124800_/Q -> _124780_/D : -4.469119
[setup reg-reg] _124800_/Q -> _124785_/D : -4.461587
[setup reg-reg] _124800_/Q -> _124802_/D : -4.429367
[setup reg-reg] _124800_/Q -> _125936_/D : -4.403709
[setup reg-reg] _124800_/Q -> _123556_/D : -4.389967
[setup reg-reg] _124800_/Q -> _123550_/D : -4.370890
[setup reg-reg] _124800_/Q -> _123567_/D : -4.369177
[setup reg-reg] _124800_/Q -> _123560_/D : -4.362200
[setup reg-reg] _124800_/Q -> _123561_/D : -4.356718
[setup reg-reg] _124800_/Q -> _123565_/D : -4.302105
[setup reg-reg] _124800_/Q -> _124832_/D : -4.301814
[setup reg-reg] _124800_/Q -> _123564_/D : -4.298755
[setup reg-reg] _124800_/Q -> _124835_/D : -4.298720
[setup reg-reg] _124800_/Q -> _123563_/D : -4.294030
[setup reg-reg] _124800_/Q -> _124833_/D : -4.280786
[setup reg-reg] _124800_/Q -> _123551_/D : -4.271914
[setup reg-reg] _124800_/Q -> _123553_/D : -4.241883
[setup reg-reg] _124800_/Q -> _123552_/D : -4.234707
[setup reg-reg] _124800_/Q -> _124823_/D : -4.229779
[setup reg-reg] _124800_/Q -> _124901_/D : -4.195506
[setup reg-reg] _124800_/Q -> _124896_/D : -4.184539
[setup reg-reg] _124800_/Q -> _124897_/D : -4.180315
[setup reg-reg] _124800_/Q -> _124898_/D : -4.159524
[setup reg-reg] _124800_/Q -> _124779_/D : -4.143974
[setup reg-reg] _124800_/Q -> _125989_/D : -4.119528
[setup reg-reg] _124800_/Q -> _127358_/D : -4.117276
[setup reg-reg] _124800_/Q -> _127378_/D : -4.108315
[setup reg-reg] _124800_/Q -> _124787_/D : -4.091575
[setup reg-reg] _124800_/Q -> _127362_/D : -4.063072
[setup reg-reg] _124800_/Q -> _124819_/D : -4.018947
[setup reg-reg] _124800_/Q -> _124767_/D : -3.983821
[setup reg-reg] _124800_/Q -> _128028_/D : -3.965180
[setup reg-reg] _124800_/Q -> _124880_/D : -3.949143
[setup reg-reg] _124800_/Q -> _124770_/D : -3.909587
[setup reg-reg] _124800_/Q -> _124894_/D : -3.883734
[setup reg-reg] _124800_/Q -> _124776_/D : -3.882654
[setup reg-reg] _124800_/Q -> _124789_/D : -3.865587
[setup reg-reg] _124800_/Q -> _123554_/D : -3.849905
[setup reg-reg] _124800_/Q -> _128031_/D : -3.847134
[setup reg-reg] _124800_/Q -> _124771_/D : -3.818080
[setup reg-reg] _124800_/Q -> _119277_/D : -3.810865
[setup reg-reg] _124800_/Q -> _124827_/D : -3.807642
[setup reg-reg] _124800_/Q -> _124826_/D : -3.806658
[setup reg-reg] _124800_/Q -> _124824_/D : -3.765283
[setup reg-reg] _124800_/Q -> _125986_/D : -3.746187
[setup reg-reg] _124800_/Q -> _119279_/D : -3.730690
[setup reg-reg] _124800_/Q -> _119278_/D : -3.729650
[setup reg-reg] _124800_/Q -> _124772_/D : -3.683045
[setup reg-reg] _124800_/Q -> _127383_/D : -3.605383
[setup reg-reg] _124800_/Q -> _119276_/D : -3.603340
[setup reg-reg] _124800_/Q -> _124773_/D : -3.569372
[setup reg-reg] _124800_/Q -> _124774_/D : -3.557009
[setup reg-reg] _124800_/Q -> _128029_/D : -3.504233
[setup reg-reg] _124800_/Q -> _128026_/D : -3.482299
[setup reg-reg] _124800_/Q -> _124791_/D : -3.328353
[setup reg-reg] _124800_/Q -> _124790_/D : -3.322732
[setup reg-reg] _124800_/Q -> _123588_/D : -3.220048
[setup reg-reg] _124800_/Q -> _123585_/D : -3.206690
[setup reg-reg] _124800_/Q -> _123589_/D : -3.196689
[setup reg-reg] _124800_/Q -> _123586_/D : -3.192351
[setup reg-reg] _124800_/Q -> _123587_/D : -3.190838
[setup reg-reg] _124800_/Q -> _124905_/D : -3.177046
[setup reg-reg] _124800_/Q -> _127384_/D : -3.161350
[setup reg-reg] _124800_/Q -> _128027_/D : -3.090961
[setup reg-reg] _124800_/Q -> _127371_/D : -3.043763
[setup reg-reg] _124800_/Q -> _124702_/D : -3.029523
[setup reg-reg] _124800_/Q -> _128025_/D : -3.023466
[setup reg-reg] _124800_/Q -> _127366_/D : -2.997346
[setup reg-reg] _124800_/Q -> _124806_/D : -2.958036
[setup reg-reg] _124800_/Q -> _119211_/D : -2.894300
[setup reg-reg] _124800_/Q -> _124595_/D : -2.822045
[setup reg-reg] _124800_/Q -> _127374_/D : -2.727614
[setup reg-reg] _124800_/Q -> _124800_/D : -2.715591
[setup reg-reg] _124800_/Q -> _118865_/D : -2.575771
[setup reg-reg] yz_bram_ctrl_inst.yz_ram.u_mem.u_mem.g_2k[0].u_cell.u_sram/dout1[31] -> _124075_/D : -2.464947
[setup reg-reg] yz_bram_ctrl_inst.yz_ram.u_mem.u_mem.g_2k[0].u_cell.u_sram/dout1[18] -> _123973_/D : -2.440157
[setup reg-reg] _124800_/Q -> _127373_/D : -2.415206
[setup reg-reg] _124800_/Q -> _124799_/D : -2.373575
[setup reg-reg] yz_bram_ctrl_inst.yz_ram.u_mem.u_mem.g_2k[0].u_cell.u_sram/dout1[30] -> _124077_/D : -2.304926
[setup reg-reg] yz_bram_ctrl_inst.yz_ram.u_mem.u_mem.g_2k[0].u_cell.u_sram/dout1[30] -> _124056_/D : -2.208562
[setup reg-reg] yz_bram_ctrl_inst.yz_ram.u_mem.u_mem.g_2k[0].u_cell.u_sram/dout1[30] -> _124076_/D : -2.199947
[setup reg-reg] _124800_/Q -> _124701_/D : -2.180372
[setup reg-reg] yz_bram_ctrl_inst.yz_ram.u_mem.u_mem.g_2k[0].u_cell.u_sram/dout1[30] -> _124060_/D : -2.177448
[setup reg-reg] yz_bram_ctrl_inst.yz_ram.u_mem.u_mem.g_2k[0].u_cell.u_sram/dout1[30] -> _124059_/D : -2.140499
[setup reg-reg] yz_bram_ctrl_inst.yz_ram.u_mem.u_mem.g_2k[0].u_cell.u_sram/dout1[24] -> _123958_/D : -2.124821
[setup reg-reg] yz_bram_ctrl_inst.yz_ram.u_mem.u_mem.g_2k[0].u_cell.u_sram/dout1[31] -> _124007_/D : -2.110173
[setup reg-reg] _124800_/Q -> _127379_/D : -2.066177
[setup reg-reg] yz_bram_ctrl_inst.yz_ram.u_mem.u_mem.g_2k[0].u_cell.u_sram/dout1[24] -> _124026_/D : -2.048306
[setup reg-reg] _124800_/Q -> _128035_/D : -2.037019
[setup reg-reg] yz_bram_ctrl_inst.yz_ram.u_mem.u_mem.g_2k[0].u_cell.u_sram/dout1[30] -> _124071_/D : -2.029282
[setup reg-reg] yz_bram_ctrl_inst.yz_ram.u_mem.u_mem.g_2k[0].u_cell.u_sram/dout1[18] -> _124041_/D : -2.016019
[setup reg-reg] _124800_/Q -> _123572_/D : -1.992035
[setup reg-reg] _124800_/Q -> _126054_/D : -1.987711
[setup reg-reg] _124800_/Q -> _126053_/D : -1.987338
[setup reg-reg] yz_bram_ctrl_inst.yz_ram.u_mem.u_mem.g_2k[0].u_cell.u_sram/dout1[29] -> _123990_/D : -1.971053
[setup reg-reg] yz_bram_ctrl_inst.yz_ram.u_mem.u_mem.g_2k[0].u_cell.u_sram/dout1[24] -> _124025_/D : -1.963141
[setup reg-reg] _124800_/Q -> _126055_/D : -1.947821
[setup reg-reg] yz_bram_ctrl_inst.yz_ram.u_mem.u_mem.g_2k[0].u_cell.u_sram/dout1[24] -> _123957_/D : -1.926647
[setup reg-reg] _124800_/Q -> _124801_/D : -1.890900
[setup reg-reg] conv_accelerator_inst.u_conv_buf_ram.u_mem.u_mem.g_2k[0].u_cell.u_sram/dout1[25] -> _123861_/D : -1.849724
[setup reg-reg] conv_accelerator_inst.u_conv_buf_ram.u_mem.u_mem.g_2k[0].u_cell.u_sram/dout1[25] -> _123860_/D : -1.822464
[setup reg-reg] yz_bram_ctrl_inst.yz_ram.u_mem.u_mem.g_2k[0].u_cell.u_sram/dout1[31] -> _124009_/D : -1.764398
[setup reg-reg] yz_bram_ctrl_inst.yz_ram.u_mem.u_mem.g_2k[0].u_cell.u_sram/dout1[31] -> _124008_/D : -1.762881
[setup reg-reg] yz_bram_ctrl_inst.yz_ram.u_mem.u_mem.g_2k[0].u_cell.u_sram/dout1[18] -> _123975_/D : -1.723624
[setup reg-reg] yz_bram_ctrl_inst.yz_ram.u_mem.u_mem.g_2k[0].u_cell.u_sram/dout1[29] -> _123992_/D : -1.721702
[setup reg-reg] yz_bram_ctrl_inst.yz_ram.u_mem.u_mem.g_2k[0].u_cell.u_sram/dout1[18] -> _123974_/D : -1.720267
[setup reg-reg] yz_bram_ctrl_inst.yz_ram.u_mem.u_mem.g_2k[0].u_cell.u_sram/dout1[29] -> _123991_/D : -1.712209
[setup reg-reg] yz_bram_ctrl_inst.yz_ram.u_mem.u_mem.g_2k[0].u_cell.u_sram/dout1[30] -> _124058_/D : -1.661437
[setup reg-reg] yz_bram_ctrl_inst.yz_ram.u_mem.u_mem.g_2k[0].u_cell.u_sram/dout1[30] -> _124074_/D : -1.628713
[setup reg-reg] yz_bram_ctrl_inst.yz_ram.u_mem.u_mem.g_2k[0].u_cell.u_sram/dout1[24] -> _123955_/D : -1.598991
[setup reg-reg] yz_bram_ctrl_inst.yz_ram.u_mem.u_mem.g_2k[0].u_cell.u_sram/dout1[18] -> _123971_/D : -1.591261
[setup reg-reg] yz_bram_ctrl_inst.yz_ram.u_mem.u_mem.g_2k[0].u_cell.u_sram/dout1[18] -> _124035_/D : -1.563642
[setup reg-reg] yz_bram_ctrl_inst.yz_ram.u_mem.u_mem.g_2k[0].u_cell.u_sram/dout1[29] -> _123986_/D : -1.562185
[setup reg-reg] yz_bram_ctrl_inst.yz_ram.u_mem.u_mem.g_2k[0].u_cell.u_sram/dout1[24] -> _123954_/D : -1.552085
[setup reg-reg] conv_accelerator_inst.u_conv_buf_ram.u_mem.u_mem.g_2k[0].u_cell.u_sram/dout1[9] -> _123895_/D : -1.522501
[setup reg-reg] yz_bram_ctrl_inst.yz_ram.u_mem.u_mem.g_2k[0].u_cell.u_sram/dout1[18] -> _123972_/D : -1.474003
[setup reg-reg] yz_bram_ctrl_inst.yz_ram.u_mem.u_mem.g_2k[0].u_cell.u_sram/dout1[30] -> _124052_/D : -1.375785
[setup reg-reg] yz_bram_ctrl_inst.yz_ram.u_mem.u_mem.g_2k[0].u_cell.u_sram/dout1[29] -> _123984_/D : -1.334268
[setup reg-reg] conv_accelerator_inst.u_conv_buf_ram.u_mem.u_mem.g_2k[0].u_cell.u_sram/dout1[9] -> _123891_/D : -1.318387
[setup reg-reg] yz_bram_ctrl_inst.yz_ram.u_mem.u_mem.g_2k[0].u_cell.u_sram/dout1[24] -> _124024_/D : -1.300702
[setup reg-reg] yz_bram_ctrl_inst.yz_ram.u_mem.u_mem.g_2k[0].u_cell.u_sram/dout1[31] -> _124073_/D : -1.291390
[setup reg-reg] yz_bram_ctrl_inst.yz_ram.u_mem.u_mem.g_2k[0].u_cell.u_sram/dout1[31] -> _124001_/D : -1.251134
[setup reg-reg] yz_bram_ctrl_inst.yz_ram.u_mem.u_mem.g_2k[0].u_cell.u_sram/dout1[31] -> _124003_/D : -1.247578
[setup reg-reg] yz_bram_ctrl_inst.yz_ram.u_mem.u_mem.g_2k[0].u_cell.u_sram/dout1[24] -> _123956_/D : -1.246061
[setup reg-reg] conv_accelerator_inst.u_conv_buf_ram.u_mem.u_mem.g_2k[0].u_cell.u_sram/dout1[9] -> _123894_/D : -1.235858
[setup reg-reg] conv_accelerator_inst.u_conv_buf_ram.u_mem.u_mem.g_2k[0].u_cell.u_sram/dout1[9] -> _123892_/D : -1.207003
[setup reg-reg] yz_bram_ctrl_inst.yz_ram.u_mem.u_mem.g_2k[0].u_cell.u_sram/dout1[18] -> _124039_/D : -1.195215
[setup reg-reg] yz_bram_ctrl_inst.yz_ram.u_mem.u_mem.g_2k[0].u_cell.u_sram/dout1[18] -> _124042_/D : -1.173095
[setup reg-reg] conv_accelerator_inst.u_conv_buf_ram.u_mem.u_mem.g_2k[0].u_cell.u_sram/dout1[29] -> _123878_/D : -1.168502
[setup reg-reg] yz_bram_ctrl_inst.yz_ram.u_mem.u_mem.g_2k[0].u_cell.u_sram/dout1[18] -> _124043_/D : -1.167738
[setup reg-reg] yz_bram_ctrl_inst.yz_ram.u_mem.u_mem.g_2k[0].u_cell.u_sram/dout1[18] -> _124040_/D : -1.162288
[setup reg-reg] conv_accelerator_inst.u_conv_buf_ram.u_mem.u_mem.g_2k[0].u_cell.u_sram/dout1[29] -> _123877_/D : -1.162192
[setup reg-reg] conv_accelerator_inst.u_conv_buf_ram.u_mem.u_mem.g_2k[0].u_cell.u_sram/dout1[25] -> _123859_/D : -1.110607
[setup reg-reg] _124800_/Q -> _126095_/D : -1.063878
[setup reg-reg] yz_bram_ctrl_inst.yz_ram.u_mem.u_mem.g_2k[0].u_cell.u_sram/dout1[29] -> _123989_/D : -1.021569
[setup reg-reg] yz_bram_ctrl_inst.yz_ram.u_mem.u_mem.g_2k[0].u_cell.u_sram/dout1[29] -> _123988_/D : -1.020560
[setup reg-reg] yz_bram_ctrl_inst.yz_ram.u_mem.u_mem.g_2k[0].u_cell.u_sram/dout1[30] -> _124072_/D : -1.004707
[setup reg-reg] yz_bram_ctrl_inst.yz_ram.u_mem.u_mem.g_2k[0].u_cell.u_sram/dout1[30] -> _124057_/D : -0.987843
[setup reg-reg] yz_bram_ctrl_inst.yz_ram.u_mem.u_mem.g_2k[0].u_cell.u_sram/dout1[24] -> _123951_/D : -0.979355
[setup reg-reg] yz_bram_ctrl_inst.yz_ram.u_mem.u_mem.g_2k[0].u_cell.u_sram/dout1[30] -> _124068_/D : -0.937870
[setup reg-reg] _124800_/Q -> _126098_/D : -0.935760
[setup reg-reg] _124800_/Q -> _126097_/D : -0.929838
[setup reg-reg] yz_bram_ctrl_inst.yz_ram.u_mem.u_mem.g_2k[0].u_cell.u_sram/dout1[31] -> _124005_/D : -0.903111
[setup reg-reg] yz_bram_ctrl_inst.yz_ram.u_mem.u_mem.g_2k[0].u_cell.u_sram/dout1[31] -> _124006_/D : -0.853561
[setup reg-reg] yz_bram_ctrl_inst.yz_ram.u_mem.u_mem.g_2k[0].u_cell.u_sram/dout1[24] -> _124018_/D : -0.837620
[setup reg-reg] _124800_/Q -> _125997_/D : -0.824969
[setup reg-reg] _124800_/Q -> _126057_/D : -0.818606
[setup reg-reg] _124800_/Q -> _126056_/D : -0.810712
[setup reg-reg] _124800_/Q -> _119195_/D : -0.810065
[setup reg-reg] _124800_/Q -> _125990_/D : -0.787964
[setup reg-reg] _124800_/Q -> _126094_/D : -0.783704
[setup reg-reg] _124800_/Q -> _126051_/D : -0.774165
[setup reg-reg] _124800_/Q -> _125995_/D : -0.768413
[setup reg-reg] _124800_/Q -> _125996_/D : -0.764963
[setup reg-reg] yz_bram_ctrl_inst.yz_ram.u_mem.u_mem.g_2k[0].u_cell.u_sram/dout1[18] -> _123967_/D : -0.759901
[setup reg-reg] _124800_/Q -> _125991_/D : -0.751562
[setup reg-reg] _124800_/Q -> _125992_/D : -0.749537
[setup reg-reg] _124800_/Q -> _125994_/D : -0.734978
[setup reg-reg] _124800_/Q -> _119194_/D : -0.716231
[setup reg-reg] _124800_/Q -> _126006_/D : -0.701952
[setup reg-reg] _124800_/Q -> _119196_/D : -0.695671
[setup reg-reg] _124800_/Q -> _126001_/D : -0.694275
[setup reg-reg] _124800_/Q -> _126009_/D : -0.684121
[setup reg-reg] yz_bram_ctrl_inst.yz_ram.u_mem.u_mem.g_2k[0].u_cell.u_sram/dout1[24] -> _123950_/D : -0.678348
[setup reg-reg] _124800_/Q -> _126004_/D : -0.672756
[setup reg-reg] yz_bram_ctrl_inst.yz_ram.u_mem.u_mem.g_2k[0].u_cell.u_sram/dout1[24] -> _124020_/D : -0.662961
[setup reg-reg] yz_bram_ctrl_inst.yz_ram.u_mem.u_mem.g_2k[0].u_cell.u_sram/dout1[18] -> _123970_/D : -0.637378
[setup reg-reg] conv_accelerator_inst.u_conv_buf_ram.u_mem.u_mem.g_2k[0].u_cell.u_sram/dout1[29] -> _123876_/D : -0.616119
[setup reg-reg] _124800_/Q -> _126005_/D : -0.609997
[setup reg-reg] _124800_/Q -> _126010_/D : -0.605066
[setup reg-reg] _124800_/Q -> _126007_/D : -0.603468
[setup reg-reg] _124800_/Q -> _119193_/D : -0.554824
[setup reg-reg] yz_bram_ctrl_inst.yz_ram.u_mem.u_mem.g_2k[0].u_cell.u_sram/dout1[30] -> _124055_/D : -0.548489
[setup reg-reg] yz_bram_ctrl_inst.yz_ram.u_mem.u_mem.g_2k[0].u_cell.u_sram/dout1[24] -> _123952_/D : -0.536296
[setup reg-reg] yz_bram_ctrl_inst.yz_ram.u_mem.u_mem.g_2k[0].u_cell.u_sram/dout1[29] -> _123987_/D : -0.498247
[setup reg-reg] yz_bram_ctrl_inst.yz_ram.u_mem.u_mem.g_2k[0].u_cell.u_sram/dout1[18] -> _123969_/D : -0.495632
[setup reg-reg] yz_bram_ctrl_inst.yz_ram.u_mem.u_mem.g_2k[0].u_cell.u_sram/dout1[24] -> _124022_/D : -0.487468
[setup reg-reg] yz_bram_ctrl_inst.yz_ram.u_mem.u_mem.g_2k[0].u_cell.u_sram/dout1[31] -> _124069_/D : -0.471022
[setup reg-reg] yz_bram_ctrl_inst.yz_ram.u_mem.u_mem.g_2k[0].u_cell.u_sram/dout1[24] -> _124023_/D : -0.455984
[setup reg-reg] yz_bram_ctrl_inst.yz_ram.u_mem.u_mem.g_2k[0].u_cell.u_sram/dout1[30] -> _124054_/D : -0.397524
[setup reg-reg] _124800_/Q -> _125999_/D : -0.384986
[setup reg-reg] _124800_/Q -> _126013_/D : -0.377646
[setup reg-reg] _124800_/Q -> _126000_/D : -0.376176
[setup reg-reg] _124800_/Q -> _126003_/D : -0.339295
[setup reg-reg] _124800_/Q -> _125998_/D : -0.330939
[setup reg-reg] _124800_/Q -> _126012_/D : -0.327024
[setup reg-reg] _124800_/Q -> _126011_/D : -0.321432
[setup reg-reg] yz_bram_ctrl_inst.yz_ram.u_mem.u_mem.g_2k[0].u_cell.u_sram/dout1[18] -> _124038_/D : -0.318593
[setup reg-reg] _124800_/Q -> _126002_/D : -0.303444
[setup reg-reg] yz_bram_ctrl_inst.yz_ram.u_mem.u_mem.g_2k[0].u_cell.u_sram/dout1[30] -> _123999_/D : -0.295636
[setup reg-reg] yz_bram_ctrl_inst.yz_ram.u_mem.u_mem.g_2k[0].u_cell.u_sram/dout1[30] -> _124070_/D : -0.247777
[setup reg-reg] yz_bram_ctrl_inst.yz_ram.u_mem.u_mem.g_2k[0].u_cell.u_sram/dout1[31] -> _124004_/D : -0.213284
[setup reg-reg] conv_accelerator_inst.u_conv_buf_ram.u_mem.u_mem.g_2k[0].u_cell.u_sram/dout1[9] -> _123893_/D : -0.199940
[setup reg-reg] yz_bram_ctrl_inst.yz_ram.u_mem.u_mem.g_2k[0].u_cell.u_sram/dout1[24] -> _124017_/D : -0.196628
[setup reg-reg] yz_bram_ctrl_inst.yz_ram.u_mem.u_mem.g_2k[0].u_cell.u_sram/dout1[18] -> _123968_/D : -0.099824
[setup reg-reg] yz_bram_ctrl_inst.yz_ram.u_mem.u_mem.g_2k[0].u_cell.u_sram/dout1[18] -> _124037_/D : -0.075193
[setup reg-reg] yz_bram_ctrl_inst.yz_ram.u_mem.u_mem.g_2k[0].u_cell.u_sram/dout1[18] -> _123965_/D : -0.061330
[setup reg-reg] conv_accelerator_inst.u_conv_buf_ram.u_mem.u_mem.g_2k[0].u_cell.u_sram/dout1[9] -> _123843_/D : -0.038202
[setup reg-reg] _124800_/Q -> _126111_/D : -0.004491
