Clock: clk_i
Sources: clk_i 
Generated: no
Virtual: yes
Propagated: no
Period: 35.714283

===========================================================================
report_clock_properties
============================================================================
Clock                   Period          Waveform
----------------------------------------------------
clk_i                35.714283    0.000000 17.857141

===========================================================================
report_clock_latency
============================================================================
Clock clk_i
rise -> rise
    min     max
0.000000 0.000000 source latency
2.459632         network latency conv_accelerator_inst.u_conv_buf_ram.u_mem.u_mem.g_2k[1].u_cell.u_sram/clk1
        4.235293 network latency _129120_/CLK
---------------
2.459632 4.235293 latency
        1.775661 skew

fall -> fall
    min     max
0.000000 0.000000 source latency
2.369040         network latency conv_accelerator_inst.u_conv_buf_ram.u_mem.u_mem.g_2k[1].u_cell.u_sram/clk0
        3.953783 network latency _129120_/CLK
---------------
2.369040 3.953783 latency
        1.584743 skew



===========================================================================
report_clock_min_period
============================================================================
clk_i period_min = 17.45 fmax = 57.32
