┏━━━━━━━━━━━━━━━━━━━━━━┳━━━━━━━━━━┳━━━━━━━━━━┳━━━━━━━━━━┳━━━━━━━━━━┳━━━━━━━━━━━┳━━━━━━━━━━┳━━━━━━━━━━━┳━━━━━━━━━━┳━━━━━━━━━━━┳━━━━━━━━━━┳━━━━━━━━━━━┳━━━━━━━━━━┓
┃                      ┃ Hold     ┃ Reg to   ┃          ┃          ┃ of which  ┃ Setup    ┃           ┃          ┃           ┃ of which ┃           ┃          ┃
┃                      ┃ Worst    ┃ Reg      ┃          ┃ Hold Vio ┃ reg to    ┃ Worst    ┃ Reg to    ┃ Setup    ┃ Setup Vio ┃ reg to   ┃ Max Cap   ┃ Max Slew ┃
┃ Corner/Group         ┃ Slack    ┃ Paths    ┃ Hold TNS ┃ Count    ┃ reg       ┃ Slack    ┃ Reg Paths ┃ TNS      ┃ Count     ┃ reg      ┃ Violatio… ┃ Violati… ┃
┡━━━━━━━━━━━━━━━━━━━━━━╇━━━━━━━━━━╇━━━━━━━━━━╇━━━━━━━━━━╇━━━━━━━━━━╇━━━━━━━━━━━╇━━━━━━━━━━╇━━━━━━━━━━━╇━━━━━━━━━━╇━━━━━━━━━━━╇━━━━━━━━━━╇━━━━━━━━━━━╇━━━━━━━━━━┩
│ Overall              │ 0.1924   │ 0.1924   │ 0.0000   │ 0        │ 0         │ 2.1001   │ 2.1001    │ 0.0000   │ 0         │ 0        │ 2858      │ 32763    │
│ nom_tt_025C_1v80     │ 0.4612   │ 0.4612   │ 0.0000   │ 0        │ 0         │ 15.2286  │ 15.2286   │ 0.0000   │ 0         │ 0        │ 2199      │ 5285     │
│ nom_ss_100C_1v60     │ 1.3081   │ 1.3081   │ 0.0000   │ 0        │ 0         │ 3.5468   │ 3.5468    │ 0.0000   │ 0         │ 0        │ 2342      │ 28543    │
│ nom_ff_n40C_1v95     │ 0.2094   │ 0.2094   │ 0.0000   │ 0        │ 0         │ 18.1798  │ 18.1798   │ 0.0000   │ 0         │ 0        │ 2199      │ 1520     │
│ min_tt_025C_1v80     │ 0.5316   │ 0.5316   │ 0.0000   │ 0        │ 0         │ 15.5083  │ 15.5083   │ 0.0000   │ 0         │ 0        │ 1774      │ 3269     │
│ min_ss_100C_1v60     │ 1.4041   │ 1.4041   │ 0.0000   │ 0        │ 0         │ 4.9902   │ 4.9902    │ 0.0000   │ 0         │ 0        │ 1840      │ 23805    │
│ min_ff_n40C_1v95     │ 0.2700   │ 0.2700   │ 0.0000   │ 0        │ 0         │ 18.4885  │ 18.4885   │ 0.0000   │ 0         │ 0        │ 1776      │ 765      │
│ max_tt_025C_1v80     │ 0.4793   │ 0.4793   │ 0.0000   │ 0        │ 0         │ 15.0366  │ 15.0366   │ 0.0000   │ 0         │ 0        │ 2629      │ 7702     │
│ max_ss_100C_1v60     │ 1.3421   │ 1.3421   │ 0.0000   │ 0        │ 0         │ 2.1001   │ 2.1001    │ 0.0000   │ 0         │ 0        │ 2858      │ 32763    │
│ max_ff_n40C_1v95     │ 0.1924   │ 0.1924   │ 0.0000   │ 0        │ 0         │ 17.9373  │ 17.9373   │ 0.0000   │ 0         │ 0        │ 2631      │ 2549     │
└──────────────────────┴──────────┴──────────┴──────────┴──────────┴───────────┴──────────┴───────────┴──────────┴───────────┴──────────┴───────────┴──────────┘
