
===========================================================================
 report_power
============================================================================
======================= min_ff_n40C_1v95 Corner ===================================

Group                    Internal    Switching      Leakage        Total
                            Power        Power        Power        Power (Watts)
------------------------------------------------------------------------
Sequential           1.214080e-02 1.809822e-06 2.038055e-07 1.214281e-02  27.5%
Combinational        1.758913e-05 2.011446e-05 2.325800e-06 4.002940e-05   0.1%
Clock                3.104699e-03 5.825789e-03 5.225534e-07 8.931011e-03  20.3%
Macro                2.272560e-02 0.000000e+00 2.576800e-04 2.298328e-02  52.1%
Pad                  0.000000e+00 0.000000e+00 0.000000e+00 0.000000e+00   0.0%
------------------------------------------------------------------------
Total                3.798868e-02 5.847714e-03 2.607884e-04 4.409719e-02 100.0%
                            86.1%        13.3%         0.6%

