┏━━━━━━━━━━━━━━━━━━━━━━┳━━━━━━━━━━┳━━━━━━━━━━┳━━━━━━━━━━┳━━━━━━━━━━┳━━━━━━━━━━━┳━━━━━━━━━━┳━━━━━━━━━━━┳━━━━━━━━━━┳━━━━━━━━━━━┳━━━━━━━━━━┳━━━━━━━━━━━┳━━━━━━━━━━┓
┃                      ┃ Hold     ┃ Reg to   ┃          ┃          ┃ of which  ┃ Setup    ┃           ┃          ┃           ┃ of which ┃           ┃          ┃
┃                      ┃ Worst    ┃ Reg      ┃          ┃ Hold Vio ┃ reg to    ┃ Worst    ┃ Reg to    ┃ Setup    ┃ Setup Vio ┃ reg to   ┃ Max Cap   ┃ Max Slew ┃
┃ Corner/Group         ┃ Slack    ┃ Paths    ┃ Hold TNS ┃ Count    ┃ reg       ┃ Slack    ┃ Reg Paths ┃ TNS      ┃ Count     ┃ reg      ┃ Violatio… ┃ Violati… ┃
┡━━━━━━━━━━━━━━━━━━━━━━╇━━━━━━━━━━╇━━━━━━━━━━╇━━━━━━━━━━╇━━━━━━━━━━╇━━━━━━━━━━━╇━━━━━━━━━━╇━━━━━━━━━━━╇━━━━━━━━━━╇━━━━━━━━━━━╇━━━━━━━━━━╇━━━━━━━━━━━╇━━━━━━━━━━┩
│ Overall              │ -0.0636  │ -0.0636  │ -0.3423  │ 28       │ 28        │ 6.4016   │ 6.4016    │ 0.0000   │ 0         │ 0        │ 600       │ 910      │
│ nom_tt_025C_1v80     │ 0.0909   │ 0.0909   │ 0.0000   │ 0        │ 0         │ 12.5822  │ 12.5822   │ 0.0000   │ 0         │ 0        │ 182       │ 363      │
│ nom_ss_100C_1v60     │ 0.5562   │ 0.5562   │ 0.0000   │ 0        │ 0         │ 6.5499   │ 6.5499    │ 0.0000   │ 0         │ 0        │ 181       │ 443      │
│ nom_ff_n40C_1v95     │ -0.0495  │ -0.0495  │ -0.1810  │ 9        │ 9         │ 14.8342  │ 14.8342   │ 0.0000   │ 0         │ 0        │ 183       │ 354      │
│ min_tt_025C_1v80     │ 0.1300   │ 0.1300   │ 0.0000   │ 0        │ 0         │ 12.7331  │ 12.7331   │ 0.0000   │ 0         │ 0        │ 99        │ 355      │
│ min_ss_100C_1v60     │ 0.6228   │ 0.6228   │ 0.0000   │ 0        │ 0         │ 6.8662   │ 6.8662    │ 0.0000   │ 0         │ 0        │ 99        │ 406      │
│ min_ff_n40C_1v95     │ -0.0209  │ -0.0209  │ -0.0283  │ 2        │ 2         │ 14.9853  │ 14.9853   │ 0.0000   │ 0         │ 0        │ 99        │ 348      │
│ max_tt_025C_1v80     │ 0.0726   │ 0.0726   │ 0.0000   │ 0        │ 0         │ 12.4708  │ 12.4708   │ 0.0000   │ 0         │ 0        │ 593       │ 367      │
│ max_ss_100C_1v60     │ 0.5314   │ 0.5314   │ 0.0000   │ 0        │ 0         │ 6.4016   │ 6.4016    │ 0.0000   │ 0         │ 0        │ 589       │ 910      │
│ max_ff_n40C_1v95     │ -0.0636  │ -0.0636  │ -0.3423  │ 17       │ 17        │ 14.7169  │ 14.7169   │ 0.0000   │ 0         │ 0        │ 600       │ 359      │
└──────────────────────┴──────────┴──────────┴──────────┴──────────┴───────────┴──────────┴───────────┴──────────┴───────────┴──────────┴───────────┴──────────┘
