┏━━━━━━━━━━━━━━━━━━━━━━┳━━━━━━━━━━┳━━━━━━━━━━┳━━━━━━━━━━┳━━━━━━━━━━┳━━━━━━━━━━━┳━━━━━━━━━━┳━━━━━━━━━━━┳━━━━━━━━━━┳━━━━━━━━━━━┳━━━━━━━━━━┳━━━━━━━━━━━┳━━━━━━━━━━┓
┃                      ┃ Hold     ┃ Reg to   ┃          ┃          ┃ of which  ┃ Setup    ┃           ┃          ┃           ┃ of which ┃           ┃          ┃
┃                      ┃ Worst    ┃ Reg      ┃          ┃ Hold Vio ┃ reg to    ┃ Worst    ┃ Reg to    ┃ Setup    ┃ Setup Vio ┃ reg to   ┃ Max Cap   ┃ Max Slew ┃
┃ Corner/Group         ┃ Slack    ┃ Paths    ┃ Hold TNS ┃ Count    ┃ reg       ┃ Slack    ┃ Reg Paths ┃ TNS      ┃ Count     ┃ reg      ┃ Violatio… ┃ Violati… ┃
┡━━━━━━━━━━━━━━━━━━━━━━╇━━━━━━━━━━╇━━━━━━━━━━╇━━━━━━━━━━╇━━━━━━━━━━╇━━━━━━━━━━━╇━━━━━━━━━━╇━━━━━━━━━━━╇━━━━━━━━━━╇━━━━━━━━━━━╇━━━━━━━━━━╇━━━━━━━━━━━╇━━━━━━━━━━┩
│ Overall              │ 0.0570   │ 0.0570   │ 0.0000   │ 0        │ 0         │ 3.0717   │ 3.0717    │ 0.0000   │ 0         │ 0        │ 589       │ 991      │
│ nom_tt_025C_1v80     │ 0.2369   │ 0.2369   │ 0.0000   │ 0        │ 0         │ 10.5530  │ 10.5530   │ 0.0000   │ 0         │ 0        │ 181       │ 358      │
│ nom_ss_100C_1v60     │ 0.7404   │ 0.7404   │ 0.0000   │ 0        │ 0         │ 3.5330   │ 3.5330    │ 0.0000   │ 0         │ 0        │ 179       │ 510      │
│ nom_ff_n40C_1v95     │ 0.0587   │ 0.0587   │ 0.0000   │ 0        │ 0         │ 12.8200  │ 12.8200   │ 0.0000   │ 0         │ 0        │ 184       │ 353      │
│ min_tt_025C_1v80     │ 0.2348   │ 0.2348   │ 0.0000   │ 0        │ 0         │ 10.7191  │ 10.7191   │ 0.0000   │ 0         │ 0        │ 100       │ 350      │
│ min_ss_100C_1v60     │ 0.7355   │ 0.7355   │ 0.0000   │ 0        │ 0         │ 4.0227   │ 4.0227    │ 0.0000   │ 0         │ 0        │ 101       │ 418      │
│ min_ff_n40C_1v95     │ 0.0570   │ 0.0570   │ 0.0000   │ 0        │ 0         │ 12.9760  │ 12.9760   │ 0.0000   │ 0         │ 0        │ 100       │ 348      │
│ max_tt_025C_1v80     │ 0.2395   │ 0.2395   │ 0.0000   │ 0        │ 0         │ 10.4240  │ 10.4240   │ 0.0000   │ 0         │ 0        │ 585       │ 371      │
│ max_ss_100C_1v60     │ 0.7455   │ 0.7455   │ 0.0000   │ 0        │ 0         │ 3.0717   │ 3.0717    │ 0.0000   │ 0         │ 0        │ 583       │ 991      │
│ max_ff_n40C_1v95     │ 0.0610   │ 0.0610   │ 0.0000   │ 0        │ 0         │ 12.6937  │ 12.6937   │ 0.0000   │ 0         │ 0        │ 589       │ 361      │
└──────────────────────┴──────────┴──────────┴──────────┴──────────┴───────────┴──────────┴───────────┴──────────┴───────────┴──────────┴───────────┴──────────┘
