┏━━━━━━━━━━━━━━━━━━━━━━┳━━━━━━━━━━┳━━━━━━━━━━┳━━━━━━━━━━┳━━━━━━━━━━┳━━━━━━━━━━━┳━━━━━━━━━━┳━━━━━━━━━━━┳━━━━━━━━━━┳━━━━━━━━━━━┳━━━━━━━━━━┳━━━━━━━━━━━┳━━━━━━━━━━┓
┃                      ┃ Hold     ┃ Reg to   ┃          ┃          ┃ of which  ┃ Setup    ┃           ┃          ┃           ┃ of which ┃           ┃          ┃
┃                      ┃ Worst    ┃ Reg      ┃          ┃ Hold Vio ┃ reg to    ┃ Worst    ┃ Reg to    ┃ Setup    ┃ Setup Vio ┃ reg to   ┃ Max Cap   ┃ Max Slew ┃
┃ Corner/Group         ┃ Slack    ┃ Paths    ┃ Hold TNS ┃ Count    ┃ reg       ┃ Slack    ┃ Reg Paths ┃ TNS      ┃ Count     ┃ reg      ┃ Violatio… ┃ Violati… ┃
┡━━━━━━━━━━━━━━━━━━━━━━╇━━━━━━━━━━╇━━━━━━━━━━╇━━━━━━━━━━╇━━━━━━━━━━╇━━━━━━━━━━━╇━━━━━━━━━━╇━━━━━━━━━━━╇━━━━━━━━━━╇━━━━━━━━━━━╇━━━━━━━━━━╇━━━━━━━━━━━╇━━━━━━━━━━┩
│ Overall              │ 0.1423   │ 0.1423   │ 0.0000   │ 0        │ 0         │ -0.2922  │ -0.2922   │ -2.0232  │ 13        │ 13       │ 640       │ 1019     │
│ nom_tt_025C_1v80     │ 0.3743   │ 0.3743   │ 0.0000   │ 0        │ 0         │ 11.3375  │ 11.3375   │ 0.0000   │ 0         │ 0        │ 157       │ 365      │
│ nom_ss_100C_1v60     │ 0.9926   │ 0.9926   │ 0.0000   │ 0        │ 0         │ 0.3311   │ 0.3311    │ 0.0000   │ 0         │ 0        │ 156       │ 514      │
│ nom_ff_n40C_1v95     │ 0.1484   │ 0.1484   │ 0.0000   │ 0        │ 0         │ 13.7186  │ 13.7186   │ 0.0000   │ 0         │ 0        │ 157       │ 353      │
│ min_tt_025C_1v80     │ 0.3652   │ 0.3652   │ 0.0000   │ 0        │ 0         │ 11.5165  │ 11.5165   │ 0.0000   │ 0         │ 0        │ 75        │ 353      │
│ min_ss_100C_1v60     │ 0.9766   │ 0.9766   │ 0.0000   │ 0        │ 0         │ 0.9689   │ 0.9689    │ 0.0000   │ 0         │ 0        │ 73        │ 419      │
│ min_ff_n40C_1v95     │ 0.1423   │ 0.1423   │ 0.0000   │ 0        │ 0         │ 13.8730  │ 13.8730   │ 0.0000   │ 0         │ 0        │ 75        │ 350      │
│ max_tt_025C_1v80     │ 0.3862   │ 0.3862   │ 0.0000   │ 0        │ 0         │ 11.2380  │ 11.2380   │ 0.0000   │ 0         │ 0        │ 633       │ 377      │
│ max_ss_100C_1v60     │ 1.0128   │ 1.0128   │ 0.0000   │ 0        │ 0         │ -0.2922  │ -0.2922   │ -2.0232  │ 13        │ 13       │ 628       │ 1019     │
│ max_ff_n40C_1v95     │ 0.1563   │ 0.1563   │ 0.0000   │ 0        │ 0         │ 13.6196  │ 13.6196   │ 0.0000   │ 0         │ 0        │ 640       │ 363      │
└──────────────────────┴──────────┴──────────┴──────────┴──────────┴───────────┴──────────┴───────────┴──────────┴───────────┴──────────┴───────────┴──────────┘
