
===========================================================================
 report_power
============================================================================
======================= max_tt_025C_1v80 Corner ===================================

Group                    Internal    Switching      Leakage        Total
                            Power        Power        Power        Power (Watts)
------------------------------------------------------------------------
Sequential           1.063936e-02 3.805999e-07 9.796268e-08 1.063984e-02  25.4%
Combinational        1.564104e-05 2.302233e-05 6.378576e-07 3.930123e-05   0.1%
Clock                2.661471e-03 5.544961e-03 4.228966e-07 8.206855e-03  19.6%
Macro                2.272560e-02 0.000000e+00 2.576800e-04 2.298328e-02  54.9%
Pad                  0.000000e+00 0.000000e+00 0.000000e+00 0.000000e+00   0.0%
------------------------------------------------------------------------
Total                3.604207e-02 5.568361e-03 2.586666e-04 4.186910e-02 100.0%
                            86.1%        13.3%         0.6%

