
===========================================================================
 report_power
============================================================================
======================= max_tt_025C_1v80 Corner ===================================

Group                    Internal    Switching      Leakage        Total
                            Power        Power        Power        Power (Watts)
------------------------------------------------------------------------
Sequential           1.044410e-02 1.713876e-06 9.587848e-08 1.044591e-02  25.1%
Combinational        1.539057e-05 1.921033e-05 6.408099e-07 3.524171e-05   0.1%
Clock                2.727390e-03 5.430443e-03 4.212744e-07 8.158254e-03  19.6%
Macro                2.272560e-02 0.000000e+00 2.576800e-04 2.298328e-02  55.2%
Pad                  0.000000e+00 0.000000e+00 0.000000e+00 0.000000e+00   0.0%
------------------------------------------------------------------------
Total                3.591248e-02 5.451369e-03 2.586633e-04 4.162251e-02 100.0%
                            86.3%        13.1%         0.6%

