
===========================================================================
Violator List
============================================================================
[hold reg-reg] _127310_/Q -> yz_bram_ctrl_inst.yz_ram.u_mem.u_mem.g_2k[3].u_cell.u_sram/csb0 : -0.051998
[hold reg-reg] _124091_/Q -> yz_bram_ctrl_inst.yz_ram.u_mem.u_mem.g_2k[2].u_cell.u_sram/csb1 : -0.048415
[hold reg-reg] _127823_/Q -> conv_accelerator_inst.u_conv_buf_ram.u_mem.u_mem.g_2k[1].u_cell.u_sram/csb0 : -0.008478
[setup reg-reg] _124800_/Q -> _124714_/D : -7.444456
[setup reg-reg] _124800_/Q -> _124718_/D : -7.210353
[setup reg-reg] _124800_/Q -> _124724_/D : -7.147182
[setup reg-reg] _124800_/Q -> _124733_/D : -7.138514
[setup reg-reg] _124800_/Q -> _124727_/D : -7.126864
[setup reg-reg] _124800_/Q -> _124722_/D : -7.122076
[setup reg-reg] _124800_/Q -> _124723_/D : -7.111204
[setup reg-reg] _124800_/Q -> _124719_/D : -7.109105
[setup reg-reg] _124800_/Q -> _124725_/D : -7.106401
[setup reg-reg] _124800_/Q -> _124729_/D : -7.103633
[setup reg-reg] _124800_/Q -> _124732_/D : -7.101335
[setup reg-reg] _124800_/Q -> _124728_/D : -7.089721
[setup reg-reg] _124800_/Q -> _124721_/D : -7.055672
[setup reg-reg] _124800_/Q -> _124720_/D : -7.053149
[setup reg-reg] _124800_/Q -> _124712_/D : -7.036675
[setup reg-reg] _124800_/Q -> _124730_/D : -7.003933
[setup reg-reg] _124800_/Q -> _124710_/D : -6.999681
[setup reg-reg] _124800_/Q -> _124713_/D : -6.995904
[setup reg-reg] _124800_/Q -> _124709_/D : -6.993801
[setup reg-reg] _124800_/Q -> _119145_/D : -6.915254
[setup reg-reg] _124800_/Q -> _119154_/D : -6.908241
[setup reg-reg] _124800_/Q -> _119161_/D : -6.903086
[setup reg-reg] _124800_/Q -> _119134_/D : -6.901967
[setup reg-reg] _124800_/Q -> _119150_/D : -6.900596
[setup reg-reg] _124800_/Q -> _119158_/D : -6.900496
[setup reg-reg] _124800_/Q -> _119149_/D : -6.896326
[setup reg-reg] _124800_/Q -> _119133_/D : -6.888335
[setup reg-reg] _124800_/Q -> _124809_/D : -6.801013
[setup reg-reg] _124800_/Q -> _124841_/D : -6.799365
[setup reg-reg] _124800_/Q -> _124844_/D : -6.798889
[setup reg-reg] _124800_/Q -> _124867_/D : -6.794295
[setup reg-reg] _124800_/Q -> _124847_/D : -6.794263
[setup reg-reg] _124800_/Q -> _124810_/D : -6.787030
[setup reg-reg] _124800_/Q -> _124849_/D : -6.784990
[setup reg-reg] _124800_/Q -> _124850_/D : -6.784376
[setup reg-reg] _124800_/Q -> _119173_/D : -6.783211
[setup reg-reg] _124800_/Q -> _124840_/D : -6.782528
[setup reg-reg] _124800_/Q -> _124843_/D : -6.770705
[setup reg-reg] _124800_/Q -> _124842_/D : -6.769114
[setup reg-reg] _124800_/Q -> _124839_/D : -6.766708
[setup reg-reg] _124800_/Q -> _124848_/D : -6.766655
[setup reg-reg] _124800_/Q -> _124846_/D : -6.765557
[setup reg-reg] _124800_/Q -> _124845_/D : -6.764914
[setup reg-reg] _124800_/Q -> _124851_/D : -6.761191
[setup reg-reg] _124800_/Q -> _119113_/D : -6.757862
[setup reg-reg] _124800_/Q -> _119181_/D : -6.757699
[setup reg-reg] _124800_/Q -> _119192_/D : -6.753538
[setup reg-reg] _124800_/Q -> _119165_/D : -6.752426
[setup reg-reg] _124800_/Q -> _119169_/D : -6.748788
[setup reg-reg] _124800_/Q -> _119164_/D : -6.748650
[setup reg-reg] _124800_/Q -> _119189_/D : -6.748230
[setup reg-reg] _124800_/Q -> _119166_/D : -6.745051
[setup reg-reg] _124800_/Q -> _124812_/D : -6.693000
[setup reg-reg] _124800_/Q -> _124811_/D : -6.682712
[setup reg-reg] _124800_/Q -> _124813_/D : -6.678399
[setup reg-reg] _124800_/Q -> _124817_/D : -6.676555
[setup reg-reg] _124800_/Q -> _124737_/D : -6.654812
[setup reg-reg] _124800_/Q -> _124726_/D : -6.647518
[setup reg-reg] _124800_/Q -> _124717_/D : -6.583871
[setup reg-reg] _124800_/Q -> _124707_/D : -6.457253
[setup reg-reg] _124800_/Q -> _124708_/D : -6.449238
[setup reg-reg] _124800_/Q -> _119151_/D : -6.443323
[setup reg-reg] _124800_/Q -> _124705_/D : -6.441674
[setup reg-reg] _124800_/Q -> _124706_/D : -6.441298
[setup reg-reg] _124800_/Q -> _124704_/D : -6.441109
[setup reg-reg] _124800_/Q -> _119146_/D : -6.437737
[setup reg-reg] _124800_/Q -> _124703_/D : -6.434206
[setup reg-reg] _124800_/Q -> _119142_/D : -6.431190
[setup reg-reg] _124800_/Q -> _119135_/D : -6.430710
[setup reg-reg] _124800_/Q -> _119137_/D : -6.423140
[setup reg-reg] _124800_/Q -> _119112_/D : -6.418553
[setup reg-reg] _124800_/Q -> _119138_/D : -6.413103
[setup reg-reg] _124800_/Q -> _119136_/D : -6.411440
[setup reg-reg] _124800_/Q -> _124735_/D : -6.401869
[setup reg-reg] _124800_/Q -> _124744_/D : -6.395585
[setup reg-reg] _124800_/Q -> _124715_/D : -6.394935
[setup reg-reg] _124800_/Q -> _124736_/D : -6.393613
[setup reg-reg] _124800_/Q -> _124739_/D : -6.390920
[setup reg-reg] _124800_/Q -> _124738_/D : -6.387360
[setup reg-reg] _124800_/Q -> _124745_/D : -6.384575
[setup reg-reg] _124800_/Q -> _124743_/D : -6.377729
[setup reg-reg] _124800_/Q -> _124742_/D : -6.376397
[setup reg-reg] _124800_/Q -> _124741_/D : -6.376165
[setup reg-reg] _124800_/Q -> _124762_/D : -6.372979
[setup reg-reg] _124800_/Q -> _124752_/D : -6.371710
[setup reg-reg] _124800_/Q -> _124711_/D : -6.355141
[setup reg-reg] _124800_/Q -> _119167_/D : -6.319482
[setup reg-reg] _124800_/Q -> _119176_/D : -6.316349
[setup reg-reg] _124800_/Q -> _119177_/D : -6.315581
[setup reg-reg] _124800_/Q -> _119185_/D : -6.313087
[setup reg-reg] _124800_/Q -> _119180_/D : -6.311197
[setup reg-reg] _124800_/Q -> _124864_/D : -6.309943
[setup reg-reg] _124800_/Q -> _124859_/D : -6.307524
[setup reg-reg] _124800_/Q -> _119182_/D : -6.306170
[setup reg-reg] _124800_/Q -> _124857_/D : -6.305026
[setup reg-reg] _124800_/Q -> _124863_/D : -6.301573
[setup reg-reg] _124800_/Q -> _119168_/D : -6.301452
[setup reg-reg] _124800_/Q -> _119174_/D : -6.298734
[setup reg-reg] _124800_/Q -> _124716_/D : -6.220802
[setup reg-reg] _124800_/Q -> _125908_/D : -6.053313
[setup reg-reg] _124800_/Q -> _125924_/D : -6.043901
[setup reg-reg] _124800_/Q -> _124731_/D : -6.007898
[setup reg-reg] _124800_/Q -> _119144_/D : -6.003123
[setup reg-reg] _124800_/Q -> _125922_/D : -6.002271
[setup reg-reg] _124800_/Q -> _119139_/D : -5.991435
[setup reg-reg] _124800_/Q -> _119140_/D : -5.983602
[setup reg-reg] _124800_/Q -> _123613_/D : -5.958597
[setup reg-reg] _124800_/Q -> _124758_/D : -5.954195
[setup reg-reg] _124800_/Q -> _124764_/D : -5.953826
[setup reg-reg] _124800_/Q -> _125904_/D : -5.950238
[setup reg-reg] _124800_/Q -> _124749_/D : -5.950206
[setup reg-reg] _124800_/Q -> _125905_/D : -5.949630
[setup reg-reg] _124800_/Q -> _124751_/D : -5.949485
[setup reg-reg] _124800_/Q -> _125923_/D : -5.947570
[setup reg-reg] _124800_/Q -> _124750_/D : -5.947520
[setup reg-reg] _124800_/Q -> _124747_/D : -5.944202
[setup reg-reg] _124800_/Q -> _124761_/D : -5.942788
[setup reg-reg] _124800_/Q -> _124748_/D : -5.942091
[setup reg-reg] _124800_/Q -> _119152_/D : -5.933899
[setup reg-reg] _124800_/Q -> _124893_/D : -5.894063
[setup reg-reg] _124800_/Q -> _124890_/D : -5.887419
[setup reg-reg] _124800_/Q -> _124892_/D : -5.885611
[setup reg-reg] _124800_/Q -> _124891_/D : -5.882729
[setup reg-reg] _124800_/Q -> _124895_/D : -5.880431
[setup reg-reg] _124800_/Q -> _125903_/D : -5.873318
[setup reg-reg] _124800_/Q -> _123612_/D : -5.862614
[setup reg-reg] _124800_/Q -> _123614_/D : -5.862614
[setup reg-reg] _124800_/Q -> _123611_/D : -5.857569
[setup reg-reg] _124800_/Q -> _123610_/D : -5.857547
[setup reg-reg] _124800_/Q -> _125915_/D : -5.841596
[setup reg-reg] _124800_/Q -> _124885_/D : -5.822088
[setup reg-reg] _124800_/Q -> _124884_/D : -5.816247
[setup reg-reg] _124800_/Q -> _124854_/D : -5.803333
[setup reg-reg] _124800_/Q -> _124862_/D : -5.801045
[setup reg-reg] _124800_/Q -> _124865_/D : -5.798977
[setup reg-reg] _124800_/Q -> _124868_/D : -5.797475
[setup reg-reg] _124800_/Q -> _124866_/D : -5.796267
[setup reg-reg] _124800_/Q -> _124858_/D : -5.788792
[setup reg-reg] _124800_/Q -> _124870_/D : -5.781821
[setup reg-reg] _124800_/Q -> _119162_/D : -5.779462
[setup reg-reg] _124800_/Q -> _124855_/D : -5.775896
[setup reg-reg] _124800_/Q -> _119178_/D : -5.772677
[setup reg-reg] _124800_/Q -> _124852_/D : -5.771263
[setup reg-reg] _124800_/Q -> _125961_/D : -5.770655
[setup reg-reg] _124800_/Q -> _124856_/D : -5.768197
[setup reg-reg] _124800_/Q -> _119179_/D : -5.767014
[setup reg-reg] _124800_/Q -> _119163_/D : -5.766612
[setup reg-reg] _124800_/Q -> _124853_/D : -5.761095
[setup reg-reg] _124800_/Q -> _125958_/D : -5.756437
[setup reg-reg] _124800_/Q -> _125953_/D : -5.753719
[setup reg-reg] _124800_/Q -> _119172_/D : -5.752526
[setup reg-reg] _124800_/Q -> _119175_/D : -5.751162
[setup reg-reg] _124800_/Q -> _125954_/D : -5.750565
[setup reg-reg] _124800_/Q -> _125956_/D : -5.749083
[setup reg-reg] _124800_/Q -> _125955_/D : -5.748220
[setup reg-reg] _124800_/Q -> _119170_/D : -5.746351
[setup reg-reg] _124800_/Q -> _119171_/D : -5.742479
[setup reg-reg] _124800_/Q -> _124860_/D : -5.735093
[setup reg-reg] _124800_/Q -> _124861_/D : -5.728215
[setup reg-reg] _124800_/Q -> _124869_/D : -5.726232
[setup reg-reg] _124800_/Q -> _125937_/D : -5.703281
[setup reg-reg] _124800_/Q -> _123555_/D : -5.697988
[setup reg-reg] _124800_/Q -> _127359_/D : -5.652517
[setup reg-reg] _124800_/Q -> _124766_/D : -5.649813
[setup reg-reg] _124800_/Q -> _125951_/D : -5.641354
[setup reg-reg] _124800_/Q -> _125963_/D : -5.623804
[setup reg-reg] _124800_/Q -> _125925_/D : -5.618830
[setup reg-reg] _124800_/Q -> _125952_/D : -5.615960
[setup reg-reg] _124800_/Q -> _125913_/D : -5.612094
[setup reg-reg] _124800_/Q -> _125912_/D : -5.601479
[setup reg-reg] _124800_/Q -> _123569_/D : -5.542074
[setup reg-reg] _124800_/Q -> _125927_/D : -5.521578
[setup reg-reg] _124800_/Q -> _125926_/D : -5.517940
[setup reg-reg] _124800_/Q -> _125909_/D : -5.512867
[setup reg-reg] _124800_/Q -> _124759_/D : -5.506284
[setup reg-reg] _124800_/Q -> _119147_/D : -5.500958
[setup reg-reg] _124800_/Q -> _124754_/D : -5.500663
[setup reg-reg] _124800_/Q -> _119141_/D : -5.498237
[setup reg-reg] _124800_/Q -> _119131_/D : -5.497068
[setup reg-reg] _124800_/Q -> _124763_/D : -5.491302
[setup reg-reg] _124800_/Q -> _119132_/D : -5.483525
[setup reg-reg] _124800_/Q -> _124765_/D : -5.480484
[setup reg-reg] _124800_/Q -> _127361_/D : -5.478842
[setup reg-reg] _124800_/Q -> _119143_/D : -5.473382
[setup reg-reg] _124800_/Q -> _123558_/D : -5.375284
[setup reg-reg] _124800_/Q -> _124805_/D : -5.360914
[setup reg-reg] _124800_/Q -> _125932_/D : -5.356821
[setup reg-reg] _124800_/Q -> _125929_/D : -5.349296
[setup reg-reg] _124800_/Q -> _124889_/D : -5.347111
[setup reg-reg] _124800_/Q -> _125933_/D : -5.345377
[setup reg-reg] _124800_/Q -> _124888_/D : -5.345132
[setup reg-reg] _124800_/Q -> _125931_/D : -5.344042
[setup reg-reg] _124800_/Q -> _124875_/D : -5.311176
[setup reg-reg] _124800_/Q -> _125914_/D : -5.310153
[setup reg-reg] _124800_/Q -> _125911_/D : -5.308788
[setup reg-reg] _124800_/Q -> _124874_/D : -5.306660
[setup reg-reg] _124800_/Q -> _125947_/D : -5.303587
[setup reg-reg] _124800_/Q -> _124804_/D : -5.300635
[setup reg-reg] _124800_/Q -> _125930_/D : -5.298841
[setup reg-reg] _124800_/Q -> _125944_/D : -5.290812
[setup reg-reg] _124800_/Q -> _125943_/D : -5.287735
[setup reg-reg] _124800_/Q -> _125945_/D : -5.286847
[setup reg-reg] _124800_/Q -> _125949_/D : -5.286036
[setup reg-reg] _124800_/Q -> _124886_/D : -5.284701
[setup reg-reg] _124800_/Q -> _124803_/D : -5.284509
[setup reg-reg] _124800_/Q -> _125948_/D : -5.282590
[setup reg-reg] _124800_/Q -> _124873_/D : -5.281084
[setup reg-reg] _124800_/Q -> _125942_/D : -5.268945
[setup reg-reg] _124800_/Q -> _125966_/D : -5.261725
[setup reg-reg] _124800_/Q -> _123566_/D : -5.227989
[setup reg-reg] _124800_/Q -> _123556_/D : -5.200423
[setup reg-reg] _124800_/Q -> _124783_/D : -5.194313
[setup reg-reg] _124800_/Q -> _127966_/D : -5.190035
[setup reg-reg] _124800_/Q -> _125950_/D : -5.168918
[setup reg-reg] _124800_/Q -> _123560_/D : -5.167596
[setup reg-reg] _124800_/Q -> _123561_/D : -5.164217
[setup reg-reg] _124800_/Q -> _123559_/D : -5.160175
[setup reg-reg] _124800_/Q -> _123562_/D : -5.156746
[setup reg-reg] _124800_/Q -> _123557_/D : -5.152167
[setup reg-reg] _124800_/Q -> _124831_/D : -5.148983
[setup reg-reg] _124800_/Q -> _124734_/D : -5.143658
[setup reg-reg] _124800_/Q -> _124746_/D : -5.118171
[setup reg-reg] _124800_/Q -> _123565_/D : -5.115041
[setup reg-reg] _124800_/Q -> _123564_/D : -5.113637
[setup reg-reg] _124800_/Q -> _123563_/D : -5.104354
[setup reg-reg] _124800_/Q -> _125934_/D : -5.103345
[setup reg-reg] _124800_/Q -> _123540_/D : -5.101402
[setup reg-reg] _124800_/Q -> _125928_/D : -5.098304
[setup reg-reg] _124800_/Q -> _124740_/D : -5.097832
[setup reg-reg] _124800_/Q -> _124760_/D : -5.095334
[setup reg-reg] _124800_/Q -> _124756_/D : -5.088307
[setup reg-reg] _124800_/Q -> _124757_/D : -5.086509
[setup reg-reg] _124800_/Q -> _123544_/D : -5.079113
[setup reg-reg] _124800_/Q -> _124753_/D : -5.078402
[setup reg-reg] _124800_/Q -> _123539_/D : -5.075002
[setup reg-reg] _124800_/Q -> _125935_/D : -5.070515
[setup reg-reg] _124800_/Q -> _123547_/D : -5.065104
[setup reg-reg] _124800_/Q -> _125921_/D : -5.060549
[setup reg-reg] _124800_/Q -> _125917_/D : -5.054737
[setup reg-reg] _124800_/Q -> _125918_/D : -5.044886
[setup reg-reg] _124800_/Q -> _124829_/D : -5.035755
[setup reg-reg] _124800_/Q -> _125916_/D : -5.035638
[setup reg-reg] _124800_/Q -> _125907_/D : -5.032721
[setup reg-reg] _124800_/Q -> _125910_/D : -5.025815
[setup reg-reg] _124800_/Q -> _124815_/D : -5.024266
[setup reg-reg] _124800_/Q -> _124814_/D : -5.020507
[setup reg-reg] _124800_/Q -> _124830_/D : -5.017366
[setup reg-reg] _124800_/Q -> _125919_/D : -5.016642
[setup reg-reg] _124800_/Q -> _124821_/D : -5.014357
[setup reg-reg] _124800_/Q -> _124837_/D : -5.012666
[setup reg-reg] _124800_/Q -> _124828_/D : -5.010563
[setup reg-reg] _124800_/Q -> _124836_/D : -5.008872
[setup reg-reg] _124800_/Q -> _123546_/D : -5.005415
[setup reg-reg] _124800_/Q -> _125920_/D : -4.989694
[setup reg-reg] _124800_/Q -> _123618_/D : -4.986699
[setup reg-reg] _124800_/Q -> _123615_/D : -4.984976
[setup reg-reg] _124800_/Q -> _123616_/D : -4.972702
[setup reg-reg] _124800_/Q -> _123619_/D : -4.969920
[setup reg-reg] _124800_/Q -> _123543_/D : -4.963265
[setup reg-reg] _124800_/Q -> _123549_/D : -4.960242
[setup reg-reg] _124800_/Q -> _123617_/D : -4.957169
[setup reg-reg] _124800_/Q -> _123545_/D : -4.956952
[setup reg-reg] _124800_/Q -> _123541_/D : -4.954320
[setup reg-reg] _124800_/Q -> _123548_/D : -4.930797
[setup reg-reg] _124800_/Q -> _124755_/D : -4.918015
[setup reg-reg] _124800_/Q -> _125906_/D : -4.906767
[setup reg-reg] _124800_/Q -> _125957_/D : -4.859271
[setup reg-reg] _124800_/Q -> _124775_/D : -4.828447
[setup reg-reg] _124800_/Q -> _125968_/D : -4.826433
[setup reg-reg] _124800_/Q -> _127916_/D : -4.823225
[setup reg-reg] _124800_/Q -> _127913_/D : -4.820016
[setup reg-reg] _124800_/Q -> _127919_/D : -4.814403
[setup reg-reg] _124800_/Q -> _125938_/D : -4.808698
[setup reg-reg] _124800_/Q -> _124797_/D : -4.808566
[setup reg-reg] _124800_/Q -> _124778_/D : -4.806264
[setup reg-reg] _124800_/Q -> _123573_/D : -4.780375
[setup reg-reg] _124800_/Q -> _124878_/D : -4.775235
[setup reg-reg] _124800_/Q -> _124796_/D : -4.772332
[setup reg-reg] _124800_/Q -> _124871_/D : -4.767386
[setup reg-reg] _124800_/Q -> _124883_/D : -4.760746
[setup reg-reg] _124800_/Q -> _124872_/D : -4.759446
[setup reg-reg] _124800_/Q -> _124907_/D : -4.758562
[setup reg-reg] _124800_/Q -> _125959_/D : -4.757493
[setup reg-reg] _124800_/Q -> _124881_/D : -4.754828
[setup reg-reg] _124800_/Q -> _124882_/D : -4.754593
[setup reg-reg] _124800_/Q -> _124786_/D : -4.752849
[setup reg-reg] _124800_/Q -> _125962_/D : -4.749303
[setup reg-reg] _124800_/Q -> _124877_/D : -4.747612
[setup reg-reg] _124800_/Q -> _124887_/D : -4.747570
[setup reg-reg] _124800_/Q -> _124788_/D : -4.734385
[setup reg-reg] _124800_/Q -> _127915_/D : -4.733579
[setup reg-reg] _124800_/Q -> _124784_/D : -4.729657
[setup reg-reg] _124800_/Q -> _127920_/D : -4.717826
[setup reg-reg] _124800_/Q -> _127902_/D : -4.717396
[setup reg-reg] _124800_/Q -> _124781_/D : -4.708678
[setup reg-reg] _124800_/Q -> _119191_/D : -4.703512
[setup reg-reg] _124800_/Q -> _119190_/D : -4.701015
[setup reg-reg] _124800_/Q -> _125936_/D : -4.698837
[setup reg-reg] _124800_/Q -> _124782_/D : -4.698442
[setup reg-reg] _124800_/Q -> _119188_/D : -4.695885
[setup reg-reg] _124800_/Q -> _127922_/D : -4.693359
[setup reg-reg] _124800_/Q -> _119186_/D : -4.689131
[setup reg-reg] _124800_/Q -> _124780_/D : -4.688076
[setup reg-reg] _124800_/Q -> _127912_/D : -4.687209
[setup reg-reg] _124800_/Q -> _125960_/D : -4.683354
[setup reg-reg] _124800_/Q -> _127899_/D : -4.678483
[setup reg-reg] _124800_/Q -> _124876_/D : -4.664464
[setup reg-reg] _124800_/Q -> _124785_/D : -4.660887
[setup reg-reg] _124800_/Q -> _124879_/D : -4.659796
[setup reg-reg] _124800_/Q -> _119184_/D : -4.656471
[setup reg-reg] _124800_/Q -> _127901_/D : -4.656147
[setup reg-reg] _124800_/Q -> _119187_/D : -4.655821
[setup reg-reg] _124800_/Q -> _123542_/D : -4.653526
[setup reg-reg] _124800_/Q -> _127898_/D : -4.651593
[setup reg-reg] _124800_/Q -> _127900_/D : -4.648527
[setup reg-reg] _124800_/Q -> _119160_/D : -4.635425
[setup reg-reg] _124800_/Q -> _119157_/D : -4.624010
[setup reg-reg] _124800_/Q -> _119159_/D : -4.620258
[setup reg-reg] _124800_/Q -> _119148_/D : -4.615956
[setup reg-reg] _124800_/Q -> _124832_/D : -4.611032
[setup reg-reg] _124800_/Q -> _124835_/D : -4.610232
[setup reg-reg] _124800_/Q -> _124818_/D : -4.609635
[setup reg-reg] _124800_/Q -> _124834_/D : -4.606346
[setup reg-reg] _124800_/Q -> _124802_/D : -4.604239
[setup reg-reg] _124800_/Q -> _119155_/D : -4.602424
[setup reg-reg] _124800_/Q -> _119183_/D : -4.598722
[setup reg-reg] _124800_/Q -> _124838_/D : -4.596693
[setup reg-reg] _124800_/Q -> _124816_/D : -4.593869
[setup reg-reg] _124800_/Q -> _124833_/D : -4.591499
[setup reg-reg] _124800_/Q -> _119156_/D : -4.581274
[setup reg-reg] _124800_/Q -> _119153_/D : -4.574723
[setup reg-reg] _124800_/Q -> _123550_/D : -4.555542
[setup reg-reg] _124800_/Q -> _123567_/D : -4.542922
[setup reg-reg] _124800_/Q -> _124823_/D : -4.541132
[setup reg-reg] _124800_/Q -> _123551_/D : -4.457476
[setup reg-reg] _124800_/Q -> _127962_/D : -4.437979
[setup reg-reg] _124800_/Q -> _123553_/D : -4.435894
[setup reg-reg] _124800_/Q -> _123552_/D : -4.429399
[setup reg-reg] _124800_/Q -> _125974_/D : -4.406836
[setup reg-reg] _124800_/Q -> _125984_/D : -4.402324
[setup reg-reg] _124800_/Q -> _125970_/D : -4.401628
[setup reg-reg] _124800_/Q -> _125982_/D : -4.401411
[setup reg-reg] _124800_/Q -> _125981_/D : -4.399972
[setup reg-reg] _124800_/Q -> _125972_/D : -4.399333
[setup reg-reg] _124800_/Q -> _125973_/D : -4.391382
[setup reg-reg] _124800_/Q -> _127357_/D : -4.390852
[setup reg-reg] _124800_/Q -> _125985_/D : -4.389687
[setup reg-reg] _124800_/Q -> _125979_/D : -4.386962
[setup reg-reg] _124800_/Q -> _127364_/D : -4.372620
[setup reg-reg] _124800_/Q -> _124779_/D : -4.365656
[setup reg-reg] _124800_/Q -> _125977_/D : -4.354508
[setup reg-reg] _124800_/Q -> _125975_/D : -4.350579
[setup reg-reg] _124800_/Q -> _127358_/D : -4.349467
[setup reg-reg] _124800_/Q -> _125976_/D : -4.347662
[setup reg-reg] _124800_/Q -> _127961_/D : -4.347129
[setup reg-reg] _124800_/Q -> _125978_/D : -4.345243
[setup reg-reg] _124800_/Q -> _124798_/D : -4.340809
[setup reg-reg] _124800_/Q -> _124767_/D : -4.332382
[setup reg-reg] _124800_/Q -> _127917_/D : -4.331781
[setup reg-reg] _124800_/Q -> _125946_/D : -4.317652
[setup reg-reg] _124800_/Q -> _124901_/D : -4.312959
[setup reg-reg] _124800_/Q -> _124902_/D : -4.312294
[setup reg-reg] _124800_/Q -> _124787_/D : -4.311001
[setup reg-reg] _124800_/Q -> _124896_/D : -4.309005
[setup reg-reg] _124800_/Q -> _124897_/D : -4.304930
[setup reg-reg] _124800_/Q -> _124900_/D : -4.304887
[setup reg-reg] _124800_/Q -> _124899_/D : -4.300894
[setup reg-reg] _124800_/Q -> _125983_/D : -4.300542
[setup reg-reg] _124800_/Q -> _125980_/D : -4.297821
[setup reg-reg] _124800_/Q -> _125971_/D : -4.297107
[setup reg-reg] _124800_/Q -> _124898_/D : -4.281674
[setup reg-reg] _124800_/Q -> _127375_/D : -4.277368
[setup reg-reg] _124800_/Q -> _127362_/D : -4.273609
[setup reg-reg] _124800_/Q -> _124906_/D : -4.272700
[setup reg-reg] _124800_/Q -> _127904_/D : -4.247550
[setup reg-reg] _124800_/Q -> _127925_/D : -4.241074
[setup reg-reg] _124800_/Q -> _123568_/D : -4.240181
[setup reg-reg] _124800_/Q -> _127907_/D : -4.237720
[setup reg-reg] _124800_/Q -> _127896_/D : -4.232234
[setup reg-reg] _124800_/Q -> _127918_/D : -4.231080
[setup reg-reg] _124800_/Q -> _127905_/D : -4.225413
[setup reg-reg] _124800_/Q -> _127914_/D : -4.220038
[setup reg-reg] _124800_/Q -> _127911_/D : -4.218482
[setup reg-reg] _124800_/Q -> _127903_/D : -4.215170
[setup reg-reg] _124800_/Q -> _124795_/D : -4.211877
[setup reg-reg] _124800_/Q -> _127363_/D : -4.211749
[setup reg-reg] _124800_/Q -> _127910_/D : -4.211565
[setup reg-reg] _124800_/Q -> _124777_/D : -4.207312
[setup reg-reg] _124800_/Q -> _127897_/D : -4.203070
[setup reg-reg] _124800_/Q -> _119277_/D : -4.193240
[setup reg-reg] _124800_/Q -> _124808_/D : -4.179708
[setup reg-reg] _124800_/Q -> _124826_/D : -4.170584
[setup reg-reg] _124800_/Q -> _124827_/D : -4.170062
[setup reg-reg] _124800_/Q -> _124825_/D : -4.150401
[setup reg-reg] _124800_/Q -> _127926_/D : -4.142890
[setup reg-reg] _124800_/Q -> _127906_/D : -4.135917
[setup reg-reg] _124800_/Q -> _124824_/D : -4.132151
[setup reg-reg] _124800_/Q -> _124880_/D : -4.131611
[setup reg-reg] _124800_/Q -> _119279_/D : -4.120647
[setup reg-reg] _124800_/Q -> _124807_/D : -4.119371
[setup reg-reg] _124800_/Q -> _128028_/D : -4.111222
[setup reg-reg] _124800_/Q -> _119278_/D : -4.104667
[setup reg-reg] _124800_/Q -> _127908_/D : -4.100148
[setup reg-reg] _124800_/Q -> _119281_/D : -4.097746
[setup reg-reg] _124800_/Q -> _124769_/D : -4.088641
[setup reg-reg] _124800_/Q -> _119280_/D : -4.087188
[setup reg-reg] _124800_/Q -> _123554_/D : -4.072692
[setup reg-reg] _124800_/Q -> _124770_/D : -4.068735
[setup reg-reg] _124800_/Q -> _124894_/D : -4.065992
[setup reg-reg] _124800_/Q -> _125939_/D : -4.058148
[setup reg-reg] _124800_/Q -> _128031_/D : -4.048946
[setup reg-reg] _124800_/Q -> _124776_/D : -4.042118
[setup reg-reg] _124800_/Q -> _125969_/D : -4.025033
[setup reg-reg] _124800_/Q -> _124789_/D : -4.023093
[setup reg-reg] _124800_/Q -> _125940_/D : -4.017828
[setup reg-reg] _124800_/Q -> _125941_/D : -4.016964
[setup reg-reg] _124800_/Q -> _125989_/D : -4.003482
[setup reg-reg] _124800_/Q -> _119276_/D : -3.985797
[setup reg-reg] _124800_/Q -> _124771_/D : -3.981459
[setup reg-reg] _124800_/Q -> _124792_/D : -3.962533
[setup reg-reg] _124800_/Q -> _125988_/D : -3.948969
[setup reg-reg] _124800_/Q -> _124772_/D : -3.946564
[setup reg-reg] _124800_/Q -> _125965_/D : -3.922086
[setup reg-reg] _124800_/Q -> _125964_/D : -3.902834
[setup reg-reg] _124800_/Q -> _125967_/D : -3.891909
[setup reg-reg] _124800_/Q -> _124794_/D : -3.870241
[setup reg-reg] _124800_/Q -> _124793_/D : -3.860645
[setup reg-reg] _124800_/Q -> _124903_/D : -3.846953
[setup reg-reg] _124800_/Q -> _124904_/D : -3.812520
[setup reg-reg] _124800_/Q -> _127356_/D : -3.807379
[setup reg-reg] _124800_/Q -> _124768_/D : -3.799176
[setup reg-reg] _124800_/Q -> _124773_/D : -3.796345
[setup reg-reg] _124800_/Q -> _124774_/D : -3.789445
[setup reg-reg] _124800_/Q -> _127921_/D : -3.779366
[setup reg-reg] _124800_/Q -> _125987_/D : -3.732581
[setup reg-reg] _124800_/Q -> _128029_/D : -3.679830
[setup reg-reg] _124800_/Q -> _127909_/D : -3.659526
[setup reg-reg] _124800_/Q -> _127924_/D : -3.648321
[setup reg-reg] _124800_/Q -> _128026_/D : -3.636423
[setup reg-reg] _124800_/Q -> _127923_/D : -3.631971
[setup reg-reg] _124800_/Q -> _124791_/D : -3.611700
[setup reg-reg] _124800_/Q -> _124790_/D : -3.606193
[setup reg-reg] _124800_/Q -> _127965_/D : -3.603649
[setup reg-reg] _124800_/Q -> _127963_/D : -3.565766
[setup reg-reg] _124800_/Q -> _127964_/D : -3.559066
[setup reg-reg] _124800_/Q -> _124905_/D : -3.518149
[setup reg-reg] _124800_/Q -> _127360_/D : -3.517435
[setup reg-reg] _124800_/Q -> _124702_/D : -3.409340
[setup reg-reg] _124800_/Q -> _124819_/D : -3.396608
[setup reg-reg] _124800_/Q -> _124820_/D : -3.376144
[setup reg-reg] _124800_/Q -> _124822_/D : -3.362491
[setup reg-reg] _124800_/Q -> _124806_/D : -3.307932
[setup reg-reg] _124800_/Q -> _119211_/D : -3.252442
[setup reg-reg] _124800_/Q -> _128027_/D : -3.237986
[setup reg-reg] yz_bram_ctrl_inst.yz_ram.u_mem.u_mem.g_2k[0].u_cell.u_sram/dout1[31] -> _124075_/D : -3.229481
[setup reg-reg] _124800_/Q -> _128025_/D : -3.208317
[setup reg-reg] _124800_/Q -> _127895_/D : -3.089788
[setup reg-reg] _124800_/Q -> _124800_/D : -3.062631
[setup reg-reg] _124800_/Q -> _127968_/D : -2.974712
[setup reg-reg] _124800_/Q -> _127967_/D : -2.970190
[setup reg-reg] yz_bram_ctrl_inst.yz_ram.u_mem.u_mem.g_2k[0].u_cell.u_sram/dout1[31] -> _124007_/D : -2.967301
[setup reg-reg] _124800_/Q -> _125986_/D : -2.908347
[setup reg-reg] _124800_/Q -> _124799_/D : -2.720032
[setup reg-reg] yz_bram_ctrl_inst.yz_ram.u_mem.u_mem.g_2k[0].u_cell.u_sram/dout1[31] -> _123990_/D : -2.646516
[setup reg-reg] yz_bram_ctrl_inst.yz_ram.u_mem.u_mem.g_2k[0].u_cell.u_sram/dout1[30] -> _124077_/D : -2.612541
[setup reg-reg] yz_bram_ctrl_inst.yz_ram.u_mem.u_mem.g_2k[0].u_cell.u_sram/dout1[31] -> _124009_/D : -2.587889
[setup reg-reg] yz_bram_ctrl_inst.yz_ram.u_mem.u_mem.g_2k[0].u_cell.u_sram/dout1[31] -> _124008_/D : -2.587353
[setup reg-reg] yz_bram_ctrl_inst.yz_ram.u_mem.u_mem.g_2k[0].u_cell.u_sram/dout1[30] -> _124076_/D : -2.504443
[setup reg-reg] yz_bram_ctrl_inst.yz_ram.u_mem.u_mem.g_2k[0].u_cell.u_sram/dout1[18] -> _124041_/D : -2.503651
[setup reg-reg] yz_bram_ctrl_inst.yz_ram.u_mem.u_mem.g_2k[0].u_cell.u_sram/dout1[31] -> _124060_/D : -2.426031
[setup reg-reg] _124800_/Q -> _128035_/D : -2.387967
[setup reg-reg] yz_bram_ctrl_inst.yz_ram.u_mem.u_mem.g_2k[0].u_cell.u_sram/dout1[31] -> _124059_/D : -2.381476
[setup reg-reg] _124800_/Q -> _124801_/D : -2.256527
[setup reg-reg] _124800_/Q -> _127371_/D : -2.227033
[setup reg-reg] yz_bram_ctrl_inst.yz_ram.u_mem.u_mem.g_2k[0].u_cell.u_sram/dout1[31] -> _123992_/D : -2.224350
[setup reg-reg] yz_bram_ctrl_inst.yz_ram.u_mem.u_mem.g_2k[0].u_cell.u_sram/dout1[31] -> _123991_/D : -2.222986
[setup reg-reg] _124800_/Q -> _127366_/D : -2.109370
[setup reg-reg] yz_bram_ctrl_inst.yz_ram.u_mem.u_mem.g_2k[0].u_cell.u_sram/dout1[31] -> _124073_/D : -2.055828
[setup reg-reg] _124800_/Q -> _127374_/D : -2.014509
[setup reg-reg] yz_bram_ctrl_inst.yz_ram.u_mem.u_mem.g_2k[0].u_cell.u_sram/dout1[31] -> _124074_/D : -1.941711
[setup reg-reg] _124800_/Q -> _123588_/D : -1.928886
[setup reg-reg] _124800_/Q -> _123585_/D : -1.925272
[setup reg-reg] _124800_/Q -> _123586_/D : -1.925116
[setup reg-reg] _124800_/Q -> _123589_/D : -1.918931
[setup reg-reg] yz_bram_ctrl_inst.yz_ram.u_mem.u_mem.g_2k[0].u_cell.u_sram/dout1[31] -> _124058_/D : -1.917215
[setup reg-reg] _124800_/Q -> _123587_/D : -1.904414
[setup reg-reg] _124800_/Q -> _118865_/D : -1.856375
[setup reg-reg] yz_bram_ctrl_inst.yz_ram.u_mem.u_mem.g_2k[0].u_cell.u_sram/dout1[31] -> _123956_/D : -1.809472
[setup reg-reg] yz_bram_ctrl_inst.yz_ram.u_mem.u_mem.g_2k[0].u_cell.u_sram/dout1[31] -> _124005_/D : -1.776570
[setup reg-reg] yz_bram_ctrl_inst.yz_ram.u_mem.u_mem.g_2k[0].u_cell.u_sram/dout1[31] -> _124006_/D : -1.716401
[setup reg-reg] yz_bram_ctrl_inst.yz_ram.u_mem.u_mem.g_2k[0].u_cell.u_sram/dout1[31] -> _124024_/D : -1.691038
[setup reg-reg] yz_bram_ctrl_inst.yz_ram.u_mem.u_mem.g_2k[0].u_cell.u_sram/dout1[31] -> _123988_/D : -1.688129
[setup reg-reg] yz_bram_ctrl_inst.yz_ram.u_mem.u_mem.g_2k[0].u_cell.u_sram/dout1[18] -> _124039_/D : -1.684221
[setup reg-reg] yz_bram_ctrl_inst.yz_ram.u_mem.u_mem.g_2k[0].u_cell.u_sram/dout1[31] -> _123989_/D : -1.681432
[setup reg-reg] yz_bram_ctrl_inst.yz_ram.u_mem.u_mem.g_2k[0].u_cell.u_sram/dout1[18] -> _124042_/D : -1.655536
[setup reg-reg] yz_bram_ctrl_inst.yz_ram.u_mem.u_mem.g_2k[0].u_cell.u_sram/dout1[11] -> _123973_/D : -1.650779
[setup reg-reg] yz_bram_ctrl_inst.yz_ram.u_mem.u_mem.g_2k[0].u_cell.u_sram/dout1[18] -> _124043_/D : -1.642615
[setup reg-reg] yz_bram_ctrl_inst.yz_ram.u_mem.u_mem.g_2k[0].u_cell.u_sram/dout1[18] -> _124040_/D : -1.639528
[setup reg-reg] _124800_/Q -> _124595_/D : -1.537060
[setup reg-reg] yz_bram_ctrl_inst.yz_ram.u_mem.u_mem.g_2k[0].u_cell.u_sram/dout1[31] -> _124056_/D : -1.489500
[setup reg-reg] yz_bram_ctrl_inst.yz_ram.u_mem.u_mem.g_2k[0].u_cell.u_sram/dout1[31] -> _124057_/D : -1.464105
[setup reg-reg] _124800_/Q -> _124701_/D : -1.386564
[setup reg-reg] _124800_/Q -> _127378_/D : -1.374431
[setup reg-reg] yz_bram_ctrl_inst.yz_ram.u_mem.u_mem.g_2k[0].u_cell.u_sram/dout1[31] -> _124026_/D : -1.342801
[setup reg-reg] yz_bram_ctrl_inst.yz_ram.u_mem.u_mem.g_2k[0].u_cell.u_sram/dout1[30] -> _124072_/D : -1.315865
[setup reg-reg] yz_bram_ctrl_inst.yz_ram.u_mem.u_mem.g_2k[0].u_cell.u_sram/dout1[31] -> _123957_/D : -1.307473
[setup reg-reg] _124800_/Q -> _127379_/D : -1.269701
[setup reg-reg] yz_bram_ctrl_inst.yz_ram.u_mem.u_mem.g_2k[0].u_cell.u_sram/dout1[31] -> _124025_/D : -1.266312
[setup reg-reg] yz_bram_ctrl_inst.yz_ram.u_mem.u_mem.g_2k[0].u_cell.u_sram/dout1[31] -> _123958_/D : -1.263384
[setup reg-reg] yz_bram_ctrl_inst.yz_ram.u_mem.u_mem.g_2k[0].u_cell.u_sram/dout1[31] -> _124069_/D : -1.223654
[setup reg-reg] yz_bram_ctrl_inst.yz_ram.u_mem.u_mem.g_2k[0].u_cell.u_sram/dout1[30] -> _124071_/D : -1.156103
[setup reg-reg] yz_bram_ctrl_inst.yz_ram.u_mem.u_mem.g_2k[0].u_cell.u_sram/dout1[31] -> _124004_/D : -1.075126
[setup reg-reg] _124800_/Q -> _127383_/D : -1.061043
[setup reg-reg] yz_bram_ctrl_inst.yz_ram.u_mem.u_mem.g_2k[0].u_cell.u_sram/dout1[31] -> _123987_/D : -1.021334
[setup reg-reg] yz_bram_ctrl_inst.yz_ram.u_mem.u_mem.g_2k[0].u_cell.u_sram/dout1[31] -> _123955_/D : -0.978368
[setup reg-reg] yz_bram_ctrl_inst.yz_ram.u_mem.u_mem.g_2k[0].u_cell.u_sram/dout1[11] -> _123975_/D : -0.941039
[setup reg-reg] yz_bram_ctrl_inst.yz_ram.u_mem.u_mem.g_2k[0].u_cell.u_sram/dout1[11] -> _123974_/D : -0.935053
[setup reg-reg] yz_bram_ctrl_inst.yz_ram.u_mem.u_mem.g_2k[0].u_cell.u_sram/dout1[31] -> _124003_/D : -0.930694
[setup reg-reg] yz_bram_ctrl_inst.yz_ram.u_mem.u_mem.g_2k[0].u_cell.u_sram/dout1[31] -> _123954_/D : -0.929251
[setup reg-reg] yz_bram_ctrl_inst.yz_ram.u_mem.u_mem.g_2k[0].u_cell.u_sram/dout1[31] -> _124001_/D : -0.924683
[setup reg-reg] _124800_/Q -> _126057_/D : -0.911950
[setup reg-reg] _124800_/Q -> _126056_/D : -0.900627
[setup reg-reg] _124800_/Q -> _126053_/D : -0.898098
[setup reg-reg] _124800_/Q -> _123572_/D : -0.893348
[setup reg-reg] _124800_/Q -> _126054_/D : -0.891355
[setup reg-reg] _124800_/Q -> _127373_/D : -0.890459
[setup reg-reg] yz_bram_ctrl_inst.yz_ram.u_mem.u_mem.g_2k[0].u_cell.u_sram/dout1[31] -> _123986_/D : -0.886057
[setup reg-reg] yz_bram_ctrl_inst.yz_ram.u_mem.u_mem.g_2k[0].u_cell.u_sram/dout1[31] -> _124022_/D : -0.874501
[setup reg-reg] _124800_/Q -> _126055_/D : -0.873058
[setup reg-reg] yz_bram_ctrl_inst.yz_ram.u_mem.u_mem.g_2k[0].u_cell.u_sram/dout1[31] -> _124023_/D : -0.845855
[setup reg-reg] yz_bram_ctrl_inst.yz_ram.u_mem.u_mem.g_2k[0].u_cell.u_sram/dout1[18] -> _124035_/D : -0.818325
[setup reg-reg] yz_bram_ctrl_inst.yz_ram.u_mem.u_mem.g_2k[0].u_cell.u_sram/dout1[31] -> _123984_/D : -0.815174
[setup reg-reg] yz_bram_ctrl_inst.yz_ram.u_mem.u_mem.g_2k[0].u_cell.u_sram/dout1[11] -> _123971_/D : -0.811799
[setup reg-reg] yz_bram_ctrl_inst.yz_ram.u_mem.u_mem.g_2k[0].u_cell.u_sram/dout1[31] -> _124055_/D : -0.804874
[setup reg-reg] yz_bram_ctrl_inst.yz_ram.u_mem.u_mem.g_2k[0].u_cell.u_sram/dout1[18] -> _124038_/D : -0.792280
[setup reg-reg] _124800_/Q -> _127384_/D : -0.697980
[setup reg-reg] yz_bram_ctrl_inst.yz_ram.u_mem.u_mem.g_2k[0].u_cell.u_sram/dout1[11] -> _123972_/D : -0.692204
[setup reg-reg] yz_bram_ctrl_inst.yz_ram.u_mem.u_mem.g_2k[0].u_cell.u_sram/dout1[31] -> _124052_/D : -0.673872
[setup reg-reg] yz_bram_ctrl_inst.yz_ram.u_mem.u_mem.g_2k[0].u_cell.u_sram/dout1[31] -> _124054_/D : -0.663814
[setup reg-reg] yz_bram_ctrl_inst.yz_ram.u_mem.u_mem.g_2k[0].u_cell.u_sram/dout1[31] -> _124000_/D : -0.635740
[setup reg-reg] conv_accelerator_inst.u_conv_buf_ram.u_mem.u_mem.g_2k[0].u_cell.u_sram/dout1[25] -> _123861_/D : -0.609447
[setup reg-reg] conv_accelerator_inst.u_conv_buf_ram.u_mem.u_mem.g_2k[0].u_cell.u_sram/dout1[25] -> _123860_/D : -0.605464
[setup reg-reg] yz_bram_ctrl_inst.yz_ram.u_mem.u_mem.g_2k[0].u_cell.u_sram/dout1[31] -> _124070_/D : -0.566619
[setup reg-reg] yz_bram_ctrl_inst.yz_ram.u_mem.u_mem.g_2k[0].u_cell.u_sram/dout1[18] -> _124037_/D : -0.546962
[setup reg-reg] yz_bram_ctrl_inst.yz_ram.u_mem.u_mem.g_2k[0].u_cell.u_sram/dout1[31] -> _123951_/D : -0.351662
[setup reg-reg] yz_bram_ctrl_inst.yz_ram.u_mem.u_mem.g_2k[0].u_cell.u_sram/dout1[31] -> _124002_/D : -0.322245
[setup reg-reg] yz_bram_ctrl_inst.yz_ram.u_mem.u_mem.g_2k[0].u_cell.u_sram/dout1[31] -> _124068_/D : -0.303412
[setup reg-reg] yz_bram_ctrl_inst.yz_ram.u_mem.u_mem.g_2k[0].u_cell.u_sram/dout1[31] -> _123985_/D : -0.264375
[setup reg-reg] conv_accelerator_inst.u_conv_buf_ram.u_mem.u_mem.g_2k[0].u_cell.u_sram/dout1[9] -> _123891_/D : -0.219138
[setup reg-reg] conv_accelerator_inst.u_conv_buf_ram.u_mem.u_mem.g_2k[0].u_cell.u_sram/dout1[9] -> _123894_/D : -0.202299
[setup reg-reg] conv_accelerator_inst.u_conv_buf_ram.u_mem.u_mem.g_2k[0].u_cell.u_sram/dout1[9] -> _123895_/D : -0.192017
[setup reg-reg] conv_accelerator_inst.u_conv_buf_ram.u_mem.u_mem.g_2k[0].u_cell.u_sram/dout1[9] -> _123893_/D : -0.144226
[setup reg-reg] yz_bram_ctrl_inst.yz_ram.u_mem.u_mem.g_2k[0].u_cell.u_sram/dout1[18] -> _124036_/D : -0.135248
[setup reg-reg] yz_bram_ctrl_inst.yz_ram.u_mem.u_mem.g_2k[0].u_cell.u_sram/dout1[31] -> _124021_/D : -0.127233
[setup reg-reg] yz_bram_ctrl_inst.yz_ram.u_mem.u_mem.g_2k[0].u_cell.u_sram/dout1[31] -> _124053_/D : -0.087830
[setup reg-reg] yz_bram_ctrl_inst.yz_ram.u_mem.u_mem.g_2k[0].u_cell.u_sram/dout1[31] -> _123953_/D : -0.073701
[setup reg-reg] _124800_/Q -> _126095_/D : -0.058268
[setup reg-reg] _124800_/Q -> _126052_/D : -0.047461
[setup reg-reg] yz_bram_ctrl_inst.yz_ram.u_mem.u_mem.g_2k[0].u_cell.u_sram/dout1[31] -> _123950_/D : -0.028717
[setup reg-reg] yz_bram_ctrl_inst.yz_ram.u_mem.u_mem.g_2k[0].u_cell.u_sram/dout1[30] -> _123999_/D : -0.016765
