
===========================================================================
 report_power
============================================================================
======================= max_ss_100C_1v60 Corner ===================================

Group                    Internal    Switching      Leakage        Total
                            Power        Power        Power        Power (Watts)
------------------------------------------------------------------------
Sequential           8.007554e-03 1.345293e-06 1.560169e-04 8.164916e-03  21.2%
Combinational        1.249441e-05 1.511667e-05 8.722253e-04 8.998364e-04   2.3%
Clock                2.221222e-03 4.204187e-03 1.284443e-05 6.438254e-03  16.7%
Macro                2.272560e-02 0.000000e+00 2.576800e-04 2.298328e-02  59.7%
Pad                  0.000000e+00 0.000000e+00 0.000000e+00 0.000000e+00   0.0%
------------------------------------------------------------------------
Total                3.296687e-02 4.220650e-03 1.298525e-03 3.848604e-02 100.0%
                            85.7%        11.0%         3.4%

