
===========================================================================
 report_power
============================================================================
======================= max_ff_n40C_1v95 Corner ===================================

Group                    Internal    Switching      Leakage        Total
                            Power        Power        Power        Power (Watts)
------------------------------------------------------------------------
Sequential           1.215809e-02 2.032117e-06 2.038055e-07 1.216032e-02  27.2%
Combinational        1.754932e-05 2.265804e-05 2.326587e-06 4.253395e-05   0.1%
Clock                3.109785e-03 6.454757e-03 5.229990e-07 9.565065e-03  21.4%
Macro                2.272560e-02 0.000000e+00 2.576800e-04 2.298328e-02  51.4%
Pad                  0.000000e+00 0.000000e+00 0.000000e+00 0.000000e+00   0.0%
------------------------------------------------------------------------
Total                3.801102e-02 6.479447e-03 2.607904e-04 4.475126e-02 100.0%
                            84.9%        14.5%         0.6%

