Vivado Simulator v2025.2
Copyright 1986-2022 Xilinx, Inc. All Rights Reserved.
Copyright 2022-2025 Advanced Micro Devices, Inc. All Rights Reserved.
Running: /usr/Vivado/2025.2/Vivado/bin/unwrapped/lnx64.o/xelab --relax -mt off -debug off ai_accel_test -s sim_top 
Turned off multi-threading.
WARNING: [XSIM 43-3431] One or more environment variables have been detected which affect the operation of the C compiler. These are typically not set in standard installations and are not tested by AMD, however they may be appropriate for your system, so the flow will attempt to continue.  If errors occur, try running xelab with the "-mt off -v 1" switches to see more information from the C compiler. The following environment variables have been detected:
    LIBRARY_PATH
Starting static elaboration
Pass Through NonSizing Optimizer
WARNING: [VRFC 10-10007] variable 'g_error_count[0]' might have multiple concurrent drivers [/home/luxyxp/Documents/mainfiles/FPGA/main_codes/testbench/AXI_protocol_check/axi4lite_protocol_checker.sv:212]
WARNING: [VRFC 10-9941] found another concurrent driver of 'g_error_count[0]' here [/home/luxyxp/Documents/mainfiles/FPGA/main_codes/testbench/AXI_protocol_check/axi4lite_protocol_checker.sv:210]
WARNING: [VRFC 10-10007] variable 'g_error_count[0]' might have multiple concurrent drivers [/home/luxyxp/Documents/mainfiles/FPGA/main_codes/testbench/AXI_protocol_check/axi4lite_protocol_checker.sv:214]
WARNING: [VRFC 10-10007] variable 'g_error_count[0]' might have multiple concurrent drivers [/home/luxyxp/Documents/mainfiles/FPGA/main_codes/testbench/AXI_protocol_check/axi4lite_protocol_checker.sv:218]
WARNING: [VRFC 10-10007] variable 'g_error_count[0]' might have multiple concurrent drivers [/home/luxyxp/Documents/mainfiles/FPGA/main_codes/testbench/AXI_protocol_check/axi4lite_protocol_checker.sv:220]
WARNING: [VRFC 10-10007] variable 'g_error_count[0]' might have multiple concurrent drivers [/home/luxyxp/Documents/mainfiles/FPGA/main_codes/testbench/AXI_protocol_check/axi4lite_protocol_checker.sv:233]
WARNING: [VRFC 10-10007] variable 'g_error_count[0]' might have multiple concurrent drivers [/home/luxyxp/Documents/mainfiles/FPGA/main_codes/testbench/AXI_protocol_check/axi4lite_protocol_checker.sv:236]
WARNING: [VRFC 10-10007] variable 'g_error_count[0]' might have multiple concurrent drivers [/home/luxyxp/Documents/mainfiles/FPGA/main_codes/testbench/AXI_protocol_check/axi4lite_protocol_checker.sv:239]
WARNING: [VRFC 10-10007] variable 'g_error_count[0]' might have multiple concurrent drivers [/home/luxyxp/Documents/mainfiles/FPGA/main_codes/testbench/AXI_protocol_check/axi4lite_protocol_checker.sv:244]
WARNING: [VRFC 10-10007] variable 'g_error_count[0]' might have multiple concurrent drivers [/home/luxyxp/Documents/mainfiles/FPGA/main_codes/testbench/AXI_protocol_check/axi4lite_protocol_checker.sv:247]
WARNING: [VRFC 10-10007] variable 'g_error_count[0]' might have multiple concurrent drivers [/home/luxyxp/Documents/mainfiles/FPGA/main_codes/testbench/AXI_protocol_check/axi4lite_protocol_checker.sv:259]
WARNING: [VRFC 10-10007] variable 'g_error_count[0]' might have multiple concurrent drivers [/home/luxyxp/Documents/mainfiles/FPGA/main_codes/testbench/AXI_protocol_check/axi4lite_protocol_checker.sv:262]
WARNING: [VRFC 10-10007] variable 'g_error_count[0]' might have multiple concurrent drivers [/home/luxyxp/Documents/mainfiles/FPGA/main_codes/testbench/AXI_protocol_check/axi4lite_protocol_checker.sv:265]
WARNING: [VRFC 10-10007] variable 'g_error_count[0]' might have multiple concurrent drivers [/home/luxyxp/Documents/mainfiles/FPGA/main_codes/testbench/AXI_protocol_check/axi4lite_protocol_checker.sv:275]
WARNING: [VRFC 10-10007] variable 'g_error_count[0]' might have multiple concurrent drivers [/home/luxyxp/Documents/mainfiles/FPGA/main_codes/testbench/AXI_protocol_check/axi4lite_protocol_checker.sv:278]
WARNING: [VRFC 10-10007] variable 'g_error_count[0]' might have multiple concurrent drivers [/home/luxyxp/Documents/mainfiles/FPGA/main_codes/testbench/AXI_protocol_check/axi4lite_protocol_checker.sv:281]
WARNING: [VRFC 10-10007] variable 'g_error_count[0]' might have multiple concurrent drivers [/home/luxyxp/Documents/mainfiles/FPGA/main_codes/testbench/AXI_protocol_check/axi4lite_protocol_checker.sv:295]
WARNING: [VRFC 10-10007] variable 'g_error_count[0]' might have multiple concurrent drivers [/home/luxyxp/Documents/mainfiles/FPGA/main_codes/testbench/AXI_protocol_check/axi4lite_protocol_checker.sv:298]
WARNING: [VRFC 10-10007] variable 'g_error_count[0]' might have multiple concurrent drivers [/home/luxyxp/Documents/mainfiles/FPGA/main_codes/testbench/AXI_protocol_check/axi4lite_protocol_checker.sv:301]
WARNING: [VRFC 10-10007] variable 'g_error_count[0]' might have multiple concurrent drivers [/home/luxyxp/Documents/mainfiles/FPGA/main_codes/testbench/AXI_protocol_check/axi4lite_protocol_checker.sv:304]
WARNING: [VRFC 10-10007] variable 'g_error_count[0]' might have multiple concurrent drivers [/home/luxyxp/Documents/mainfiles/FPGA/main_codes/testbench/AXI_protocol_check/axi4lite_protocol_checker.sv:309]
WARNING: [VRFC 10-10007] variable 'g_error_count[0]' might have multiple concurrent drivers [/home/luxyxp/Documents/mainfiles/FPGA/main_codes/testbench/AXI_protocol_check/axi4lite_protocol_checker.sv:312]
WARNING: [VRFC 10-10007] variable 'g_error_count[0]' might have multiple concurrent drivers [/home/luxyxp/Documents/mainfiles/FPGA/main_codes/testbench/AXI_protocol_check/axi4lite_protocol_checker.sv:315]
WARNING: [VRFC 10-10007] variable 'g_error_count[0]' might have multiple concurrent drivers [/home/luxyxp/Documents/mainfiles/FPGA/main_codes/testbench/AXI_protocol_check/axi4lite_protocol_checker.sv:328]
WARNING: [VRFC 10-10007] variable 'g_error_count[0]' might have multiple concurrent drivers [/home/luxyxp/Documents/mainfiles/FPGA/main_codes/testbench/AXI_protocol_check/axi4lite_protocol_checker.sv:333]
WARNING: [VRFC 10-10007] variable 'g_error_count[0]' might have multiple concurrent drivers [/home/luxyxp/Documents/mainfiles/FPGA/main_codes/testbench/AXI_protocol_check/axi4lite_protocol_checker.sv:349]
WARNING: [VRFC 10-10007] variable 'g_error_count[0]' might have multiple concurrent drivers [/home/luxyxp/Documents/mainfiles/FPGA/main_codes/testbench/AXI_protocol_check/axi4lite_protocol_checker.sv:355]
WARNING: [VRFC 10-10007] variable 'g_error_count[0]' might have multiple concurrent drivers [/home/luxyxp/Documents/mainfiles/FPGA/main_codes/testbench/AXI_protocol_check/axi4lite_protocol_checker.sv:363]
WARNING: [VRFC 10-10007] variable 'g_error_count[0]' might have multiple concurrent drivers [/home/luxyxp/Documents/mainfiles/FPGA/main_codes/testbench/AXI_protocol_check/axi4lite_protocol_checker.sv:386]
WARNING: [VRFC 10-10007] variable 'g_error_count[0]' might have multiple concurrent drivers [/home/luxyxp/Documents/mainfiles/FPGA/main_codes/testbench/AXI_protocol_check/axi4lite_protocol_checker.sv:394]
WARNING: [VRFC 10-10007] variable 'g_error_count[0]' might have multiple concurrent drivers [/home/luxyxp/Documents/mainfiles/FPGA/main_codes/testbench/AXI_protocol_check/axi4lite_protocol_checker.sv:474]
WARNING: [VRFC 10-9941] found another concurrent driver of 'g_error_count[0]' here [/home/luxyxp/Documents/mainfiles/FPGA/main_codes/testbench/AXI_protocol_check/axi4lite_protocol_checker.sv:218]
WARNING: [VRFC 10-10007] variable 'g_error_count[0]' might have multiple concurrent drivers [/home/luxyxp/Documents/mainfiles/FPGA/main_codes/testbench/AXI_protocol_check/axi4lite_protocol_checker.sv:270]
WARNING: [VRFC 10-10007] variable 'g_error_count[0]' might have multiple concurrent drivers [/home/luxyxp/Documents/mainfiles/FPGA/main_codes/testbench/AXI_protocol_check/axi4lite_protocol_checker.sv:411]
WARNING: [VRFC 10-5021] port 'user_i' is not connected on this instance [/home/luxyxp/Documents/mainfiles/asic_rtl/patched/cv32e40p_obi_to_axi_wrapper_asic.sv:223]
WARNING: [VRFC 10-5021] port 'user_i' is not connected on this instance [/home/luxyxp/Documents/mainfiles/asic_rtl/patched/cv32e40p_obi_to_axi_wrapper_asic.sv:246]
Completed static elaboration
Starting simulation data flow analysis
WARNING: [XSIM 43-4099] "/home/luxyxp/Documents/mainfiles/FPGA/main_codes/rtl/desgin_sources/CPU/bizim_kodlar/obi_req_rsp_ports.sv" Line 3. Module obi_port_pkg doesn't have a timescale but at least one module in design has a timescale.
WARNING: [XSIM 43-4099] "/home/luxyxp/Documents/mainfiles/FPGA/main_codes/rtl/desgin_sources/CPU/openhw_obi_to_axi/obi_pkg.sv" Line 7. Module obi_pkg doesn't have a timescale but at least one module in design has a timescale.
WARNING: [XSIM 43-4099] "/home/luxyxp/Documents/mainfiles/FPGA/main_codes/rtl/desgin_sources/CPU/cv32e40p_rtl/vendor/pulp_platform_common_cells/src/cf_math_pkg.sv" Line 18. Module cf_math_pkg doesn't have a timescale but at least one module in design has a timescale.
WARNING: [XSIM 43-4099] "/home/luxyxp/Documents/mainfiles/FPGA/main_codes/rtl/desgin_sources/CPU/bizim_kodlar/axi_req_rsp_ports.sv" Line 3. Module axi_port_pkg doesn't have a timescale but at least one module in design has a timescale.
WARNING: [XSIM 43-4099] "/home/luxyxp/Documents/mainfiles/FPGA/main_codes/rtl/desgin_sources/CPU/openhw_obi_to_axi/axi_pkg.sv" Line 23. Module axi_pkg doesn't have a timescale but at least one module in design has a timescale.
WARNING: [XSIM 43-4099] "/home/luxyxp/Documents/mainfiles/FPGA/main_codes/rtl/desgin_sources/CPU/cv32e40p_rtl/include/cv32e40p_apu_core_pkg.sv" Line 22. Module cv32e40p_apu_core_pkg doesn't have a timescale but at least one module in design has a timescale.
WARNING: [XSIM 43-4099] "/home/luxyxp/Documents/mainfiles/FPGA/main_codes/rtl/desgin_sources/CPU/cv32e40p_rtl/include/cv32e40p_pkg.sv" Line 26. Module cv32e40p_pkg doesn't have a timescale but at least one module in design has a timescale.
WARNING: [XSIM 43-4099] "/home/luxyxp/Documents/mainfiles/FPGA/main_codes/rtl/desgin_sources/CPU/cv32e40p_rtl/include/cv32e40p_fpu_pkg.sv" Line 38. Module cv32e40p_fpu_pkg doesn't have a timescale but at least one module in design has a timescale.
WARNING: [XSIM 43-4099] "/usr/asic_flow/pdk/ciel/sky130/versions/8afc8346a57fe1ab7934ba5a6056ea8b43078e71/sky130A/libs.ref/sky130_sram_macros/verilog/sky130_sram_2kbyte_1rw1r_32x512_8.v" Line 6. Module sky130_sram_2kbyte_1rw1r_32x512_8(VERBOSE=0) doesn't have a timescale but at least one module in design has a timescale.
WARNING: [XSIM 43-4099] "/usr/asic_flow/pdk/ciel/sky130/versions/8afc8346a57fe1ab7934ba5a6056ea8b43078e71/sky130A/libs.ref/sky130_sram_macros/verilog/sky130_sram_2kbyte_1rw1r_32x512_8.v" Line 6. Module sky130_sram_2kbyte_1rw1r_32x512_8(VERBOSE=0) doesn't have a timescale but at least one module in design has a timescale.
WARNING: [XSIM 43-4099] "/home/luxyxp/Documents/mainfiles/asic_rtl/patched/instr_bram_axi_ctrl_asic.sv" Line 28. Module instr_bram_axi_ctrl(ADDR_WIDTH=11) doesn't have a timescale but at least one module in design has a timescale.
WARNING: [XSIM 43-4099] "/usr/asic_flow/pdk/ciel/sky130/versions/8afc8346a57fe1ab7934ba5a6056ea8b43078e71/sky130A/libs.ref/sky130_sram_macros/verilog/sky130_sram_2kbyte_1rw1r_32x512_8.v" Line 6. Module sky130_sram_2kbyte_1rw1r_32x512_8(VERBOSE=0) doesn't have a timescale but at least one module in design has a timescale.
WARNING: [XSIM 43-4099] "/usr/asic_flow/pdk/ciel/sky130/versions/8afc8346a57fe1ab7934ba5a6056ea8b43078e71/sky130A/libs.ref/sky130_sram_macros/verilog/sky130_sram_2kbyte_1rw1r_32x512_8.v" Line 6. Module sky130_sram_2kbyte_1rw1r_32x512_8(VERBOSE=0) doesn't have a timescale but at least one module in design has a timescale.
WARNING: [XSIM 43-4099] "/usr/asic_flow/pdk/ciel/sky130/versions/8afc8346a57fe1ab7934ba5a6056ea8b43078e71/sky130A/libs.ref/sky130_sram_macros/verilog/sky130_sram_2kbyte_1rw1r_32x512_8.v" Line 6. Module sky130_sram_2kbyte_1rw1r_32x512_8(VERBOSE=0) doesn't have a timescale but at least one module in design has a timescale.
WARNING: [XSIM 43-4099] "/usr/asic_flow/pdk/ciel/sky130/versions/8afc8346a57fe1ab7934ba5a6056ea8b43078e71/sky130A/libs.ref/sky130_sram_macros/verilog/sky130_sram_2kbyte_1rw1r_32x512_8.v" Line 6. Module sky130_sram_2kbyte_1rw1r_32x512_8(VERBOSE=0) doesn't have a timescale but at least one module in design has a timescale.
WARNING: [XSIM 43-4099] "/usr/asic_flow/pdk/ciel/sky130/versions/8afc8346a57fe1ab7934ba5a6056ea8b43078e71/sky130A/libs.ref/sky130_sram_macros/verilog/sky130_sram_2kbyte_1rw1r_32x512_8.v" Line 6. Module sky130_sram_2kbyte_1rw1r_32x512_8(VERBOSE=0) doesn't have a timescale but at least one module in design has a timescale.
WARNING: [XSIM 43-4099] "/usr/asic_flow/pdk/ciel/sky130/versions/8afc8346a57fe1ab7934ba5a6056ea8b43078e71/sky130A/libs.ref/sky130_sram_macros/verilog/sky130_sram_2kbyte_1rw1r_32x512_8.v" Line 6. Module sky130_sram_2kbyte_1rw1r_32x512_8(VERBOSE=0) doesn't have a timescale but at least one module in design has a timescale.
WARNING: [XSIM 43-4099] "/usr/asic_flow/pdk/ciel/sky130/versions/8afc8346a57fe1ab7934ba5a6056ea8b43078e71/sky130A/libs.ref/sky130_sram_macros/verilog/sky130_sram_2kbyte_1rw1r_32x512_8.v" Line 6. Module sky130_sram_2kbyte_1rw1r_32x512_8(VERBOSE=0) doesn't have a timescale but at least one module in design has a timescale.
WARNING: [XSIM 43-4099] "/usr/asic_flow/pdk/ciel/sky130/versions/8afc8346a57fe1ab7934ba5a6056ea8b43078e71/sky130A/libs.ref/sky130_sram_macros/verilog/sky130_sram_2kbyte_1rw1r_32x512_8.v" Line 6. Module sky130_sram_2kbyte_1rw1r_32x512_8(VERBOSE=0) doesn't have a timescale but at least one module in design has a timescale.
WARNING: [XSIM 43-4099] "/usr/asic_flow/pdk/ciel/sky130/versions/8afc8346a57fe1ab7934ba5a6056ea8b43078e71/sky130A/libs.ref/sky130_sram_macros/verilog/sky130_sram_1kbyte_1rw1r_32x256_8.v" Line 6. Module sky130_sram_1kbyte_1rw1r_32x256_8(VERBOSE=0) doesn't have a timescale but at least one module in design has a timescale.
WARNING: [XSIM 43-4099] "/home/luxyxp/Documents/mainfiles/asic_rtl/patched/data_bram_axi_ctrl_asic.sv" Line 21. Module data_bram_axi_ctrl doesn't have a timescale but at least one module in design has a timescale.
WARNING: [XSIM 43-4099] "/usr/asic_flow/pdk/ciel/sky130/versions/8afc8346a57fe1ab7934ba5a6056ea8b43078e71/sky130A/libs.ref/sky130_sram_macros/verilog/sky130_sram_2kbyte_1rw1r_32x512_8.v" Line 6. Module sky130_sram_2kbyte_1rw1r_32x512_8(VERBOSE=0) doesn't have a timescale but at least one module in design has a timescale.
WARNING: [XSIM 43-4099] "/usr/asic_flow/pdk/ciel/sky130/versions/8afc8346a57fe1ab7934ba5a6056ea8b43078e71/sky130A/libs.ref/sky130_sram_macros/verilog/sky130_sram_2kbyte_1rw1r_32x512_8.v" Line 6. Module sky130_sram_2kbyte_1rw1r_32x512_8(VERBOSE=0) doesn't have a timescale but at least one module in design has a timescale.
WARNING: [XSIM 43-4099] "/usr/asic_flow/pdk/ciel/sky130/versions/8afc8346a57fe1ab7934ba5a6056ea8b43078e71/sky130A/libs.ref/sky130_sram_macros/verilog/sky130_sram_2kbyte_1rw1r_32x512_8.v" Line 6. Module sky130_sram_2kbyte_1rw1r_32x512_8(VERBOSE=0) doesn't have a timescale but at least one module in design has a timescale.
WARNING: [XSIM 43-4099] "/usr/asic_flow/pdk/ciel/sky130/versions/8afc8346a57fe1ab7934ba5a6056ea8b43078e71/sky130A/libs.ref/sky130_sram_macros/verilog/sky130_sram_2kbyte_1rw1r_32x512_8.v" Line 6. Module sky130_sram_2kbyte_1rw1r_32x512_8(VERBOSE=0) doesn't have a timescale but at least one module in design has a timescale.
WARNING: [XSIM 43-4099] "/home/luxyxp/Documents/mainfiles/asic_rtl/patched/cv32e40p_obi_to_axi_wrapper_asic.sv" Line 24. Module cv32e40p_obi_to_axi_wrapper(dm_halt_addr=32'b0101111000000000000000000000000) doesn't have a timescale but at least one module in design has a timescale.
WARNING: [XSIM 43-4099] "/home/luxyxp/Documents/mainfiles/asic_rtl/patched/obi_to_axi_asic.sv" Line 37. Module obi_to_axi(ObiCfg='{1'b0,1'b0,32'b0100000,32'b0100000,32'b01,1'b0,1'b1,'{1'b0,1'b0,1'b0,1'b0,32'b0,32'b0,32'b0,32'b0,32'b0,32'b0}},obi_req_t=kyber_obi_req_t_obi_port_pkg,obi_rsp_t=kyber_obi_rsp_t_obi_port_pkg,axi_req_t=kyber_axi_req_t_axi_port_pkg,axi_rsp_t=kyber_axi_resp_t_axi_port_pkg,MaxRequests=32'b0100) doesn't have a timescale but at least one module in design has a timescale.
WARNING: [XSIM 43-4099] "/home/luxyxp/Documents/mainfiles/asic_rtl/patched/obi_to_axi_asic.sv" Line 37. Module obi_to_axi(ObiCfg='{1'b0,1'b0,32'b0100000,32'b0100000,32'b01,1'b0,1'b1,'{1'b0,1'b0,1'b0,1'b0,32'b0,32'b0,32'b0,32'b0,32'b0,32'b0}},obi_req_t=kyber_obi_req_t_obi_port_pkg,obi_rsp_t=kyber_obi_rsp_t_obi_port_pkg,axi_req_t=kyber_axi_req_t_axi_port_pkg,axi_rsp_t=kyber_axi_resp_t_axi_port_pkg,MaxRequests=32'b0100) doesn't have a timescale but at least one module in design has a timescale.
WARNING: [XSIM 43-4099] "/home/luxyxp/Documents/mainfiles/asic_rtl/patched/Timer_AXI4_Lite_asic.sv" Line 18. Module Timer_AXI4_Lite doesn't have a timescale but at least one module in design has a timescale.
WARNING: [XSIM 43-4099] "/home/luxyxp/Documents/mainfiles/asic_rtl/patched/UART_GU_AXI4_Lite_asic.sv" Line 18. Module UART_GU_AXI4_Lite doesn't have a timescale but at least one module in design has a timescale.
WARNING: [XSIM 43-4099] "/home/luxyxp/Documents/mainfiles/asic_rtl/patched/UART_YZ_AXI4_Lite_asic.sv" Line 18. Module UART_YZ_AXI4_Lite doesn't have a timescale but at least one module in design has a timescale.
WARNING: [XSIM 43-4099] "/home/luxyxp/Documents/mainfiles/asic_rtl/patched/I2C_Master_AXI4_Lite_asic.sv" Line 26. Module I2C_Master_AXI4_Lite(CLK_FREQ_HZ=28000000) doesn't have a timescale but at least one module in design has a timescale.
WARNING: [XSIM 43-4099] "/home/luxyxp/Documents/mainfiles/asic_rtl/patched/GPIO_AXI4_Lite_asic.sv" Line 18. Module GPIO_AXI4_Lite doesn't have a timescale but at least one module in design has a timescale.
WARNING: [XSIM 43-4099] "/home/luxyxp/Documents/mainfiles/asic_rtl/patched/QSPI_Master_AXI4_Lite_asic.sv" Line 47. Module QSPI_Master_AXI4_Lite doesn't have a timescale but at least one module in design has a timescale.
WARNING: [XSIM 43-4328] File: /home/luxyxp/Documents/mainfiles/asic/run/sim/yz/ai_accel_test_fast_uart.sv Line: 250 : Sensitivity on input argument "idx" of task "run_inference" may never get triggered.
Completed simulation data flow analysis
Time Resolution for simulation is 1ps
Compiling package work.axi_chk_pkg
Compiling package work.obi_port_pkg
Compiling package work.obi_pkg
Compiling package work.cf_math_pkg
Compiling package work.axi_port_pkg
Compiling package work.axi_pkg
Compiling package work.cv32e40p_apu_core_pkg
Compiling package work.cv32e40p_pkg
Compiling package work.cv32e40p_fpu_pkg
Compiling module work.weights_rom_p8
Compiling module work.fc_weights_rom_p4
Compiling module work.sky130_sram_2kbyte_1rw1r_32x512_...
Compiling module work.sram32_cell(INIT_ZERO=1'b1)
Compiling module work.sram32_bank(NBANK2K=2,WAW=10,INI...
Compiling module work.sram8_bank(NBANK2K=2,AW=12,INIT_...
Compiling module work.conv_buf_ram
Compiling module work.conv_accelerator_default
Compiling module work.axi4lite_protocol_checker(NAME="...
Compiling module work.yz_csr_wrapper
Compiling module work.boot_rom(ADDR_WIDTH=8,INIT_FILE=...
Compiling module work.axi4lite_protocol_checker(NAME="...
Compiling module work.axi4lite_protocol_checker(NAME="...
Compiling module work.boot_rom_axi_ctrl(ADDR_WIDTH=8,I...
Compiling module work.axi_read_arbiter2
Compiling module work.sram32_bank(INIT_ZERO=1'b1)
Compiling module work.bram_instr(ADDR_WIDTH=11)
Compiling module work.axi4lite_protocol_checker(NAME="...
Compiling module work.instr_bram_axi_ctrl(ADDR_WIDTH=1...
Compiling module work.sram32_cell
Compiling module work.sky130_sram_1kbyte_1rw1r_32x256_...
Compiling module work.sram32_cell_1k
Compiling module work.sram32_bank(HAS_1K=1,WAW=12,RD_C...
Compiling module work.sram8_bank(HAS_1K=1,RD_COLLISION...
Compiling module work.bram_yz
Compiling module work.yz_acclrtr_bram_axi_ctrl
Compiling module work.sram32_bank_default
Compiling module work.bram_data(ADDR_WIDTH=11)
Compiling module work.axi4lite_protocol_checker(NAME="...
Compiling module work.data_bram_axi_ctrl
Compiling module work.cv32e40p_clock_gate
Compiling module work.cv32e40p_sleep_unit_default
Compiling module work.cv32e40p_prefetch_controller(COR...
Compiling module work.cv32e40p_fifo(DEPTH=32'b010)
Compiling module work.cv32e40p_obi_interface_default
Compiling module work.cv32e40p_prefetch_buffer(COREV_P...
Compiling module work.cv32e40p_aligner
Compiling module work.cv32e40p_compressed_decoder
Compiling module work.cv32e40p_if_stage
Compiling module work.cv32e40p_register_file(ADDR_WIDT...
Compiling module work.cv32e40p_decoder(COREV_PULP=0)
Compiling module work.cv32e40p_controller_default
Compiling module work.cv32e40p_int_controller_default
Compiling module work.cv32e40p_id_stage(COREV_PULP=0)
Compiling module work.cv32e40p_popcnt
Compiling module work.cv32e40p_ff_one_default
Compiling module work.cv32e40p_alu_div_default
Compiling module work.cv32e40p_alu
Compiling module work.cv32e40p_mult
Compiling module work.cv32e40p_ex_stage_default
Compiling module work.cv32e40p_obi_interface(TRANS_STA...
Compiling module work.cv32e40p_load_store_unit_default
Compiling module work.cv32e40p_cs_registers_default
Compiling module work.cv32e40p_core_default
Compiling module work.cv32e40p_top_default
Compiling module work.fifo_v3(DEPTH=32'b0100,dtype=log...
Compiling module work.fifo_v3(DEPTH=32'b0100,dtype=log...
Compiling module work.obi_to_axi(ObiCfg='{1'b0,1'b0,32...
Compiling module work.axi4lite_protocol_checker(NAME="...
Compiling module work.axi4lite_protocol_checker(NAME="...
Compiling module work.cv32e40p_obi_to_axi_wrapper(dm_h...
Compiling module work.axi4lite_protocol_checker(NAME="...
Compiling module work.AXI4_Interconnect
Compiling module work.axi4lite_protocol_checker(NAME="...
Compiling module work.Timer_AXI4_Lite
Compiling module work.uart_mux
Compiling module work.axi4lite_protocol_checker(NAME="...
Compiling module work.UART_GU_AXI4_Lite
Compiling module work.axi4lite_protocol_checker(NAME="...
Compiling module work.UART_YZ_AXI4_Lite
Compiling module work.IOBUF
Compiling module work.axi4lite_protocol_checker(NAME="...
Compiling module work.I2C_Master_AXI4_Lite(CLK_FREQ_HZ...
Compiling module work.axi4lite_protocol_checker(NAME="...
Compiling module work.GPIO_AXI4_Lite
Compiling module work.axi4lite_protocol_checker(NAME="...
Compiling module work.QSPI_Master_AXI4_Lite
Compiling module work.Instr_Splitter
Compiling module work.axi4lite_protocol_checker(NAME="...
Compiling module work.top_module(INIT_FILE_boot="sim_a...
Compiling module work.ai_accel_test
Built simulation snapshot sim_top
