
****** xsim v2025.2 (64-bit)
  **** SW Build 6299465 on Fri Nov 14 12:34:56 MST 2025
  **** IP Build 6300035 on Fri Nov 14 10:48:45 MST 2025
  **** SharedData Build 6298862 on Thu Nov 13 04:50:51 MST 2025
  **** Start of session at: Sat Sep  5 23:06:01 2026
    ** Copyright 1986-2022 Xilinx, Inc. All Rights Reserved.
    ** Copyright 2022-2025 Advanced Micro Devices, Inc. All Rights Reserved.

source xsim.dir/sim_top/xsim_script.tcl
# xsim {sim_top} -autoloadwcfg -runall
Time resolution is 1 ps
run -all
======================================================================
   YZ HIZLANDIRICI SISTEM SEVIYESI TESTI
   Sartname madde 5.2-3 ve 5.2-4 (zorunlu)
   Saat: 50 MHz  |  UART: 16 clk/bit (ASIC_SIM hizli mod)
======================================================================
WARNING: 0ns : none of the conditions were true for unique case from File:/home/luxyxp/Documents/mainfiles/FPGA/main_codes/rtl/desgin_sources/CPU/cv32e40p_rtl/cv32e40p_load_store_unit.sv:419
WARNING: 0ns : none of the conditions were true for unique case from File:/home/luxyxp/Documents/mainfiles/FPGA/main_codes/rtl/desgin_sources/CPU/cv32e40p_rtl/cv32e40p_load_store_unit.sv:419
[TB] t=1810000  CPU boot tamam, UART_YZ_CPB=243
[TB] ASIC_SIM: UART 243 -> 16 clk/bit hizlandiriliyor

======================================================================
 TEST 1/3 : EVET   (input_data_yes.hex)
======================================================================
[TB] 1960 bayt gonderiliyor...
[TB]   500/1960 bayt
[TB]   1000/1960 bayt
[TB]   1500/1960 bayt
[P2] t=6273970000  LOAD_DONE (addr_cnt=0)
[TB] Gonderim tamam, cikarim bekleniyor...
[P3] t=6275550000  ACCEL START
[P4] t=7205930000  ACCEL DONE, sinif=2
[P5] t=7205930000  INFER_IRQ -> CPU
[P6] FC_SCORES: [0]=-58032 [1]=21583 [2]=48674 [3]=-4777
[PERF] EVET: cikarim gecikmesi = 46519 cevrim  |  @50 MHz = 930.4 us  |  1074.8 cikarim/s
[GECTI] EVET: sinif=2, GPIO_ODR=7, 46519 cevrim

======================================================================
 TEST 2/3 : HAYIR   (input_data_no.hex)
======================================================================
[TB] 1960 bayt gonderiliyor...
[TB]   500/1960 bayt
[TB]   1000/1960 bayt
[TB]   1500/1960 bayt
[P2] t=13482090000  LOAD_DONE (addr_cnt=0)
[TB] Gonderim tamam, cikarim bekleniyor...
[P3] t=13483770000  ACCEL START
[P4] t=14414150000  ACCEL DONE, sinif=3
[P5] t=14414150000  INFER_IRQ -> CPU
[P6] FC_SCORES: [0]=-30588 [1]=7509 [2]=7419 [3]=18543
[PERF] HAYIR: cikarim gecikmesi = 46519 cevrim  |  @50 MHz = 930.4 us  |  1074.8 cikarim/s
[GECTI] HAYIR: sinif=3, GPIO_ODR=8, 46519 cevrim

======================================================================
 TEST 3/3 : SESSIZLIK   (input_data_sessizlik.hex)
======================================================================
[TB] 1960 bayt gonderiliyor...
[TB]   500/1960 bayt
[TB]   1000/1960 bayt
[TB]   1500/1960 bayt
[P2] t=20690310000  LOAD_DONE (addr_cnt=0)
[TB] Gonderim tamam, cikarim bekleniyor...
[P3] t=20691990000  ACCEL START
[P4] t=21622370000  ACCEL DONE, sinif=0
[P5] t=21622370000  INFER_IRQ -> CPU
[P6] FC_SCORES: [0]=427 [1]=-518 [2]=-94 [3]=186
[PERF] SESSIZLIK: cikarim gecikmesi = 46519 cevrim  |  @50 MHz = 930.4 us  |  1074.8 cikarim/s
[GECTI] SESSIZLIK: sinif=0, GPIO_ODR=9, 46519 cevrim

======================================================================
   YZ HIZLANDIRICI TEST OZETI
======================================================================
   Gecen : 3 / 3
   Kalan : 0 / 3
   Ortalama cikarim gecikmesi: 46519 cevrim
======================================================================

======================================================================
            AXI4-LITE PROTOKOL KONTROL OZETI
======================================================================
  Izlenen AXI arayuzu sayisi : 15
  Protokol ihlali            : 0
  Uyari (stall/watchdog)     : 0
  SONUC                      : GECTI  (0 ihlal)
======================================================================

[TB] >>> YZ HIZLANDIRICI TESTI: BASARILI <<<
[AXI-CHK]       YZ_ACCEL | AW=5 W=5 B=5 AR=3 R=3 | ihlal=0 uyari=0
[AXI-CHK] BOOTROM_CPU | FIN_02 BILGI: 1 okuma cevapsiz -- 1 reset ve outstanding limiti (1) ile aciklanabilir, protokol ihlali DEGIL
[AXI-CHK]    BOOTROM_CPU | AW=0 W=0 B=0 AR=360424 R=360423 | ihlal=0 uyari=0
[AXI-CHK]    BOOTROM_ICN | AW=0 W=0 B=0 AR=0 R=0 | ihlal=0 uyari=0
[AXI-CHK]      INSTR_RAM | *** TRAFIK YOK -- bu arayuz HIC test edilmedi ***
[AXI-CHK]      INSTR_RAM | AW=0 W=0 B=0 AR=0 R=0 | ihlal=0 uyari=0
[AXI-CHK]       DATA_RAM | AW=108 W=108 B=108 AR=90 R=90 | ihlal=0 uyari=0
[AXI-CHK] CPU_INSTR_M | FIN_02 BILGI: 1 okuma cevapsiz -- 1 reset ve outstanding limiti (2) ile aciklanabilir, protokol ihlali DEGIL
[AXI-CHK]    CPU_INSTR_M | AW=0 W=0 B=0 AR=360424 R=360423 | ihlal=0 uyari=0
[AXI-CHK]     CPU_DATA_M | AW=200 W=200 B=200 AR=5136 R=5136 | ihlal=0 uyari=0
[AXI-CHK]         ICN_S0 | AW=200 W=200 B=200 AR=5136 R=5136 | ihlal=0 uyari=0
[AXI-CHK]          TIMER | *** TRAFIK YOK -- bu arayuz HIC test edilmedi ***
[AXI-CHK]          TIMER | AW=0 W=0 B=0 AR=0 R=0 | ihlal=0 uyari=0
[AXI-CHK]        UART_GU | AW=79 W=79 B=79 AR=5043 R=5043 | ihlal=0 uyari=0
[AXI-CHK]        UART_YZ | AW=2 W=2 B=2 AR=0 R=0 | ihlal=0 uyari=0
[AXI-CHK]            I2C | *** TRAFIK YOK -- bu arayuz HIC test edilmedi ***
[AXI-CHK]            I2C | AW=0 W=0 B=0 AR=0 R=0 | ihlal=0 uyari=0
[AXI-CHK]           GPIO | AW=6 W=6 B=6 AR=0 R=0 | ihlal=0 uyari=0
[AXI-CHK]           QSPI | *** TRAFIK YOK -- bu arayuz HIC test edilmedi ***
[AXI-CHK]           QSPI | AW=0 W=0 B=0 AR=0 R=0 | ihlal=0 uyari=0
[AXI-CHK] SPLITTER_S | FIN_02 BILGI: 1 okuma cevapsiz -- 1 reset ve outstanding limiti (2) ile aciklanabilir, protokol ihlali DEGIL
[AXI-CHK]     SPLITTER_S | AW=0 W=0 B=0 AR=360424 R=360423 | ihlal=0 uyari=0
$finish called at time : 21628370 ns : File "/home/luxyxp/Documents/mainfiles/asic/run/sim/yz/ai_accel_test_fast_uart.sv" Line 404
run: Time (s): cpu = 00:00:00.02 ; elapsed = 00:02:18 . Memory (MB): peak = 1368.434 ; gain = 0.000 ; free physical = 3999 ; free virtual = 19581
exit
INFO: xsimkernel Simulation Memory Usage: 292364 KB (Peak: 344952 KB), Simulation CPU Usage: 138420 ms
INFO: [Common 17-206] Exiting xsim at Sat Sep  5 23:08:21 2026...
