
===========================================================================
 report_power
============================================================================
======================= max_ss_100C_1v60 Corner ===================================

Group                    Internal    Switching      Leakage        Total
                            Power        Power        Power        Power (Watts)
------------------------------------------------------------------------
Sequential           8.007539e-03 1.349758e-06 1.560169e-04 8.164905e-03  21.2%
Combinational        1.243996e-05 1.512571e-05 8.724354e-04 9.000011e-04   2.3%
Clock                2.221091e-03 4.204343e-03 1.284479e-05 6.438279e-03  16.7%
Macro                2.272560e-02 0.000000e+00 2.576800e-04 2.298328e-02  59.7%
Pad                  0.000000e+00 0.000000e+00 0.000000e+00 0.000000e+00   0.0%
------------------------------------------------------------------------
Total                3.296667e-02 4.220820e-03 1.298732e-03 3.848622e-02 100.0%
                            85.7%        11.0%         3.4%

