
===========================================================================
 report_power
============================================================================
======================= min_tt_025C_1v80 Corner ===================================

Group                    Internal    Switching      Leakage        Total
                            Power        Power        Power        Power (Watts)
------------------------------------------------------------------------
Sequential           1.044164e-02 1.532643e-06 9.587848e-08 1.044327e-02  25.4%
Combinational        1.529497e-05 1.707112e-05 6.409191e-07 3.300702e-05   0.1%
Clock                2.726827e-03 4.892860e-03 4.216535e-07 7.620108e-03  18.5%
Macro                2.272560e-02 0.000000e+00 2.576800e-04 2.298328e-02  55.9%
Pad                  0.000000e+00 0.000000e+00 0.000000e+00 0.000000e+00   0.0%
------------------------------------------------------------------------
Total                3.590936e-02 4.911462e-03 2.586638e-04 4.107949e-02 100.0%
                            87.4%        12.0%         0.6%

