Clock: clk_i
Sources: clk_i 
Generated: no
Virtual: yes
Propagated: no
Period: 35.714283

===========================================================================
report_clock_properties
============================================================================
Clock                   Period          Waveform
----------------------------------------------------
clk_i                35.714283    0.000000 17.857141

===========================================================================
report_clock_latency
============================================================================
Clock clk_i
rise -> rise
    min     max
0.000000 0.000000 source latency
2.689870         network latency conv_accelerator_inst.u_conv_buf_ram.u_mem.u_mem.g_2k[1].u_cell.u_sram/clk1
        4.515565 network latency _129540_/CLK
---------------
2.689870 4.515565 latency
        1.825696 skew

fall -> fall
    min     max
0.000000 0.000000 source latency
2.554232         network latency conv_accelerator_inst.u_conv_buf_ram.u_mem.u_mem.g_2k[1].u_cell.u_sram/clk0
        4.225582 network latency _129540_/CLK
---------------
2.554232 4.225582 latency
        1.671349 skew



===========================================================================
report_clock_min_period
============================================================================
clk_i period_min = 17.73 fmax = 56.39
