
===========================================================================
 report_power
============================================================================
======================= max_tt_025C_1v80 Corner ===================================

Group                    Internal    Switching      Leakage        Total
                            Power        Power        Power        Power (Watts)
------------------------------------------------------------------------
Sequential           1.044402e-02 1.719528e-06 9.587848e-08 1.044584e-02  25.1%
Combinational        1.532512e-05 1.922197e-05 6.409191e-07 3.518800e-05   0.1%
Clock                2.727250e-03 5.430638e-03 4.216535e-07 8.158309e-03  19.6%
Macro                2.272560e-02 0.000000e+00 2.576800e-04 2.298328e-02  55.2%
Pad                  0.000000e+00 0.000000e+00 0.000000e+00 0.000000e+00   0.0%
------------------------------------------------------------------------
Total                3.591218e-02 5.451581e-03 2.586638e-04 4.162243e-02 100.0%
                            86.3%        13.1%         0.6%

