
===========================================================================
 report_power
============================================================================
======================= min_ss_100C_1v60 Corner ===================================

Group                    Internal    Switching      Leakage        Total
                            Power        Power        Power        Power (Watts)
------------------------------------------------------------------------
Sequential           8.010086e-03 1.202097e-06 1.560169e-04 8.167305e-03  21.5%
Combinational        1.241884e-05 1.342627e-05 8.724354e-04 8.982805e-04   2.4%
Clock                2.222296e-03 3.779429e-03 1.284479e-05 6.014570e-03  15.8%
Macro                2.272560e-02 0.000000e+00 2.576800e-04 2.298328e-02  60.4%
Pad                  0.000000e+00 0.000000e+00 0.000000e+00 0.000000e+00   0.0%
------------------------------------------------------------------------
Total                3.297042e-02 3.794058e-03 1.298732e-03 3.806321e-02 100.0%
                            86.6%        10.0%         3.4%

