
===========================================================================
 report_power
============================================================================
======================= min_ss_100C_1v60 Corner ===================================

Group                    Internal    Switching      Leakage        Total
                            Power        Power        Power        Power (Watts)
------------------------------------------------------------------------
Sequential           8.010135e-03 1.200100e-06 1.560169e-04 8.167353e-03  21.5%
Combinational        1.247245e-05 1.341354e-05 8.722253e-04 8.981113e-04   2.4%
Clock                2.222349e-03 3.780894e-03 1.284443e-05 6.016087e-03  15.8%
Macro                2.272560e-02 0.000000e+00 2.576800e-04 2.298328e-02  60.4%
Pad                  0.000000e+00 0.000000e+00 0.000000e+00 0.000000e+00   0.0%
------------------------------------------------------------------------
Total                3.297057e-02 3.795508e-03 1.298525e-03 3.806460e-02 100.0%
                            86.6%        10.0%         3.4%

